Running 1m test @ http://172.18.0.2:8080/work?delay_us=5000
  4 threads and 1024 connections
  Thread calibration: mean lat.: 7.192ms, rate sampling interval: 16ms
  Thread calibration: mean lat.: 7.201ms, rate sampling interval: 16ms
  Thread calibration: mean lat.: 7.414ms, rate sampling interval: 17ms
  Thread calibration: mean lat.: 7.219ms, rate sampling interval: 16ms
  Thread Stats   Avg      Stdev     Max   +/- Stdev
    Latency     7.18ms    1.40ms  56.16ms   88.42%
    Req/Sec     5.17k     2.37k   19.47k    79.79%
  Latency Distribution (HdrHistogram - Recorded Latency)
 50.000%    7.06ms
 75.000%    7.72ms
 90.000%    8.29ms
 99.000%   10.13ms
 99.900%   19.82ms
 99.990%   51.55ms
 99.999%   55.04ms
100.000%   56.19ms

  Detailed Percentile spectrum:
       Value   Percentile   TotalCount 1/(1-Percentile)

       5.103     0.000000            1         1.00
       5.983     0.100000       117650         1.11
       6.327     0.200000       235100         1.25
       6.587     0.300000       352935         1.43
       6.823     0.400000       470186         1.67
       7.059     0.500000       588243         2.00
       7.179     0.550000       647649         2.22
       7.299     0.600000       704807         2.50
       7.431     0.650000       764873         2.86
       7.567     0.700000       822104         3.33
       7.719     0.750000       881729         4.00
       7.799     0.775000       911104         4.44
       7.883     0.800000       940610         5.00
       7.967     0.825000       968875         5.71
       8.063     0.850000       998838         6.67
       8.163     0.875000      1027857         8.00
       8.223     0.887500      1043653         8.89
       8.287     0.900000      1058294        10.00
       8.359     0.912500      1072784        11.43
       8.447     0.925000      1087393        13.33
       8.551     0.937500      1101449        16.00
       8.615     0.943750      1108425        17.78
       8.695     0.950000      1115865        20.00
       8.791     0.956250      1123244        22.86
       8.903     0.962500      1130330        26.67
       9.047     0.968750      1137829        32.00
       9.127     0.971875      1141385        35.56
       9.223     0.975000      1145300        40.00
       9.327     0.978125      1148923        45.71
       9.447     0.981250      1152399        53.33
       9.615     0.984375      1156088        64.00
       9.719     0.985938      1157942        71.11
       9.855     0.987500      1159780        80.00
      10.015     0.989062      1161528        91.43
      10.231     0.990625      1163364       106.67
      10.543     0.992188      1165191       128.00
      10.783     0.992969      1166116       142.22
      11.135     0.993750      1167038       160.00
      11.695     0.994531      1167949       182.86
      12.655     0.995313      1168861       213.33
      13.887     0.996094      1169778       256.00
      14.503     0.996484      1170237       284.44
      15.207     0.996875      1170702       320.00
      15.847     0.997266      1171157       365.71
      16.479     0.997656      1171617       426.67
      17.087     0.998047      1172073       512.00
      17.439     0.998242      1172315       568.89
      17.839     0.998437      1172534       640.00
      18.399     0.998633      1172765       731.43
      19.007     0.998828      1172992       853.33
      20.031     0.999023      1173221      1024.00
      20.959     0.999121      1173333      1137.78
      23.103     0.999219      1173448      1280.00
      26.591     0.999316      1173563      1462.86
      28.687     0.999414      1173678      1706.67
      31.519     0.999512      1173793      2048.00
      33.087     0.999561      1173849      2275.56
      34.847     0.999609      1173907      2560.00
      36.639     0.999658      1173965      2925.71
      39.327     0.999707      1174021      3413.33
      43.551     0.999756      1174080      4096.00
      44.831     0.999780      1174108      4551.11
      46.559     0.999805      1174136      5120.00
      48.031     0.999829      1174165      5851.43
      49.439     0.999854      1174193      6826.67
      50.559     0.999878      1174223      8192.00
      51.167     0.999890      1174236      9102.22
      51.711     0.999902      1174253     10240.00
      52.127     0.999915      1174266     11702.86
      52.799     0.999927      1174279     13653.33
      53.119     0.999939      1174294     16384.00
      53.471     0.999945      1174301     18204.44
      53.695     0.999951      1174308     20480.00
      53.951     0.999957      1174316     23405.71
      54.111     0.999963      1174322     27306.67
      54.399     0.999969      1174331     32768.00
      54.463     0.999973      1174336     36408.89
      54.527     0.999976      1174337     40960.00
      54.591     0.999979      1174341     46811.43
      54.719     0.999982      1174344     54613.33
      54.847     0.999985      1174348     65536.00
      54.911     0.999986      1174350     72817.78
      54.975     0.999988      1174351     81920.00
      55.039     0.999989      1174353     93622.86
      55.391     0.999991      1174355    109226.67
      55.551     0.999992      1174358    131072.00
      55.551     0.999993      1174358    145635.56
      55.551     0.999994      1174358    163840.00
      55.647     0.999995      1174359    187245.71
      55.679     0.999995      1174360    218453.33
      55.711     0.999996      1174361    262144.00
      55.711     0.999997      1174361    291271.11
      55.775     0.999997      1174362    327680.00
      55.775     0.999997      1174362    374491.43
      55.807     0.999998      1174363    436906.67
      55.807     0.999998      1174363    524288.00
      55.807     0.999998      1174363    582542.22
      56.127     0.999998      1174364    655360.00
      56.127     0.999999      1174364    748982.86
      56.127     0.999999      1174364    873813.33
      56.127     0.999999      1174364   1048576.00
      56.127     0.999999      1174364   1165084.44
      56.191     0.999999      1174365   1310720.00
      56.191     1.000000      1174365          inf
#[Mean    =        7.178, StdDeviation   =        1.395]
#[Max     =       56.160, Total count    =      1174365]
#[Buckets =           27, SubBuckets     =         2048]
----------------------------------------------------------
  1385621 requests in 1.17m, 1.46GB read
Requests/sec:  19794.13
Transfer/sec:     21.41MB
