Running 1m test @ http://172.18.0.2:8080/work
  4 threads and 1024 connections
  Thread calibration: mean lat.: 7.021ms, rate sampling interval: 23ms
  Thread calibration: mean lat.: 9.007ms, rate sampling interval: 25ms
  Thread calibration: mean lat.: 7.619ms, rate sampling interval: 28ms
  Thread calibration: mean lat.: 7.431ms, rate sampling interval: 17ms
  Thread Stats   Avg      Stdev     Max   +/- Stdev
    Latency     1.99ms    1.86ms  44.77ms   93.50%
    Req/Sec   128.11k     9.14k  268.88k    78.70%
  Latency Distribution (HdrHistogram - Recorded Latency)
 50.000%    1.67ms
 75.000%    2.50ms
 90.000%    3.46ms
 99.000%    6.35ms
 99.900%   30.89ms
 99.990%   37.57ms
 99.999%   40.19ms
100.000%   44.80ms

  Detailed Percentile spectrum:
       Value   Percentile   TotalCount 1/(1-Percentile)

       0.010     0.000000            1         1.00
       0.687     0.100000      2945036         1.11
       0.948     0.200000      5880465         1.25
       1.193     0.300000      8812627         1.43
       1.429     0.400000     11750266         1.67
       1.670     0.500000     14682568         2.00
       1.806     0.550000     16149257         2.22
       1.959     0.600000     17621270         2.50
       2.123     0.650000     19095255         2.86
       2.299     0.700000     20557741         3.33
       2.503     0.750000     22026341         4.00
       2.621     0.775000     22762772         4.44
       2.753     0.800000     23497099         5.00
       2.899     0.825000     24221862         5.71
       3.063     0.850000     24961685         6.67
       3.245     0.875000     25697207         8.00
       3.345     0.887500     26057508         8.89
       3.457     0.900000     26424144        10.00
       3.581     0.912500     26793113        11.43
       3.719     0.925000     27160295        13.33
       3.879     0.937500     27526190        16.00
       3.973     0.943750     27711251        17.78
       4.077     0.950000     27894126        20.00
       4.195     0.956250     28078867        22.86
       4.331     0.962500     28262157        26.67
       4.499     0.968750     28443705        32.00
       4.607     0.971875     28535943        35.56
       4.735     0.975000     28626144        40.00
       4.899     0.978125     28719669        45.71
       5.099     0.981250     28809534        53.33
       5.375     0.984375     28901261        64.00
       5.559     0.985938     28947205        71.11
       5.791     0.987500     28993277        80.00
       6.103     0.989062     29039110        91.43
       6.551     0.990625     29084644       106.67
       7.259     0.992188     29130550       128.00
       7.771     0.992969     29153512       142.22
       8.455     0.993750     29176344       160.00
       9.375     0.994531     29199424       182.86
      10.615     0.995313     29222247       213.33
      12.407     0.996094     29245197       256.00
      13.599     0.996484     29256645       284.44
      15.071     0.996875     29268084       320.00
      17.055     0.997266     29279581       365.71
      19.679     0.997656     29291013       426.67
      22.719     0.998047     29302527       512.00
      24.255     0.998242     29308236       568.89
      25.855     0.998437     29313989       640.00
      27.599     0.998633     29319726       731.43
      29.407     0.998828     29325444       853.33
      31.087     0.999023     29331164      1024.00
      31.855     0.999121     29334055      1137.78
      32.511     0.999219     29336928      1280.00
      33.087     0.999316     29339758      1462.86
      33.695     0.999414     29342690      1706.67
      34.271     0.999512     29345552      2048.00
      34.591     0.999561     29346977      2275.56
      34.911     0.999609     29348410      2560.00
      35.263     0.999658     29349929      2925.71
      35.647     0.999707     29351335      3413.33
      36.063     0.999756     29352703      4096.00
      36.287     0.999780     29353377      4551.11
      36.543     0.999805     29354137      5120.00
      36.799     0.999829     29354872      5851.43
      37.023     0.999854     29355529      6826.67
      37.311     0.999878     29356310      8192.00
      37.439     0.999890     29356608      9102.22
      37.599     0.999902     29356988     10240.00
      37.759     0.999915     29357336     11702.86
      37.951     0.999927     29357738     13653.33
      38.143     0.999939     29358052     16384.00
      38.271     0.999945     29358238     18204.44
      38.399     0.999951     29358414     20480.00
      38.527     0.999957     29358578     23405.71
      38.687     0.999963     29358777     27306.67
      38.847     0.999969     29358945     32768.00
      38.975     0.999973     29359036     36408.89
      39.103     0.999976     29359127     40960.00
      39.263     0.999979     29359202     46811.43
      39.487     0.999982     29359301     54613.33
      39.711     0.999985     29359391     65536.00
      39.807     0.999986     29359423     72817.78
      39.935     0.999988     29359467     81920.00
      40.127     0.999989     29359516     93622.86
      40.255     0.999991     29359559    109226.67
      40.479     0.999992     29359602    131072.00
      40.639     0.999993     29359626    145635.56
      40.799     0.999994     29359653    163840.00
      40.927     0.999995     29359672    187245.71
      41.055     0.999995     29359694    218453.33
      41.279     0.999996     29359716    262144.00
      41.407     0.999997     29359730    291271.11
      41.503     0.999997     29359740    327680.00
      41.631     0.999997     29359747    374491.43
      41.791     0.999998     29359759    436906.67
      41.919     0.999998     29359770    524288.00
      42.079     0.999998     29359777    582542.22
      42.239     0.999998     29359782    655360.00
      42.399     0.999999     29359787    748982.86
      42.623     0.999999     29359792    873813.33
      42.751     0.999999     29359799   1048576.00
      42.783     0.999999     29359800   1165084.44
      42.943     0.999999     29359803   1310720.00
      43.039     0.999999     29359806   1497965.71
      43.263     0.999999     29359809   1747626.67
      43.423     1.000000     29359812   2097152.00
      43.455     1.000000     29359813   2330168.89
      43.487     1.000000     29359815   2621440.00
      43.519     1.000000     29359816   2995931.43
      43.551     1.000000     29359817   3495253.33
      43.679     1.000000     29359819   4194304.00
      43.679     1.000000     29359819   4660337.78
      43.839     1.000000     29359821   5242880.00
      43.839     1.000000     29359821   5991862.86
      43.839     1.000000     29359821   6990506.67
      44.127     1.000000     29359822   8388608.00
      44.127     1.000000     29359822   9320675.55
      44.351     1.000000     29359823  10485760.00
      44.351     1.000000     29359823  11983725.71
      44.351     1.000000     29359823  13981013.34
      44.767     1.000000     29359824  16777216.00
      44.767     1.000000     29359824  18641351.10
      44.767     1.000000     29359824  20971519.98
      44.767     1.000000     29359824  23967451.45
      44.767     1.000000     29359824  27962026.68
      44.799     1.000000     29359825  33554432.00
      44.799     1.000000     29359825          inf
#[Mean    =        1.994, StdDeviation   =        1.863]
#[Max     =       44.768, Total count    =     29359825]
#[Buckets =           27, SubBuckets     =         2048]
----------------------------------------------------------
  34631703 requests in 1.17m, 36.58GB read
Requests/sec: 494730.83
Transfer/sec:    535.03MB
