Running 1m test @ http://172.18.0.2:8080/work
  4 threads and 1024 connections
  Thread calibration: mean lat.: 2.216ms, rate sampling interval: 10ms
  Thread calibration: mean lat.: 2.228ms, rate sampling interval: 10ms
  Thread calibration: mean lat.: 2.291ms, rate sampling interval: 10ms
  Thread calibration: mean lat.: 2.371ms, rate sampling interval: 10ms
  Thread Stats   Avg      Stdev     Max   +/- Stdev
    Latency     3.23ms    3.98ms  73.98ms   93.76%
    Req/Sec   158.17k    27.03k  291.22k    71.19%
  Latency Distribution (HdrHistogram - Recorded Latency)
 50.000%    2.23ms
 75.000%    3.59ms
 90.000%    5.73ms
 99.000%   23.45ms
 99.900%   41.66ms
 99.990%   52.93ms
 99.999%   61.66ms
100.000%   74.05ms

  Detailed Percentile spectrum:
       Value   Percentile   TotalCount 1/(1-Percentile)

       0.014     0.000000            1         1.00
       0.896     0.100000      3528396         1.11
       1.256     0.200000      7049533         1.25
       1.567     0.300000     10580003         1.43
       1.877     0.400000     14094721         1.67
       2.233     0.500000     17623063         2.00
       2.429     0.550000     19387680         2.22
       2.649     0.600000     21144076         2.50
       2.911     0.650000     22909153         2.86
       3.219     0.700000     24661883         3.33
       3.591     0.750000     26431264         4.00
       3.809     0.775000     27310004         4.44
       4.059     0.800000     28189511         5.00
       4.351     0.825000     29066528         5.71
       4.703     0.850000     29946910         6.67
       5.147     0.875000     30833834         8.00
       5.415     0.887500     31269456         8.89
       5.731     0.900000     31711016        10.00
       6.107     0.912500     32150708        11.43
       6.575     0.925000     32588919        13.33
       7.207     0.937500     33031418        16.00
       7.619     0.943750     33250606        17.78
       8.135     0.950000     33469541        20.00
       8.807     0.956250     33690518        22.86
       9.719     0.962500     33910626        26.67
      11.039     0.968750     34130750        32.00
      11.927     0.971875     34240640        35.56
      13.023     0.975000     34350700        40.00
      14.375     0.978125     34460688        45.71
      16.055     0.981250     34570833        53.33
      18.175     0.984375     34680717        64.00
      19.423     0.985938     34735996        71.11
      20.815     0.987500     34790757        80.00
      22.399     0.989062     34845925        91.43
      24.191     0.990625     34901081       106.67
      26.175     0.992188     34955995       128.00
      27.263     0.992969     34983383       142.22
      28.447     0.993750     35010986       160.00
      29.711     0.994531     35038644       182.86
      31.039     0.995313     35066091       213.33
      32.511     0.996094     35093569       256.00
      33.343     0.996484     35107629       284.44
      34.207     0.996875     35121020       320.00
      35.199     0.997266     35135057       365.71
      36.287     0.997656     35148672       426.67
      37.535     0.998047     35162437       512.00
      38.207     0.998242     35169194       568.89
      38.975     0.998437     35176242       640.00
      39.775     0.998633     35182928       731.43
      40.735     0.998828     35189932       853.33
      41.791     0.999023     35196678      1024.00
      42.399     0.999121     35200232      1137.78
      43.039     0.999219     35203571      1280.00
      43.775     0.999316     35207074      1462.86
      44.575     0.999414     35210502      1706.67
      45.503     0.999512     35213961      2048.00
      46.015     0.999561     35215666      2275.56
      46.623     0.999609     35217408      2560.00
      47.231     0.999658     35219043      2925.71
      47.935     0.999707     35220768      3413.33
      48.767     0.999756     35222528      4096.00
      49.247     0.999780     35223367      4551.11
      49.759     0.999805     35224201      5120.00
      50.431     0.999829     35225086      5851.43
      51.167     0.999854     35225948      6826.67
      51.999     0.999878     35226800      8192.00
      52.511     0.999890     35227238      9102.22
      53.055     0.999902     35227663     10240.00
      53.631     0.999915     35228074     11702.86
      54.303     0.999927     35228513     13653.33
      55.071     0.999939     35228932     16384.00
      55.519     0.999945     35229150     18204.44
      55.967     0.999951     35229372     20480.00
      56.511     0.999957     35229586     23405.71
      57.087     0.999963     35229796     27306.67
      57.727     0.999969     35230015     32768.00
      58.111     0.999973     35230115     36408.89
      58.495     0.999976     35230224     40960.00
      58.975     0.999979     35230330     46811.43
      59.583     0.999982     35230441     54613.33
      60.255     0.999985     35230552     65536.00
      60.575     0.999986     35230600     72817.78
      60.927     0.999988     35230652     81920.00
      61.503     0.999989     35230708     93622.86
      62.047     0.999991     35230763    109226.67
      62.591     0.999992     35230814    131072.00
      62.911     0.999993     35230841    145635.56
      63.199     0.999994     35230867    163840.00
      63.711     0.999995     35230894    187245.71
      64.127     0.999995     35230921    218453.33
      64.703     0.999996     35230948    262144.00
      65.215     0.999997     35230962    291271.11
      65.599     0.999997     35230976    327680.00
      65.919     0.999997     35230988    374491.43
      66.431     0.999998     35231002    436906.67
      66.943     0.999998     35231017    524288.00
      67.327     0.999998     35231023    582542.22
      67.647     0.999998     35231030    655360.00
      67.903     0.999999     35231035    748982.86
      68.543     0.999999     35231042    873813.33
      68.991     0.999999     35231049   1048576.00
      69.119     0.999999     35231052   1165084.44
      69.439     0.999999     35231056   1310720.00
      69.631     0.999999     35231059   1497965.71
      70.015     0.999999     35231062   1747626.67
      70.399     1.000000     35231067   2097152.00
      70.399     1.000000     35231067   2330168.89
      70.783     1.000000     35231069   2621440.00
      71.167     1.000000     35231071   2995931.43
      71.231     1.000000     35231072   3495253.33
      71.679     1.000000     35231074   4194304.00
      71.871     1.000000     35231075   4660337.78
      72.255     1.000000     35231076   5242880.00
      72.447     1.000000     35231077   5991862.86
      72.447     1.000000     35231077   6990506.67
      72.895     1.000000     35231078   8388608.00
      73.023     1.000000     35231079   9320675.55
      73.023     1.000000     35231079  10485760.00
      73.407     1.000000     35231080  11983725.71
      73.407     1.000000     35231080  13981013.34
      73.407     1.000000     35231080  16777216.00
      73.599     1.000000     35231081  18641351.10
      73.599     1.000000     35231081  20971519.98
      73.599     1.000000     35231081  23967451.45
      73.599     1.000000     35231081  27962026.68
      73.599     1.000000     35231081  33554432.00
      74.047     1.000000     35231082  37282702.28
      74.047     1.000000     35231082          inf
#[Mean    =        3.227, StdDeviation   =        3.982]
#[Max     =       73.984, Total count    =     35231082]
#[Buckets =           27, SubBuckets     =         2048]
----------------------------------------------------------
  41557068 requests in 1.17m, 43.89GB read
Requests/sec: 593672.79
Transfer/sec:    642.04MB
