Running 1m test @ http://172.18.0.2:8080/work
  4 threads and 1024 connections
  Thread calibration: mean lat.: 4.089ms, rate sampling interval: 15ms
  Thread calibration: mean lat.: 4.212ms, rate sampling interval: 15ms
  Thread calibration: mean lat.: 4.499ms, rate sampling interval: 17ms
  Thread calibration: mean lat.: 4.056ms, rate sampling interval: 14ms
  Thread Stats   Avg      Stdev     Max   +/- Stdev
    Latency     6.17ms    8.11ms 106.69ms   90.99%
    Req/Sec   168.19k    28.03k  288.77k    69.14%
  Latency Distribution (HdrHistogram - Recorded Latency)
 50.000%    3.62ms
 75.000%    6.43ms
 90.000%   13.05ms
 99.000%   44.09ms
 99.900%   62.78ms
 99.990%   75.90ms
 99.999%   87.94ms
100.000%  106.75ms

  Detailed Percentile spectrum:
       Value   Percentile   TotalCount 1/(1-Percentile)

       0.012     0.000000            1         1.00
       1.223     0.100000      3821384         1.11
       1.769     0.200000      7633466         1.25
       2.325     0.300000     11451654         1.43
       2.923     0.400000     15265444         1.67
       3.621     0.500000     19090039         2.00
       4.021     0.550000     20991812         2.22
       4.475     0.600000     22900596         2.50
       5.003     0.650000     24814647         2.86
       5.635     0.700000     26723378         3.33
       6.431     0.750000     28627996         4.00
       6.935     0.775000     29582284         4.44
       7.547     0.800000     30533182         5.00
       8.327     0.825000     31490512         5.71
       9.359     0.850000     32440831         6.67
      10.823     0.875000     33394182         8.00
      11.815     0.887500     33871797         8.89
      13.055     0.900000     34346520        10.00
      14.655     0.912500     34824260        11.43
      16.703     0.925000     35301285        13.33
      19.327     0.937500     35778359        16.00
      20.879     0.943750     36017453        17.78
      22.623     0.950000     36255921        20.00
      24.575     0.956250     36493349        22.86
      26.831     0.962500     36732253        26.67
      29.455     0.968750     36969923        32.00
      30.959     0.971875     37089860        35.56
      32.607     0.975000     37208972        40.00
      34.431     0.978125     37327767        45.71
      36.479     0.981250     37447675        53.33
      38.815     0.984375     37566743        64.00
      40.127     0.985938     37626068        71.11
      41.535     0.987500     37685606        80.00
      43.071     0.989062     37745166        91.43
      44.799     0.990625     37805011       106.67
      46.719     0.992188     37864251       128.00
      47.807     0.992969     37894660       142.22
      48.959     0.993750     37924526       160.00
      50.207     0.994531     37954210       182.86
      51.551     0.995313     37983658       213.33
      53.087     0.996094     38013358       256.00
      53.983     0.996484     38028486       284.44
      54.911     0.996875     38043355       320.00
      55.935     0.997266     38058394       365.71
      57.087     0.997656     38073337       426.67
      58.367     0.998047     38087923       512.00
      59.103     0.998242     38095412       568.89
      59.935     0.998437     38103028       640.00
      60.831     0.998633     38110371       731.43
      61.823     0.998828     38117836       853.33
      62.943     0.999023     38125191      1024.00
      63.583     0.999121     38128927      1137.78
      64.319     0.999219     38132667      1280.00
      65.119     0.999316     38136337      1462.86
      66.111     0.999414     38140189      1706.67
      67.199     0.999512     38143818      2048.00
      67.839     0.999561     38145729      2275.56
      68.543     0.999609     38147614      2560.00
      69.247     0.999658     38149385      2925.71
      70.079     0.999707     38151222      3413.33
      71.103     0.999756     38153184      4096.00
      71.615     0.999780     38154026      4551.11
      72.255     0.999805     38154937      5120.00
      73.087     0.999829     38155928      5851.43
      73.919     0.999854     38156841      6826.67
      74.879     0.999878     38157772      8192.00
      75.455     0.999890     38158237      9102.22
      76.031     0.999902     38158675     10240.00
      76.671     0.999915     38159127     11702.86
      77.375     0.999927     38159600     13653.33
      78.207     0.999939     38160063     16384.00
      78.719     0.999945     38160308     18204.44
      79.231     0.999951     38160530     20480.00
      79.871     0.999957     38160772     23405.71
      80.639     0.999963     38160995     27306.67
      81.471     0.999969     38161225     32768.00
      82.047     0.999973     38161340     36408.89
      82.623     0.999976     38161454     40960.00
      83.199     0.999979     38161570     46811.43
      83.903     0.999982     38161691     54613.33
      84.863     0.999985     38161808     65536.00
      85.375     0.999986     38161863     72817.78
      85.951     0.999988     38161920     81920.00
      87.231     0.999989     38161978     93622.86
      89.151     0.999991     38162037    109226.67
      90.623     0.999992     38162096    131072.00
      91.839     0.999993     38162123    145635.56
      96.511     0.999994     38162153    163840.00
      98.239     0.999995     38162183    187245.71
      99.007     0.999995     38162212    218453.33
      99.583     0.999996     38162240    262144.00
      99.903     0.999997     38162255    291271.11
     100.351     0.999997     38162269    327680.00
     100.863     0.999997     38162287    374491.43
     101.247     0.999998     38162298    436906.67
     101.695     0.999998     38162314    524288.00
     101.951     0.999998     38162320    582542.22
     102.271     0.999998     38162327    655360.00
     102.591     0.999999     38162335    748982.86
     103.039     0.999999     38162343    873813.33
     103.359     0.999999     38162349   1048576.00
     103.551     0.999999     38162353   1165084.44
     103.807     0.999999     38162356   1310720.00
     104.255     0.999999     38162361   1497965.71
     104.639     0.999999     38162364   1747626.67
     104.831     1.000000     38162367   2097152.00
     104.959     1.000000     38162369   2330168.89
     105.343     1.000000     38162371   2621440.00
     105.663     1.000000     38162373   2995931.43
     105.855     1.000000     38162375   3495253.33
     105.919     1.000000     38162376   4194304.00
     106.111     1.000000     38162377   4660337.78
     106.175     1.000000     38162378   5242880.00
     106.239     1.000000     38162380   5991862.86
     106.239     1.000000     38162380   6990506.67
     106.495     1.000000     38162381   8388608.00
     106.495     1.000000     38162381   9320675.55
     106.559     1.000000     38162382  10485760.00
     106.559     1.000000     38162382  11983725.71
     106.687     1.000000     38162384  13981013.34
     106.687     1.000000     38162384  16777216.00
     106.687     1.000000     38162384  18641351.10
     106.687     1.000000     38162384  20971519.98
     106.687     1.000000     38162384  23967451.45
     106.687     1.000000     38162384  27962026.68
     106.687     1.000000     38162384  33554432.00
     106.687     1.000000     38162384  37282702.28
     106.751     1.000000     38162385  41943039.96
     106.751     1.000000     38162385          inf
#[Mean    =        6.171, StdDeviation   =        8.106]
#[Max     =      106.688, Total count    =     38162385]
#[Buckets =           27, SubBuckets     =         2048]
----------------------------------------------------------
  44946216 requests in 1.17m, 47.47GB read
Requests/sec: 642096.81
Transfer/sec:    694.41MB
