Running 1m test @ http://172.18.0.2:8080/work
  4 threads and 1024 connections
  Thread calibration: mean lat.: 2.019ms, rate sampling interval: 10ms
  Thread calibration: mean lat.: 1.988ms, rate sampling interval: 10ms
  Thread calibration: mean lat.: 2.080ms, rate sampling interval: 10ms
  Thread calibration: mean lat.: 2.042ms, rate sampling interval: 10ms
  Thread Stats   Avg      Stdev     Max   +/- Stdev
    Latency     2.06ms    1.07ms   9.36ms   66.34%
    Req/Sec    79.09k    10.00k  126.22k    68.74%
  Latency Distribution (HdrHistogram - Recorded Latency)
 50.000%    1.88ms
 75.000%    2.80ms
 90.000%    3.58ms
 99.000%    4.80ms
 99.900%    5.84ms
 99.990%    6.80ms
 99.999%    7.79ms
100.000%    9.37ms

  Detailed Percentile spectrum:
       Value   Percentile   TotalCount 1/(1-Percentile)

       0.009     0.000000            1         1.00
       0.833     0.100000      1763454         1.11
       1.087     0.200000      3526276         1.25
       1.312     0.300000      5287153         1.43
       1.571     0.400000      7046375         1.67
       1.882     0.500000      8813033         2.00
       2.049     0.550000      9694157         2.22
       2.221     0.600000     10573615         2.50
       2.403     0.650000     11459132         2.86
       2.595     0.700000     12338552         3.33
       2.799     0.750000     13212520         4.00
       2.909     0.775000     13655794         4.44
       3.025     0.800000     14097973         5.00
       3.145     0.825000     14533804         5.71
       3.275     0.850000     14975537         6.67
       3.419     0.875000     15416655         8.00
       3.497     0.887500     15634075         8.89
       3.583     0.900000     15857143        10.00
       3.675     0.912500     16078282        11.43
       3.773     0.925000     16298670        13.33
       3.881     0.937500     16517943        16.00
       3.941     0.943750     16627547        17.78
       4.005     0.950000     16735171        20.00
       4.077     0.956250     16845115        22.86
       4.159     0.962500     16956744        26.67
       4.251     0.968750     17066166        32.00
       4.303     0.971875     17120825        35.56
       4.363     0.975000     17178060        40.00
       4.427     0.978125     17232570        45.71
       4.499     0.981250     17285778        53.33
       4.587     0.984375     17340894        64.00
       4.639     0.985938     17369003        71.11
       4.695     0.987500     17396396        80.00
       4.759     0.989062     17424172        91.43
       4.831     0.990625     17450910       106.67
       4.919     0.992188     17478328       128.00
       4.971     0.992969     17492431       142.22
       5.027     0.993750     17506077       160.00
       5.087     0.994531     17519494       182.86
       5.159     0.995313     17533440       213.33
       5.239     0.996094     17546927       256.00
       5.287     0.996484     17553866       284.44
       5.339     0.996875     17560699       320.00
       5.399     0.997266     17567682       365.71
       5.467     0.997656     17574385       426.67
       5.551     0.998047     17581354       512.00
       5.599     0.998242     17584742       568.89
       5.647     0.998437     17588000       640.00
       5.707     0.998633     17591524       731.43
       5.775     0.998828     17594990       853.33
       5.851     0.999023     17598361      1024.00
       5.899     0.999121     17600059      1137.78
       5.951     0.999219     17601760      1280.00
       6.011     0.999316     17603541      1462.86
       6.079     0.999414     17605206      1706.67
       6.163     0.999512     17606946      2048.00
       6.211     0.999561     17607819      2275.56
       6.263     0.999609     17608676      2560.00
       6.319     0.999658     17609527      2925.71
       6.383     0.999707     17610353      3413.33
       6.463     0.999756     17611231      4096.00
       6.507     0.999780     17611666      4551.11
       6.555     0.999805     17612081      5120.00
       6.607     0.999829     17612502      5851.43
       6.663     0.999854     17612944      6826.67
       6.727     0.999878     17613391      8192.00
       6.763     0.999890     17613583      9102.22
       6.807     0.999902     17613809     10240.00
       6.851     0.999915     17614019     11702.86
       6.907     0.999927     17614220     13653.33
       6.979     0.999939     17614447     16384.00
       7.011     0.999945     17614549     18204.44
       7.051     0.999951     17614650     20480.00
       7.107     0.999957     17614762     23405.71
       7.171     0.999963     17614871     27306.67
       7.239     0.999969     17614980     32768.00
       7.275     0.999973     17615030     36408.89
       7.307     0.999976     17615081     40960.00
       7.371     0.999979     17615135     46811.43
       7.471     0.999982     17615189     54613.33
       7.575     0.999985     17615242     65536.00
       7.643     0.999986     17615270     72817.78
       7.707     0.999988     17615296     81920.00
       7.767     0.999989     17615322     93622.86
       7.843     0.999991     17615349    109226.67
       7.927     0.999992     17615376    131072.00
       7.971     0.999993     17615393    145635.56
       7.987     0.999994     17615403    163840.00
       8.019     0.999995     17615419    187245.71
       8.067     0.999995     17615430    218453.33
       8.123     0.999996     17615443    262144.00
       8.171     0.999997     17615450    291271.11
       8.287     0.999997     17615458    327680.00
       8.327     0.999997     17615463    374491.43
       8.399     0.999998     17615470    436906.67
       8.543     0.999998     17615477    524288.00
       8.599     0.999998     17615481    582542.22
       8.639     0.999998     17615484    655360.00
       8.679     0.999999     17615487    748982.86
       8.695     0.999999     17615490    873813.33
       8.775     0.999999     17615495   1048576.00
       8.775     0.999999     17615495   1165084.44
       8.807     0.999999     17615497   1310720.00
       8.847     0.999999     17615500   1497965.71
       8.847     0.999999     17615500   1747626.67
       8.855     1.000000     17615502   2097152.00
       8.871     1.000000     17615504   2330168.89
       8.871     1.000000     17615504   2621440.00
       8.887     1.000000     17615505   2995931.43
       8.887     1.000000     17615505   3495253.33
       8.903     1.000000     17615506   4194304.00
       8.951     1.000000     17615507   4660337.78
       8.951     1.000000     17615507   5242880.00
       9.103     1.000000     17615508   5991862.86
       9.103     1.000000     17615508   6990506.67
       9.103     1.000000     17615508   8388608.00
       9.263     1.000000     17615509   9320675.55
       9.263     1.000000     17615509  10485760.00
       9.263     1.000000     17615509  11983725.71
       9.263     1.000000     17615509  13981013.34
       9.263     1.000000     17615509  16777216.00
       9.367     1.000000     17615510  18641351.10
       9.367     1.000000     17615510          inf
#[Mean    =        2.061, StdDeviation   =        1.069]
#[Max     =        9.360, Total count    =     17615510]
#[Buckets =           27, SubBuckets     =         2048]
----------------------------------------------------------
  20779493 requests in 1.17m, 21.95GB read
Requests/sec: 296842.03
Transfer/sec:    321.02MB
