Running 1m test @ http://172.18.0.2:8080/work
  4 threads and 1024 connections
  Thread calibration: mean lat.: 2.354ms, rate sampling interval: 10ms
  Thread calibration: mean lat.: 2.312ms, rate sampling interval: 10ms
  Thread calibration: mean lat.: 2.316ms, rate sampling interval: 10ms
  Thread calibration: mean lat.: 2.273ms, rate sampling interval: 10ms
  Thread Stats   Avg      Stdev     Max   +/- Stdev
    Latency     2.65ms    2.69ms  59.33ms   92.48%
    Req/Sec   158.20k    25.91k  302.22k    72.02%
  Latency Distribution (HdrHistogram - Recorded Latency)
 50.000%    2.03ms
 75.000%    3.19ms
 90.000%    4.79ms
 99.000%   13.30ms
 99.900%   32.37ms
 99.990%   42.11ms
 99.999%   48.77ms
100.000%   59.36ms

  Detailed Percentile spectrum:
       Value   Percentile   TotalCount 1/(1-Percentile)

       0.009     0.000000            2         1.00
       0.818     0.100000      3531576         1.11
       1.145     0.200000      7047826         1.25
       1.434     0.300000     10574247         1.43
       1.711     0.400000     14093513         1.67
       2.027     0.500000     17620985         2.00
       2.201     0.550000     19387773         2.22
       2.389     0.600000     21139642         2.50
       2.607     0.650000     22909388         2.86
       2.869     0.700000     24670551         3.33
       3.185     0.750000     26429734         4.00
       3.365     0.775000     27305815         4.44
       3.567     0.800000     28189971         5.00
       3.795     0.825000     29068288         5.71
       4.061     0.850000     29953081         6.67
       4.383     0.875000     30836881         8.00
       4.571     0.887500     31272885         8.89
       4.787     0.900000     31709684        10.00
       5.043     0.912500     32152991        11.43
       5.351     0.925000     32593267        13.33
       5.735     0.937500     33032003        16.00
       5.967     0.943750     33252686        17.78
       6.231     0.950000     33470725        20.00
       6.551     0.956250     33693272        22.86
       6.943     0.962500     33912266        26.67
       7.467     0.968750     34131423        32.00
       7.807     0.971875     34241519        35.56
       8.223     0.975000     34351945        40.00
       8.743     0.978125     34461925        45.71
       9.415     0.981250     34571756        53.33
      10.343     0.984375     34682653        64.00
      10.943     0.985938     34737325        71.11
      11.679     0.987500     34792068        80.00
      12.615     0.989062     34847227        91.43
      13.831     0.990625     34902166       106.67
      15.463     0.992188     34957263       128.00
      16.495     0.992969     34984932       142.22
      17.663     0.993750     35012456       160.00
      18.975     0.994531     35039781       182.86
      20.431     0.995313     35067290       213.33
      22.079     0.996094     35094795       256.00
      23.023     0.996484     35108661       284.44
      24.031     0.996875     35122256       320.00
      25.167     0.997266     35136052       365.71
      26.431     0.997656     35149840       426.67
      27.839     0.998047     35163527       512.00
      28.639     0.998242     35170457       568.89
      29.487     0.998437     35177350       640.00
      30.415     0.998633     35184276       731.43
      31.407     0.998828     35191067       853.33
      32.511     0.999023     35198040      1024.00
      33.119     0.999121     35201420      1137.78
      33.791     0.999219     35204917      1280.00
      34.527     0.999316     35208384      1462.86
      35.263     0.999414     35211693      1706.67
      36.095     0.999512     35215131      2048.00
      36.543     0.999561     35216892      2275.56
      37.055     0.999609     35218608      2560.00
      37.599     0.999658     35220350      2925.71
      38.207     0.999707     35222045      3413.33
      38.911     0.999756     35223779      4096.00
      39.327     0.999780     35224644      4551.11
      39.743     0.999805     35225509      5120.00
      40.223     0.999829     35226337      5851.43
      40.799     0.999854     35227214      6826.67
      41.407     0.999878     35228056      8192.00
      41.791     0.999890     35228502      9102.22
      42.207     0.999902     35228890     10240.00
      42.687     0.999915     35229356     11702.86
      43.167     0.999927     35229760     13653.33
      43.711     0.999939     35230186     16384.00
      44.063     0.999945     35230404     18204.44
      44.415     0.999951     35230615     20480.00
      44.799     0.999957     35230839     23405.71
      45.183     0.999963     35231040     27306.67
      45.727     0.999969     35231258     32768.00
      46.047     0.999973     35231369     36408.89
      46.367     0.999976     35231473     40960.00
      46.751     0.999979     35231589     46811.43
      47.199     0.999982     35231694     54613.33
      47.679     0.999985     35231796     65536.00
      47.903     0.999986     35231848     72817.78
      48.255     0.999988     35231903     81920.00
      48.607     0.999989     35231954     93622.86
      48.991     0.999991     35232009    109226.67
      49.439     0.999992     35232065    131072.00
      49.727     0.999993     35232093    145635.56
      50.047     0.999994     35232117    163840.00
      50.335     0.999995     35232142    187245.71
      50.719     0.999995     35232170    218453.33
      51.135     0.999996     35232199    262144.00
      51.263     0.999997     35232210    291271.11
      51.519     0.999997     35232224    327680.00
      51.743     0.999997     35232236    374491.43
      52.223     0.999998     35232250    436906.67
      52.447     0.999998     35232265    524288.00
      52.671     0.999998     35232270    582542.22
      52.959     0.999998     35232277    655360.00
      53.183     0.999999     35232284    748982.86
      53.471     0.999999     35232292    873813.33
      54.047     0.999999     35232297   1048576.00
      54.335     0.999999     35232300   1165084.44
      55.071     0.999999     35232304   1310720.00
      55.295     0.999999     35232307   1497965.71
      55.487     0.999999     35232310   1747626.67
      55.999     1.000000     35232314   2097152.00
      56.223     1.000000     35232315   2330168.89
      56.287     1.000000     35232317   2621440.00
      57.055     1.000000     35232319   2995931.43
      57.119     1.000000     35232320   3495253.33
      57.279     1.000000     35232322   4194304.00
      57.375     1.000000     35232323   4660337.78
      57.407     1.000000     35232324   5242880.00
      57.471     1.000000     35232325   5991862.86
      57.471     1.000000     35232325   6990506.67
      58.015     1.000000     35232326   8388608.00
      58.207     1.000000     35232327   9320675.55
      58.207     1.000000     35232327  10485760.00
      58.559     1.000000     35232328  11983725.71
      58.559     1.000000     35232328  13981013.34
      58.559     1.000000     35232328  16777216.00
      59.039     1.000000     35232329  18641351.10
      59.039     1.000000     35232329  20971519.98
      59.039     1.000000     35232329  23967451.45
      59.039     1.000000     35232329  27962026.68
      59.039     1.000000     35232329  33554432.00
      59.359     1.000000     35232330  37282702.28
      59.359     1.000000     35232330          inf
#[Mean    =        2.655, StdDeviation   =        2.687]
#[Max     =       59.328, Total count    =     35232330]
#[Buckets =           27, SubBuckets     =         2048]
----------------------------------------------------------
  41557121 requests in 1.17m, 43.89GB read
Requests/sec: 593673.31
Transfer/sec:    642.04MB
