Running 1m test @ http://172.18.0.2:8080/work
  4 threads and 1024 connections
  Thread calibration: mean lat.: 14.450ms, rate sampling interval: 89ms
  Thread calibration: mean lat.: 17.126ms, rate sampling interval: 130ms
  Thread calibration: mean lat.: 16.557ms, rate sampling interval: 135ms
  Thread calibration: mean lat.: 12.292ms, rate sampling interval: 61ms
  Thread Stats   Avg      Stdev     Max   +/- Stdev
    Latency     3.93ms    4.75ms  79.94ms   92.57%
    Req/Sec   150.91k     6.97k  213.36k    83.80%
  Latency Distribution (HdrHistogram - Recorded Latency)
 50.000%    2.63ms
 75.000%    4.29ms
 90.000%    7.18ms
 99.000%   27.38ms
 99.900%   42.69ms
 99.990%   53.18ms
 99.999%   63.07ms
100.000%   80.00ms

  Detailed Percentile spectrum:
       Value   Percentile   TotalCount 1/(1-Percentile)

       0.013     0.000000            1         1.00
       1.002     0.100000      3529796         1.11
       1.426     0.200000      7052710         1.25
       1.800     0.300000     10575772         1.43
       2.201     0.400000     14101905         1.67
       2.631     0.500000     17618377         2.00
       2.877     0.550000     19378652         2.22
       3.153     0.600000     21139656         2.50
       3.467     0.650000     22904032         2.86
       3.835     0.700000     24665569         3.33
       4.287     0.750000     26422224         4.00
       4.563     0.775000     27310405         4.44
       4.879     0.800000     28183044         5.00
       5.259     0.825000     29068407         5.71
       5.719     0.850000     29945484         6.67
       6.319     0.875000     30827889         8.00
       6.703     0.887500     31267633         8.89
       7.179     0.900000     31708399        10.00
       7.795     0.912500     32148357        11.43
       8.631     0.925000     32586755        13.33
       9.847     0.937500     33028152        16.00
      10.663     0.943750     33248129        17.78
      11.663     0.950000     33467889        20.00
      12.895     0.956250     33688487        22.86
      14.383     0.962500     33908078        26.67
      16.199     0.968750     34127836        32.00
      17.263     0.971875     34238176        35.56
      18.463     0.975000     34348580        40.00
      19.839     0.978125     34459280        45.71
      21.391     0.981250     34568935        53.33
      23.199     0.984375     34678464        64.00
      24.223     0.985938     34733735        71.11
      25.343     0.987500     34788839        80.00
      26.575     0.989062     34843679        91.43
      27.951     0.990625     34898814       106.67
      29.519     0.992188     34953760       128.00
      30.383     0.992969     34981306       142.22
      31.311     0.993750     35008579       160.00
      32.351     0.994531     35036457       182.86
      33.471     0.995313     35063835       213.33
      34.751     0.996094     35091649       256.00
      35.455     0.996484     35105380       284.44
      36.223     0.996875     35119096       320.00
      37.055     0.997266     35132797       365.71
      37.983     0.997656     35146270       426.67
      39.039     0.998047     35159962       512.00
      39.647     0.998242     35166942       568.89
      40.319     0.998437     35173991       640.00
      41.023     0.998633     35180739       731.43
      41.855     0.998828     35187633       853.33
      42.815     0.999023     35194520      1024.00
      43.359     0.999121     35197904      1137.78
      43.935     0.999219     35201250      1280.00
      44.607     0.999316     35204761      1462.86
      45.311     0.999414     35208088      1706.67
      46.207     0.999512     35211614      2048.00
      46.687     0.999561     35213300      2275.56
      47.231     0.999609     35215049      2560.00
      47.807     0.999658     35216713      2925.71
      48.511     0.999707     35218479      3413.33
      49.311     0.999756     35220153      4096.00
      49.791     0.999780     35221013      4551.11
      50.303     0.999805     35221885      5120.00
      50.879     0.999829     35222727      5851.43
      51.551     0.999854     35223593      6826.67
      52.319     0.999878     35224435      8192.00
      52.799     0.999890     35224882      9102.22
      53.311     0.999902     35225290     10240.00
      53.855     0.999915     35225732     11702.86
      54.527     0.999927     35226167     13653.33
      55.263     0.999939     35226586     16384.00
      55.679     0.999945     35226800     18204.44
      56.223     0.999951     35227016     20480.00
      56.799     0.999957     35227229     23405.71
      57.375     0.999963     35227440     27306.67
      58.143     0.999969     35227659     32768.00
      58.623     0.999973     35227772     36408.89
      59.103     0.999976     35227873     40960.00
      59.711     0.999979     35227976     46811.43
      60.479     0.999982     35228084     54613.33
      61.439     0.999985     35228195     65536.00
      61.855     0.999986     35228245     72817.78
      62.239     0.999988     35228298     81920.00
      62.847     0.999989     35228355     93622.86
      63.487     0.999991     35228408    109226.67
      64.063     0.999992     35228463    131072.00
      64.511     0.999993     35228488    145635.56
      65.151     0.999994     35228514    163840.00
      65.919     0.999995     35228540    187245.71
      66.751     0.999995     35228568    218453.33
      67.967     0.999996     35228596    262144.00
      68.415     0.999997     35228608    291271.11
      68.991     0.999997     35228621    327680.00
      69.695     0.999997     35228634    374491.43
      70.591     0.999998     35228649    436906.67
      71.807     0.999998     35228662    524288.00
      72.703     0.999998     35228668    582542.22
      73.151     0.999998     35228675    655360.00
      73.471     0.999999     35228681    748982.86
      73.919     0.999999     35228691    873813.33
      74.303     0.999999     35228696   1048576.00
      74.431     0.999999     35228698   1165084.44
      75.007     0.999999     35228702   1310720.00
      75.455     0.999999     35228705   1497965.71
      75.903     0.999999     35228709   1747626.67
      76.607     1.000000     35228712   2097152.00
      76.863     1.000000     35228713   2330168.89
      77.311     1.000000     35228716   2621440.00
      77.439     1.000000     35228717   2995931.43
      77.567     1.000000     35228718   3495253.33
      78.207     1.000000     35228720   4194304.00
      78.335     1.000000     35228721   4660337.78
      78.783     1.000000     35228722   5242880.00
      78.911     1.000000     35228723   5991862.86
      78.911     1.000000     35228723   6990506.67
      78.975     1.000000     35228724   8388608.00
      79.103     1.000000     35228725   9320675.55
      79.103     1.000000     35228725  10485760.00
      79.743     1.000000     35228726  11983725.71
      79.743     1.000000     35228726  13981013.34
      79.743     1.000000     35228726  16777216.00
      79.935     1.000000     35228727  18641351.10
      79.935     1.000000     35228727  20971519.98
      79.935     1.000000     35228727  23967451.45
      79.935     1.000000     35228727  27962026.68
      79.935     1.000000     35228727  33554432.00
      79.999     1.000000     35228728  37282702.28
      79.999     1.000000     35228728          inf
#[Mean    =        3.933, StdDeviation   =        4.752]
#[Max     =       79.936, Total count    =     35228728]
#[Buckets =           27, SubBuckets     =         2048]
----------------------------------------------------------
  41553564 requests in 1.17m, 43.89GB read
Requests/sec: 593627.41
Transfer/sec:    641.99MB
