Running 1m test @ http://172.18.0.2:8080/work
  4 threads and 1024 connections
  Thread calibration: mean lat.: 2.490ms, rate sampling interval: 10ms
  Thread calibration: mean lat.: 2.442ms, rate sampling interval: 10ms
  Thread calibration: mean lat.: 2.516ms, rate sampling interval: 10ms
  Thread calibration: mean lat.: 2.762ms, rate sampling interval: 10ms
  Thread Stats   Avg      Stdev     Max   +/- Stdev
    Latency     1.90ms    0.97ms  13.66ms   67.41%
    Req/Sec   105.49k    12.52k  165.11k    68.45%
  Latency Distribution (HdrHistogram - Recorded Latency)
 50.000%    1.73ms
 75.000%    2.54ms
 90.000%    3.25ms
 99.000%    4.53ms
 99.900%    5.80ms
 99.990%    7.59ms
 99.999%   10.15ms
100.000%   13.67ms

  Detailed Percentile spectrum:
       Value   Percentile   TotalCount 1/(1-Percentile)

       0.011     0.000000            1         1.00
       0.793     0.100000      2350003         1.11
       1.044     0.200000      4705823         1.25
       1.260     0.300000      7048578         1.43
       1.479     0.400000      9402226         1.67
       1.725     0.500000     11748022         2.00
       1.865     0.550000     12922987         2.22
       2.012     0.600000     14095492         2.50
       2.167     0.650000     15270936         2.86
       2.339     0.700000     16448582         3.33
       2.541     0.750000     17624776         4.00
       2.647     0.775000     18203079         4.44
       2.757     0.800000     18793769         5.00
       2.869     0.825000     19382859         5.71
       2.985     0.850000     19971875         6.67
       3.107     0.875000     20553084         8.00
       3.173     0.887500     20846556         8.89
       3.245     0.900000     21144931        10.00
       3.321     0.912500     21434091        11.43
       3.409     0.925000     21730702        13.33
       3.511     0.937500     22024793        16.00
       3.569     0.943750     22168750        17.78
       3.635     0.950000     22314837        20.00
       3.711     0.956250     22462383        22.86
       3.799     0.962500     22607811        26.67
       3.903     0.968750     22753571        32.00
       3.965     0.971875     22829156        35.56
       4.033     0.975000     22902347        40.00
       4.107     0.978125     22974578        45.71
       4.191     0.981250     23047308        53.33
       4.291     0.984375     23121420        64.00
       4.347     0.985938     23157772        71.11
       4.411     0.987500     23194944        80.00
       4.483     0.989062     23232277        91.43
       4.563     0.990625     23268384       106.67
       4.655     0.992188     23304077       128.00
       4.711     0.992969     23323170       142.22
       4.771     0.993750     23341669       160.00
       4.835     0.994531     23359140       182.86
       4.915     0.995313     23377860       213.33
       5.007     0.996094     23395747       256.00
       5.063     0.996484     23405016       284.44
       5.127     0.996875     23414366       320.00
       5.199     0.997266     23423422       365.71
       5.283     0.997656     23432569       426.67
       5.387     0.998047     23441734       512.00
       5.451     0.998242     23446425       568.89
       5.519     0.998437     23450905       640.00
       5.603     0.998633     23455504       731.43
       5.695     0.998828     23459953       853.33
       5.815     0.999023     23464608      1024.00
       5.883     0.999121     23466939      1137.78
       5.955     0.999219     23469113      1280.00
       6.043     0.999316     23471486      1462.86
       6.143     0.999414     23473711      1706.67
       6.267     0.999512     23476066      2048.00
       6.335     0.999561     23477160      2275.56
       6.423     0.999609     23478302      2560.00
       6.527     0.999658     23479464      2925.71
       6.655     0.999707     23480580      3413.33
       6.803     0.999756     23481737      4096.00
       6.887     0.999780     23482308      4551.11
       6.991     0.999805     23482894      5120.00
       7.099     0.999829     23483467      5851.43
       7.223     0.999854     23484031      6826.67
       7.399     0.999878     23484601      8192.00
       7.499     0.999890     23484887      9102.22
       7.615     0.999902     23485175     10240.00
       7.747     0.999915     23485457     11702.86
       7.895     0.999927     23485744     13653.33
       8.055     0.999939     23486038     16384.00
       8.167     0.999945     23486173     18204.44
       8.327     0.999951     23486325     20480.00
       8.479     0.999957     23486461     23405.71
       8.663     0.999963     23486603     27306.67
       8.847     0.999969     23486745     32768.00
       8.967     0.999973     23486816     36408.89
       9.095     0.999976     23486892     40960.00
       9.239     0.999979     23486961     46811.43
       9.455     0.999982     23487033     54613.33
       9.615     0.999985     23487103     65536.00
       9.703     0.999986     23487141     72817.78
       9.831     0.999988     23487177     81920.00
      10.095     0.999989     23487213     93622.86
      10.255     0.999991     23487247    109226.67
      10.511     0.999992     23487283    131072.00
      10.567     0.999993     23487300    145635.56
      10.719     0.999994     23487320    163840.00
      10.823     0.999995     23487339    187245.71
      10.983     0.999995     23487354    218453.33
      11.135     0.999996     23487373    262144.00
      11.207     0.999997     23487381    291271.11
      11.271     0.999997     23487390    327680.00
      11.407     0.999997     23487399    374491.43
      11.647     0.999998     23487409    436906.67
      11.751     0.999998     23487418    524288.00
      11.767     0.999998     23487421    582542.22
      11.839     0.999998     23487426    655360.00
      11.903     0.999999     23487430    748982.86
      12.007     0.999999     23487435    873813.33
      12.087     0.999999     23487439   1048576.00
      12.111     0.999999     23487442   1165084.44
      12.135     0.999999     23487444   1310720.00
      12.183     0.999999     23487446   1497965.71
      12.247     0.999999     23487448   1747626.67
      12.327     1.000000     23487450   2097152.00
      12.359     1.000000     23487451   2330168.89
      13.191     1.000000     23487453   2621440.00
      13.207     1.000000     23487454   2995931.43
      13.215     1.000000     23487455   3495253.33
      13.271     1.000000     23487456   4194304.00
      13.271     1.000000     23487456   4660337.78
      13.295     1.000000     23487457   5242880.00
      13.383     1.000000     23487458   5991862.86
      13.383     1.000000     23487458   6990506.67
      13.543     1.000000     23487459   8388608.00
      13.543     1.000000     23487459   9320675.55
      13.543     1.000000     23487459  10485760.00
      13.663     1.000000     23487460  11983725.71
      13.663     1.000000     23487460  13981013.34
      13.663     1.000000     23487460  16777216.00
      13.663     1.000000     23487460  18641351.10
      13.663     1.000000     23487460  20971519.98
      13.671     1.000000     23487461  23967451.45
      13.671     1.000000     23487461          inf
#[Mean    =        1.900, StdDeviation   =        0.967]
#[Max     =       13.664, Total count    =     23487461]
#[Buckets =           27, SubBuckets     =         2048]
----------------------------------------------------------
  27705172 requests in 1.17m, 29.26GB read
Requests/sec: 395786.64
Transfer/sec:    428.03MB
