Running 1m test @ http://172.18.0.2:8080/work
  4 threads and 1024 connections
  Thread calibration: mean lat.: 1.963ms, rate sampling interval: 10ms
  Thread calibration: mean lat.: 1.969ms, rate sampling interval: 10ms
  Thread calibration: mean lat.: 1.989ms, rate sampling interval: 10ms
  Thread calibration: mean lat.: 1.975ms, rate sampling interval: 10ms
  Thread Stats   Avg      Stdev     Max   +/- Stdev
    Latency     1.93ms    1.93ms  71.23ms   96.74%
    Req/Sec    52.72k     6.33k  273.78k    71.30%
  Latency Distribution (HdrHistogram - Recorded Latency)
 50.000%    1.69ms
 75.000%    2.61ms
 90.000%    3.27ms
 99.000%    4.43ms
 99.900%   32.66ms
 99.990%   65.73ms
 99.999%   69.57ms
100.000%   71.30ms

  Detailed Percentile spectrum:
       Value   Percentile   TotalCount 1/(1-Percentile)

       0.050     0.000000            1         1.00
       0.727     0.100000      1174854         1.11
       0.951     0.200000      2353798         1.25
       1.154     0.300000      3528356         1.43
       1.388     0.400000      4701213         1.67
       1.689     0.500000      5875276         2.00
       1.860     0.550000      6461554         2.22
       2.038     0.600000      7047674         2.50
       2.227     0.650000      7636096         2.86
       2.419     0.700000      8222537         3.33
       2.611     0.750000      8814124         4.00
       2.707     0.775000      9106156         4.44
       2.805     0.800000      9397573         5.00
       2.907     0.825000      9691401         5.71
       3.015     0.850000      9982719         6.67
       3.133     0.875000     10277428         8.00
       3.197     0.887500     10423278         8.89
       3.267     0.900000     10572045        10.00
       3.343     0.912500     10719042        11.43
       3.427     0.925000     10863152        13.33
       3.525     0.937500     11010309        16.00
       3.581     0.943750     11084858        17.78
       3.641     0.950000     11157178        20.00
       3.711     0.956250     11231920        22.86
       3.789     0.962500     11303671        26.67
       3.887     0.968750     11377989        32.00
       3.943     0.971875     11414867        35.56
       4.001     0.975000     11450364        40.00
       4.065     0.978125     11487667        45.71
       4.135     0.981250     11525126        53.33
       4.215     0.984375     11561917        64.00
       4.263     0.985938     11579905        71.11
       4.319     0.987500     11597958        80.00
       4.387     0.989062     11616030        91.43
       4.471     0.990625     11634410       106.67
       4.571     0.992188     11652394       128.00
       4.631     0.992969     11661444       142.22
       4.703     0.993750     11670987       160.00
       4.779     0.994531     11679692       182.86
       4.879     0.995313     11689102       213.33
       4.995     0.996094     11698262       256.00
       5.063     0.996484     11702665       284.44
       5.147     0.996875     11707214       320.00
       5.259     0.997266     11711922       365.71
       5.419     0.997656     11716446       426.67
       5.707     0.998047     11720980       512.00
       6.083     0.998242     11723260       568.89
       8.879     0.998437     11725552       640.00
      17.807     0.998633     11727852       731.43
      25.919     0.998828     11730141       853.33
      33.503     0.999023     11732438      1024.00
      37.247     0.999121     11733584      1137.78
      40.831     0.999219     11734729      1280.00
      44.511     0.999316     11735875      1462.86
      47.775     0.999414     11737027      1706.67
      51.199     0.999512     11738174      2048.00
      52.895     0.999561     11738741      2275.56
      54.591     0.999609     11739322      2560.00
      56.543     0.999658     11739893      2925.71
      58.207     0.999707     11740464      3413.33
      60.095     0.999756     11741036      4096.00
      61.247     0.999780     11741324      4551.11
      62.175     0.999805     11741615      5120.00
      63.039     0.999829     11741902      5851.43
      64.095     0.999854     11742191      6826.67
      64.991     0.999878     11742471      8192.00
      65.407     0.999890     11742612      9102.22
      65.855     0.999902     11742766     10240.00
      66.175     0.999915     11742901     11702.86
      66.623     0.999927     11743055     13653.33
      66.943     0.999939     11743189     16384.00
      67.199     0.999945     11743261     18204.44
      67.391     0.999951     11743335     20480.00
      67.583     0.999957     11743405     23405.71
      67.903     0.999963     11743485     27306.67
      68.223     0.999969     11743550     32768.00
      68.351     0.999973     11743584     36408.89
      68.543     0.999976     11743622     40960.00
      68.799     0.999979     11743659     46811.43
      68.991     0.999982     11743690     54613.33
      69.247     0.999985     11743726     65536.00
      69.375     0.999986     11743752     72817.78
      69.439     0.999988     11743768     81920.00
      69.503     0.999989     11743783     93622.86
      69.631     0.999991     11743798    109226.67
      69.759     0.999992     11743814    131072.00
      69.823     0.999993     11743828    145635.56
      69.887     0.999994     11743839    163840.00
      69.887     0.999995     11743839    187245.71
      69.951     0.999995     11743850    218453.33
      70.015     0.999996     11743857    262144.00
      70.079     0.999997     11743862    291271.11
      70.143     0.999997     11743869    327680.00
      70.207     0.999997     11743878    374491.43
      70.207     0.999998     11743878    436906.67
      70.271     0.999998     11743888    524288.00
      70.271     0.999998     11743888    582542.22
      70.271     0.999998     11743888    655360.00
      70.271     0.999999     11743888    748982.86
      70.271     0.999999     11743888    873813.33
      70.399     0.999999     11743892   1048576.00
      70.399     0.999999     11743892   1165084.44
      70.719     0.999999     11743893   1310720.00
      70.783     0.999999     11743895   1497965.71
      70.783     0.999999     11743895   1747626.67
      70.911     1.000000     11743896   2097152.00
      70.911     1.000000     11743896   2330168.89
      70.975     1.000000     11743897   2621440.00
      71.295     1.000000     11743901   2995931.43
      71.295     1.000000     11743901          inf
#[Mean    =        1.930, StdDeviation   =        1.932]
#[Max     =       71.232, Total count    =     11743901]
#[Buckets =           27, SubBuckets     =         2048]
----------------------------------------------------------
  13872638 requests in 1.17m, 14.65GB read
Requests/sec: 198180.64
Transfer/sec:    214.33MB
