Running 1m test @ http://172.18.0.2:8080/work
  4 threads and 1024 connections
  Thread calibration: mean lat.: 2.764ms, rate sampling interval: 10ms
  Thread calibration: mean lat.: 3.403ms, rate sampling interval: 10ms
  Thread calibration: mean lat.: 2.917ms, rate sampling interval: 10ms
  Thread calibration: mean lat.: 2.618ms, rate sampling interval: 10ms
  Thread Stats   Avg      Stdev     Max   +/- Stdev
    Latency     2.59ms    2.73ms  63.68ms   93.42%
    Req/Sec   158.33k    25.60k  313.22k    71.40%
  Latency Distribution (HdrHistogram - Recorded Latency)
 50.000%    2.01ms
 75.000%    3.11ms
 90.000%    4.55ms
 99.000%   13.09ms
 99.900%   35.23ms
 99.990%   50.94ms
 99.999%   57.53ms
100.000%   63.71ms

  Detailed Percentile spectrum:
       Value   Percentile   TotalCount 1/(1-Percentile)

       0.008     0.000000            1         1.00
       0.806     0.100000      3526136         1.11
       1.131     0.200000      7046952         1.25
       1.420     0.300000     10577469         1.43
       1.696     0.400000     14098513         1.67
       2.006     0.500000     17619231         2.00
       2.177     0.550000     19387149         2.22
       2.361     0.600000     21142528         2.50
       2.571     0.650000     22915646         2.86
       2.815     0.700000     24662649         3.33
       3.107     0.750000     26428688         4.00
       3.275     0.775000     27313695         4.44
       3.457     0.800000     28186102         5.00
       3.665     0.825000     29072842         5.71
       3.905     0.850000     29953153         6.67
       4.191     0.875000     30829875         8.00
       4.363     0.887500     31276558         8.89
       4.555     0.900000     31712737        10.00
       4.783     0.912500     32150273        11.43
       5.071     0.925000     32591422        13.33
       5.435     0.937500     33032036        16.00
       5.655     0.943750     33253974        17.78
       5.903     0.950000     33473402        20.00
       6.195     0.956250     33692311        22.86
       6.559     0.962500     33913003        26.67
       7.043     0.968750     34132272        32.00
       7.363     0.971875     34242104        35.56
       7.759     0.975000     34351762        40.00
       8.279     0.978125     34462359        45.71
       8.975     0.981250     34571886        53.33
       9.975     0.984375     34682342        64.00
      10.631     0.985938     34737231        71.11
      11.423     0.987500     34791912        80.00
      12.399     0.989062     34846963        91.43
      13.607     0.990625     34902088       106.67
      15.143     0.992188     34957144       128.00
      16.103     0.992969     34984682       142.22
      17.231     0.993750     35012119       160.00
      18.559     0.994531     35039740       182.86
      20.095     0.995313     35067238       213.33
      21.935     0.996094     35094701       256.00
      23.023     0.996484     35108446       284.44
      24.239     0.996875     35122270       320.00
      25.615     0.997266     35135881       365.71
      27.151     0.997656     35149652       426.67
      28.943     0.998047     35163402       512.00
      29.967     0.998242     35170349       568.89
      31.071     0.998437     35177168       640.00
      32.335     0.998633     35184050       731.43
      33.791     0.998828     35191034       853.33
      35.455     0.999023     35197911      1024.00
      36.415     0.999121     35201365      1137.78
      37.471     0.999219     35204714      1280.00
      38.687     0.999316     35208224      1462.86
      39.967     0.999414     35211584      1706.67
      41.503     0.999512     35215087      2048.00
      42.431     0.999561     35216783      2275.56
      43.327     0.999609     35218475      2560.00
      44.287     0.999658     35220179      2925.71
      45.311     0.999707     35221944      3413.33
      46.431     0.999756     35223611      4096.00
      47.071     0.999780     35224484      4551.11
      47.743     0.999805     35225343      5120.00
      48.383     0.999829     35226193      5851.43
      49.151     0.999854     35227065      6826.67
      50.015     0.999878     35227917      8192.00
      50.527     0.999890     35228368      9102.22
      51.039     0.999902     35228790     10240.00
      51.583     0.999915     35229221     11702.86
      52.159     0.999927     35229636     13653.33
      52.799     0.999939     35230076     16384.00
      53.119     0.999945     35230278     18204.44
      53.503     0.999951     35230500     20480.00
      53.887     0.999957     35230727     23405.71
      54.335     0.999963     35230934     27306.67
      54.847     0.999969     35231144     32768.00
      55.135     0.999973     35231247     36408.89
      55.423     0.999976     35231357     40960.00
      55.807     0.999979     35231471     46811.43
      56.095     0.999982     35231570     54613.33
      56.607     0.999985     35231679     65536.00
      56.831     0.999986     35231731     72817.78
      57.119     0.999988     35231787     81920.00
      57.407     0.999989     35231836     93622.86
      57.695     0.999991     35231891    109226.67
      58.079     0.999992     35231945    131072.00
      58.335     0.999993     35231971    145635.56
      58.655     0.999994     35231999    163840.00
      58.911     0.999995     35232025    187245.71
      59.167     0.999995     35232051    218453.33
      59.487     0.999996     35232078    262144.00
      59.679     0.999997     35232092    291271.11
      59.903     0.999997     35232105    327680.00
      60.127     0.999997     35232119    374491.43
      60.415     0.999998     35232132    436906.67
      60.575     0.999998     35232145    524288.00
      60.799     0.999998     35232152    582542.22
      60.959     0.999998     35232160    655360.00
      61.183     0.999999     35232166    748982.86
      61.279     0.999999     35232172    873813.33
      61.535     0.999999     35232179   1048576.00
      61.663     0.999999     35232184   1165084.44
      61.727     0.999999     35232187   1310720.00
      61.823     0.999999     35232190   1497965.71
      61.887     0.999999     35232192   1747626.67
      62.047     1.000000     35232196   2097152.00
      62.111     1.000000     35232197   2330168.89
      62.175     1.000000     35232199   2621440.00
      62.207     1.000000     35232201   2995931.43
      62.239     1.000000     35232203   3495253.33
      62.559     1.000000     35232204   4194304.00
      62.687     1.000000     35232205   4660337.78
      62.751     1.000000     35232206   5242880.00
      62.815     1.000000     35232207   5991862.86
      62.815     1.000000     35232207   6990506.67
      62.911     1.000000     35232208   8388608.00
      62.975     1.000000     35232209   9320675.55
      62.975     1.000000     35232209  10485760.00
      63.039     1.000000     35232210  11983725.71
      63.039     1.000000     35232210  13981013.34
      63.039     1.000000     35232210  16777216.00
      63.135     1.000000     35232211  18641351.10
      63.135     1.000000     35232211  20971519.98
      63.135     1.000000     35232211  23967451.45
      63.135     1.000000     35232211  27962026.68
      63.135     1.000000     35232211  33554432.00
      63.711     1.000000     35232212  37282702.28
      63.711     1.000000     35232212          inf
#[Mean    =        2.594, StdDeviation   =        2.732]
#[Max     =       63.680, Total count    =     35232212]
#[Buckets =           27, SubBuckets     =         2048]
----------------------------------------------------------
  41616370 requests in 1.17m, 43.95GB read
Requests/sec: 594511.94
Transfer/sec:    642.94MB
