Running 1m test @ http://172.18.0.2:8080/work
  4 threads and 1024 connections
  Thread calibration: mean lat.: 6.444ms, rate sampling interval: 14ms
  Thread calibration: mean lat.: 5.113ms, rate sampling interval: 10ms
  Thread calibration: mean lat.: 7.426ms, rate sampling interval: 11ms
  Thread calibration: mean lat.: 6.067ms, rate sampling interval: 11ms
  Thread Stats   Avg      Stdev     Max   +/- Stdev
    Latency     2.80ms    2.84ms  70.34ms   92.13%
    Req/Sec   157.23k    23.35k  292.00k    72.30%
  Latency Distribution (HdrHistogram - Recorded Latency)
 50.000%    2.11ms
 75.000%    3.28ms
 90.000%    5.11ms
 99.000%   14.77ms
 99.900%   32.80ms
 99.990%   47.62ms
 99.999%   55.97ms
100.000%   70.40ms

  Detailed Percentile spectrum:
       Value   Percentile   TotalCount 1/(1-Percentile)

       0.015     0.000000            1         1.00
       0.865     0.100000      3523579         1.11
       1.206     0.200000      7054280         1.25
       1.500     0.300000     10572087         1.43
       1.785     0.400000     14101802         1.67
       2.111     0.500000     17632934         2.00
       2.287     0.550000     19392353         2.22
       2.479     0.600000     21152985         2.50
       2.699     0.650000     22914557         2.86
       2.963     0.700000     24666189         3.33
       3.283     0.750000     26426158         4.00
       3.473     0.775000     27312616         4.44
       3.687     0.800000     28188276         5.00
       3.941     0.825000     29071974         5.71
       4.243     0.850000     29951261         6.67
       4.623     0.875000     30833469         8.00
       4.851     0.887500     31273584         8.89
       5.111     0.900000     31714096        10.00
       5.407     0.912500     32153227        11.43
       5.755     0.925000     32593338        13.33
       6.191     0.937500     33032359        16.00
       6.463     0.943750     33252972        17.78
       6.783     0.950000     33470617        20.00
       7.179     0.956250     33691523        22.86
       7.679     0.962500     33911315        26.67
       8.343     0.968750     34131587        32.00
       8.767     0.971875     34241421        35.56
       9.287     0.975000     34352196        40.00
       9.927     0.978125     34461272        45.71
      10.751     0.981250     34571993        53.33
      11.823     0.984375     34681663        64.00
      12.487     0.985938     34736900        71.11
      13.255     0.987500     34791677        80.00
      14.151     0.989062     34846634        91.43
      15.207     0.990625     34901729       106.67
      16.495     0.992188     34957187       128.00
      17.247     0.992969     34984575       142.22
      18.095     0.993750     35011715       160.00
      19.119     0.994531     35039203       182.86
      20.319     0.995313     35066981       213.33
      21.743     0.996094     35094376       256.00
      22.591     0.996484     35108128       284.44
      23.535     0.996875     35121904       320.00
      24.591     0.997266     35135619       365.71
      25.839     0.997656     35149342       426.67
      27.343     0.998047     35163118       512.00
      28.223     0.998242     35170016       568.89
      29.199     0.998437     35176869       640.00
      30.287     0.998633     35183762       731.43
      31.519     0.998828     35190655       853.33
      32.991     0.999023     35197552      1024.00
      33.791     0.999121     35200925      1137.78
      34.719     0.999219     35204421      1280.00
      35.743     0.999316     35207824      1462.86
      36.895     0.999414     35211226      1706.67
      38.239     0.999512     35214716      2048.00
      38.975     0.999561     35216457      2275.56
      39.711     0.999609     35218145      2560.00
      40.575     0.999658     35219831      2925.71
      41.567     0.999707     35221558      3413.33
      42.687     0.999756     35223284      4096.00
      43.327     0.999780     35224133      4551.11
      44.095     0.999805     35225005      5120.00
      44.895     0.999829     35225891      5851.43
      45.695     0.999854     35226728      6826.67
      46.687     0.999878     35227584      8192.00
      47.199     0.999890     35228012      9102.22
      47.743     0.999902     35228428     10240.00
      48.351     0.999915     35228864     11702.86
      49.055     0.999927     35229314     13653.33
      49.791     0.999939     35229729     16384.00
      50.303     0.999945     35229955     18204.44
      50.719     0.999951     35230150     20480.00
      51.167     0.999957     35230365     23405.71
      51.775     0.999963     35230590     27306.67
      52.287     0.999969     35230799     32768.00
      52.639     0.999973     35230910     36408.89
      52.991     0.999976     35231009     40960.00
      53.439     0.999979     35231116     46811.43
      53.983     0.999982     35231226     54613.33
      54.623     0.999985     35231335     65536.00
      54.879     0.999986     35231388     72817.78
      55.263     0.999988     35231440     81920.00
      55.711     0.999989     35231495     93622.86
      56.319     0.999991     35231547    109226.67
      57.279     0.999992     35231600    131072.00
      57.823     0.999993     35231627    145635.56
      58.367     0.999994     35231653    163840.00
      58.975     0.999995     35231680    187245.71
      59.839     0.999995     35231707    218453.33
      60.607     0.999996     35231735    262144.00
      61.247     0.999997     35231748    291271.11
      61.791     0.999997     35231761    327680.00
      62.239     0.999997     35231774    374491.43
      62.847     0.999998     35231788    436906.67
      63.455     0.999998     35231801    524288.00
      63.871     0.999998     35231808    582542.22
      64.287     0.999998     35231815    655360.00
      64.895     0.999999     35231821    748982.86
      65.023     0.999999     35231828    873813.33
      65.535     0.999999     35231835   1048576.00
      65.791     0.999999     35231838   1165084.44
      65.855     0.999999     35231842   1310720.00
      66.175     0.999999     35231846   1497965.71
      66.367     0.999999     35231848   1747626.67
      67.007     1.000000     35231852   2097152.00
      67.135     1.000000     35231853   2330168.89
      67.391     1.000000     35231855   2621440.00
      67.583     1.000000     35231857   2995931.43
      67.647     1.000000     35231859   3495253.33
      67.775     1.000000     35231860   4194304.00
      67.839     1.000000     35231861   4660337.78
      67.903     1.000000     35231862   5242880.00
      68.479     1.000000     35231863   5991862.86
      68.479     1.000000     35231863   6990506.67
      68.735     1.000000     35231864   8388608.00
      69.119     1.000000     35231865   9320675.55
      69.119     1.000000     35231865  10485760.00
      69.375     1.000000     35231866  11983725.71
      69.375     1.000000     35231866  13981013.34
      69.375     1.000000     35231866  16777216.00
      70.079     1.000000     35231867  18641351.10
      70.079     1.000000     35231867  20971519.98
      70.079     1.000000     35231867  23967451.45
      70.079     1.000000     35231867  27962026.68
      70.079     1.000000     35231867  33554432.00
      70.399     1.000000     35231868  37282702.28
      70.399     1.000000     35231868          inf
#[Mean    =        2.798, StdDeviation   =        2.845]
#[Max     =       70.336, Total count    =     35231868]
#[Buckets =           27, SubBuckets     =         2048]
----------------------------------------------------------
  41616117 requests in 1.17m, 43.95GB read
Requests/sec: 594520.14
Transfer/sec:    642.95MB
