Running 1m test @ http://172.18.0.2:8080/work
  4 threads and 1024 connections
  Thread calibration: mean lat.: 4.283ms, rate sampling interval: 12ms
  Thread calibration: mean lat.: 4.897ms, rate sampling interval: 13ms
  Thread calibration: mean lat.: 6.639ms, rate sampling interval: 24ms
  Thread calibration: mean lat.: 5.977ms, rate sampling interval: 19ms
  Thread Stats   Avg      Stdev     Max   +/- Stdev
    Latency     2.63ms    2.36ms  58.18ms   90.52%
    Req/Sec   155.50k    19.50k  287.75k    74.65%
  Latency Distribution (HdrHistogram - Recorded Latency)
 50.000%    2.06ms
 75.000%    3.22ms
 90.000%    4.79ms
 99.000%   12.04ms
 99.900%   25.76ms
 99.990%   38.59ms
 99.999%   48.90ms
100.000%   58.21ms

  Detailed Percentile spectrum:
       Value   Percentile   TotalCount 1/(1-Percentile)

       0.010     0.000000            1         1.00
       0.826     0.100000      3525133         1.11
       1.159     0.200000      7047442         1.25
       1.453     0.300000     10576338         1.43
       1.736     0.400000     14102264         1.67
       2.059     0.500000     17630592         2.00
       2.235     0.550000     19389036         2.22
       2.427     0.600000     21144810         2.50
       2.649     0.650000     22912574         2.86
       2.911     0.700000     24667452         3.33
       3.223     0.750000     26433204         4.00
       3.399     0.775000     27307133         4.44
       3.595     0.800000     28185579         5.00
       3.819     0.825000     29069701         5.71
       4.079     0.850000     29949095         6.67
       4.395     0.875000     30836945         8.00
       4.579     0.887500     31276373         8.89
       4.791     0.900000     31714115        10.00
       5.043     0.912500     32152425        11.43
       5.351     0.925000     32591008        13.33
       5.727     0.937500     33029750        16.00
       5.951     0.943750     33251791        17.78
       6.203     0.950000     33470208        20.00
       6.507     0.956250     33692653        22.86
       6.879     0.962500     33912334        26.67
       7.363     0.968750     34130868        32.00
       7.675     0.971875     34241771        35.56
       8.047     0.975000     34351638        40.00
       8.503     0.978125     34461360        45.71
       9.079     0.981250     34571525        53.33
       9.839     0.984375     34681565        64.00
      10.319     0.985938     34736662        71.11
      10.879     0.987500     34791347        80.00
      11.567     0.989062     34846795        91.43
      12.407     0.990625     34901803       106.67
      13.423     0.992188     34956436       128.00
      14.039     0.992969     34984108       142.22
      14.719     0.993750     35011504       160.00
      15.511     0.994531     35039122       182.86
      16.431     0.995313     35066539       213.33
      17.551     0.996094     35094261       256.00
      18.207     0.996484     35108051       284.44
      18.943     0.996875     35121777       320.00
      19.791     0.997266     35135457       365.71
      20.751     0.997656     35149099       426.67
      21.903     0.998047     35163022       512.00
      22.511     0.998242     35169755       568.89
      23.199     0.998437     35176646       640.00
      23.983     0.998633     35183567       731.43
      24.879     0.998828     35190498       853.33
      25.887     0.999023     35197318      1024.00
      26.479     0.999121     35200754      1137.78
      27.119     0.999219     35204175      1280.00
      27.855     0.999316     35207636      1462.86
      28.687     0.999414     35211052      1706.67
      29.679     0.999512     35214526      2048.00
      30.223     0.999561     35216222      2275.56
      30.847     0.999609     35217924      2560.00
      31.567     0.999658     35219636      2925.71
      32.431     0.999707     35221368      3413.33
      33.471     0.999756     35223096      4096.00
      34.079     0.999780     35223948      4551.11
      34.783     0.999805     35224806      5120.00
      35.551     0.999829     35225653      5851.43
      36.479     0.999854     35226516      6826.67
      37.567     0.999878     35227380      8192.00
      38.111     0.999890     35227801      9102.22
      38.719     0.999902     35228244     10240.00
      39.423     0.999915     35228662     11702.86
      40.127     0.999927     35229086     13653.33
      40.991     0.999939     35229527     16384.00
      41.471     0.999945     35229738     18204.44
      42.015     0.999951     35229948     20480.00
      42.655     0.999957     35230175     23405.71
      43.359     0.999963     35230375     27306.67
      44.255     0.999969     35230593     32768.00
      44.735     0.999973     35230708     36408.89
      45.215     0.999976     35230805     40960.00
      45.791     0.999979     35230913     46811.43
      46.591     0.999982     35231020     54613.33
      47.455     0.999985     35231134     65536.00
      47.775     0.999986     35231182     72817.78
      48.255     0.999988     35231235     81920.00
      48.639     0.999989     35231289     93622.86
      49.215     0.999991     35231344    109226.67
      49.823     0.999992     35231399    131072.00
      50.047     0.999993     35231424    145635.56
      50.463     0.999994     35231452    163840.00
      50.751     0.999995     35231478    187245.71
      51.071     0.999995     35231504    218453.33
      51.615     0.999996     35231533    262144.00
      51.807     0.999997     35231545    291271.11
      52.095     0.999997     35231558    327680.00
      52.383     0.999997     35231572    374491.43
      52.703     0.999998     35231585    436906.67
      53.183     0.999998     35231598    524288.00
      53.439     0.999998     35231605    582542.22
      53.887     0.999998     35231612    655360.00
      54.079     0.999999     35231619    748982.86
      54.335     0.999999     35231626    873813.33
      54.559     0.999999     35231632   1048576.00
      54.815     0.999999     35231635   1165084.44
      54.975     0.999999     35231639   1310720.00
      55.103     0.999999     35231642   1497965.71
      55.231     0.999999     35231646   1747626.67
      55.551     1.000000     35231650   2097152.00
      55.551     1.000000     35231650   2330168.89
      55.775     1.000000     35231653   2621440.00
      56.159     1.000000     35231655   2995931.43
      56.159     1.000000     35231655   3495253.33
      56.575     1.000000     35231657   4194304.00
      56.607     1.000000     35231658   4660337.78
      56.927     1.000000     35231659   5242880.00
      56.991     1.000000     35231660   5991862.86
      56.991     1.000000     35231660   6990506.67
      57.471     1.000000     35231661   8388608.00
      57.663     1.000000     35231662   9320675.55
      57.663     1.000000     35231662  10485760.00
      57.855     1.000000     35231663  11983725.71
      57.855     1.000000     35231663  13981013.34
      57.855     1.000000     35231663  16777216.00
      58.047     1.000000     35231664  18641351.10
      58.047     1.000000     35231664  20971519.98
      58.047     1.000000     35231664  23967451.45
      58.047     1.000000     35231664  27962026.68
      58.047     1.000000     35231664  33554432.00
      58.207     1.000000     35231665  37282702.28
      58.207     1.000000     35231665          inf
#[Mean    =        2.628, StdDeviation   =        2.364]
#[Max     =       58.176, Total count    =     35231665]
#[Buckets =           27, SubBuckets     =         2048]
----------------------------------------------------------
  41556706 requests in 1.17m, 43.89GB read
Requests/sec: 593663.48
Transfer/sec:    642.03MB
