Running 1m test @ http://172.18.0.2:8080/work
  4 threads and 1024 connections
  Thread calibration: mean lat.: 2.010ms, rate sampling interval: 10ms
  Thread calibration: mean lat.: 2.006ms, rate sampling interval: 10ms
  Thread calibration: mean lat.: 2.003ms, rate sampling interval: 10ms
  Thread calibration: mean lat.: 1.997ms, rate sampling interval: 10ms
  Thread Stats   Avg      Stdev     Max   +/- Stdev
    Latency     2.10ms    1.09ms  12.13ms   66.51%
    Req/Sec    79.05k    10.08k  120.22k    67.85%
  Latency Distribution (HdrHistogram - Recorded Latency)
 50.000%    1.93ms
 75.000%    2.85ms
 90.000%    3.65ms
 99.000%    4.93ms
 99.900%    6.04ms
 99.990%    7.12ms
 99.999%    8.67ms
100.000%   12.13ms

  Detailed Percentile spectrum:
       Value   Percentile   TotalCount 1/(1-Percentile)

       0.013     0.000000            1         1.00
       0.846     0.100000      1765294         1.11
       1.102     0.200000      3528973         1.25
       1.336     0.300000      5286526         1.43
       1.604     0.400000      7049084         1.67
       1.926     0.500000      8809882         2.00
       2.099     0.550000      9698547         2.22
       2.275     0.600000     10572864         2.50
       2.459     0.650000     11455567         2.86
       2.649     0.700000     12334871         3.33
       2.855     0.750000     13214770         4.00
       2.965     0.775000     13657919         4.44
       3.079     0.800000     14096459         5.00
       3.201     0.825000     14539440         5.71
       3.335     0.850000     14975804         6.67
       3.487     0.875000     15419245         8.00
       3.569     0.887500     15638919         8.89
       3.655     0.900000     15858354        10.00
       3.745     0.912500     16075356        11.43
       3.845     0.925000     16297038        13.33
       3.957     0.937500     16516272        16.00
       4.021     0.943750     16628347        17.78
       4.089     0.950000     16737854        20.00
       4.163     0.956250     16846780        22.86
       4.247     0.962500     16956526        26.67
       4.347     0.968750     17068242        32.00
       4.403     0.971875     17121871        35.56
       4.467     0.975000     17176528        40.00
       4.539     0.978125     17231957        45.71
       4.619     0.981250     17287222        53.33
       4.707     0.984375     17341677        64.00
       4.759     0.985938     17369506        71.11
       4.815     0.987500     17396650        80.00
       4.883     0.989062     17424243        91.43
       4.963     0.990625     17451786       106.67
       5.055     0.992188     17478593       128.00
       5.111     0.992969     17493049       142.22
       5.167     0.993750     17506415       160.00
       5.231     0.994531     17520050       182.86
       5.307     0.995313     17534114       213.33
       5.395     0.996094     17547428       256.00
       5.447     0.996484     17554490       284.44
       5.503     0.996875     17561206       320.00
       5.567     0.997266     17568081       365.71
       5.639     0.997656     17574853       426.67
       5.723     0.998047     17581836       512.00
       5.771     0.998242     17585376       568.89
       5.823     0.998437     17588699       640.00
       5.883     0.998633     17592121       731.43
       5.959     0.998828     17595502       853.33
       6.051     0.999023     17598977      1024.00
       6.103     0.999121     17600718      1137.78
       6.159     0.999219     17602419      1280.00
       6.219     0.999316     17604102      1462.86
       6.291     0.999414     17605817      1706.67
       6.383     0.999512     17607556      2048.00
       6.435     0.999561     17608366      2275.56
       6.499     0.999609     17609263      2560.00
       6.563     0.999658     17610118      2925.71
       6.639     0.999707     17610967      3413.33
       6.735     0.999756     17611835      4096.00
       6.783     0.999780     17612243      4551.11
       6.835     0.999805     17612668      5120.00
       6.899     0.999829     17613096      5851.43
       6.967     0.999854     17613532      6826.67
       7.043     0.999878     17613961      8192.00
       7.083     0.999890     17614185      9102.22
       7.127     0.999902     17614394     10240.00
       7.183     0.999915     17614602     11702.86
       7.247     0.999927     17614815     13653.33
       7.327     0.999939     17615027     16384.00
       7.379     0.999945     17615135     18204.44
       7.451     0.999951     17615247     20480.00
       7.535     0.999957     17615352     23405.71
       7.639     0.999963     17615458     27306.67
       7.771     0.999969     17615565     32768.00
       7.851     0.999973     17615620     36408.89
       7.935     0.999976     17615672     40960.00
       8.027     0.999979     17615731     46811.43
       8.151     0.999982     17615780     54613.33
       8.327     0.999985     17615835     65536.00
       8.407     0.999986     17615864     72817.78
       8.511     0.999988     17615888     81920.00
       8.615     0.999989     17615917     93622.86
       8.743     0.999991     17615942    109226.67
       8.847     0.999992     17615968    131072.00
       8.927     0.999993     17615982    145635.56
       8.967     0.999994     17615996    163840.00
       9.023     0.999995     17616008    187245.71
       9.119     0.999995     17616022    218453.33
       9.247     0.999996     17616035    262144.00
       9.327     0.999997     17616042    291271.11
       9.423     0.999997     17616049    327680.00
       9.447     0.999997     17616055    374491.43
       9.487     0.999998     17616063    436906.67
       9.519     0.999998     17616070    524288.00
       9.575     0.999998     17616072    582542.22
       9.711     0.999998     17616076    655360.00
       9.911     0.999999     17616079    748982.86
       9.991     0.999999     17616082    873813.33
      10.055     0.999999     17616086   1048576.00
      10.199     0.999999     17616087   1165084.44
      10.887     0.999999     17616089   1310720.00
      11.183     0.999999     17616091   1497965.71
      11.375     0.999999     17616092   1747626.67
      11.503     1.000000     17616096   2097152.00
      11.503     1.000000     17616096   2330168.89
      11.503     1.000000     17616096   2621440.00
      11.583     1.000000     17616097   2995931.43
      11.583     1.000000     17616097   3495253.33
      11.599     1.000000     17616098   4194304.00
      11.607     1.000000     17616099   4660337.78
      11.607     1.000000     17616099   5242880.00
      11.719     1.000000     17616100   5991862.86
      11.719     1.000000     17616100   6990506.67
      11.719     1.000000     17616100   8388608.00
      11.783     1.000000     17616101   9320675.55
      11.783     1.000000     17616101  10485760.00
      11.783     1.000000     17616101  11983725.71
      11.783     1.000000     17616101  13981013.34
      11.783     1.000000     17616101  16777216.00
      12.135     1.000000     17616102  18641351.10
      12.135     1.000000     17616102          inf
#[Mean    =        2.103, StdDeviation   =        1.095]
#[Max     =       12.128, Total count    =     17616102]
#[Buckets =           27, SubBuckets     =         2048]
----------------------------------------------------------
  20808881 requests in 1.17m, 21.98GB read
Requests/sec: 297262.90
Transfer/sec:    321.48MB
