Running 1m test @ http://172.18.0.2:8080/work
  4 threads and 1024 connections
  Thread calibration: mean lat.: 2.008ms, rate sampling interval: 10ms
  Thread calibration: mean lat.: 2.013ms, rate sampling interval: 10ms
  Thread calibration: mean lat.: 2.015ms, rate sampling interval: 10ms
  Thread calibration: mean lat.: 2.039ms, rate sampling interval: 10ms
  Thread Stats   Avg      Stdev     Max   +/- Stdev
    Latency     2.02ms    1.40ms  40.06ms   84.57%
    Req/Sec   105.47k    13.40k  231.22k    70.58%
  Latency Distribution (HdrHistogram - Recorded Latency)
 50.000%    1.80ms
 75.000%    2.69ms
 90.000%    3.42ms
 99.000%    4.80ms
 99.900%   18.96ms
 99.990%   36.73ms
 99.999%   38.72ms
100.000%   40.09ms

  Detailed Percentile spectrum:
       Value   Percentile   TotalCount 1/(1-Percentile)

       0.008     0.000000            1         1.00
       0.790     0.100000      2349348         1.11
       1.064     0.200000      4702546         1.25
       1.302     0.300000      7055531         1.43
       1.537     0.400000      9403903         1.67
       1.804     0.500000     11746142         2.00
       1.955     0.550000     12922990         2.22
       2.115     0.600000     14093803         2.50
       2.287     0.650000     15274213         2.86
       2.481     0.700000     16445661         3.33
       2.695     0.750000     17616415         4.00
       2.805     0.775000     18203494         4.44
       2.917     0.800000     18792986         5.00
       3.031     0.825000     19381483         5.71
       3.149     0.850000     19966656         6.67
       3.277     0.875000     20555950         8.00
       3.347     0.887500     20849421         8.89
       3.423     0.900000     21142829        10.00
       3.507     0.912500     21436717        11.43
       3.601     0.925000     21725913        13.33
       3.715     0.937500     22020020        16.00
       3.783     0.943750     22169433        17.78
       3.857     0.950000     22315037        20.00
       3.941     0.956250     22461208        22.86
       4.037     0.962500     22607156        26.67
       4.151     0.968750     22756763        32.00
       4.215     0.971875     22830444        35.56
       4.283     0.975000     22900705        40.00
       4.363     0.978125     22975183        45.71
       4.451     0.981250     23048136        53.33
       4.551     0.984375     23120568        64.00
       4.611     0.985938     23158620        71.11
       4.675     0.987500     23194910        80.00
       4.747     0.989062     23230908        91.43
       4.835     0.990625     23268605       106.67
       4.935     0.992188     23304293       128.00
       4.995     0.992969     23322548       142.22
       5.067     0.993750     23341230       160.00
       5.155     0.994531     23359695       182.86
       5.267     0.995313     23377829       213.33
       5.423     0.996094     23396022       256.00
       5.531     0.996484     23404992       284.44
       5.683     0.996875     23414109       320.00
       5.931     0.997266     23423241       365.71
       6.371     0.997656     23432388       426.67
       7.583     0.998047     23441516       512.00
       8.679     0.998242     23446099       568.89
      10.071     0.998437     23450688       640.00
      11.711     0.998633     23455275       731.43
      14.607     0.998828     23459861       853.33
      19.551     0.999023     23464456      1024.00
      21.967     0.999121     23466746      1137.78
      24.335     0.999219     23469035      1280.00
      26.639     0.999316     23471334      1462.86
      28.799     0.999414     23473630      1706.67
      30.783     0.999512     23475934      2048.00
      31.727     0.999561     23477077      2275.56
      32.591     0.999609     23478231      2560.00
      33.343     0.999658     23479395      2925.71
      33.983     0.999707     23480508      3413.33
      34.687     0.999756     23481660      4096.00
      35.039     0.999780     23482280      4551.11
      35.359     0.999805     23482830      5120.00
      35.679     0.999829     23483392      5851.43
      36.031     0.999854     23483986      6826.67
      36.383     0.999878     23484534      8192.00
      36.543     0.999890     23484803      9102.22
      36.767     0.999902     23485122     10240.00
      36.959     0.999915     23485396     11702.86
      37.151     0.999927     23485725     13653.33
      37.311     0.999939     23486002     16384.00
      37.375     0.999945     23486114     18204.44
      37.471     0.999951     23486246     20480.00
      37.567     0.999957     23486409     23405.71
      37.695     0.999963     23486557     27306.67
      37.855     0.999969     23486676     32768.00
      37.951     0.999973     23486748     36408.89
      38.047     0.999976     23486817     40960.00
      38.175     0.999979     23486883     46811.43
      38.335     0.999982     23486967     54613.33
      38.431     0.999985     23487031     65536.00
      38.527     0.999986     23487071     72817.78
      38.591     0.999988     23487098     81920.00
      38.687     0.999989     23487143     93622.86
      38.751     0.999991     23487173    109226.67
      38.879     0.999992     23487211    131072.00
      38.943     0.999993     23487228    145635.56
      39.007     0.999994     23487247    163840.00
      39.039     0.999995     23487258    187245.71
      39.103     0.999995     23487288    218453.33
      39.135     0.999996     23487302    262144.00
      39.167     0.999997     23487312    291271.11
      39.167     0.999997     23487312    327680.00
      39.263     0.999997     23487323    374491.43
      39.327     0.999998     23487331    436906.67
      39.391     0.999998     23487340    524288.00
      39.423     0.999998     23487347    582542.22
      39.455     0.999998     23487349    655360.00
      39.487     0.999999     23487352    748982.86
      39.583     0.999999     23487359    873813.33
      39.615     0.999999     23487361   1048576.00
      39.679     0.999999     23487364   1165084.44
      39.743     0.999999     23487369   1310720.00
      39.743     0.999999     23487369   1497965.71
      39.775     0.999999     23487371   1747626.67
      39.807     1.000000     23487373   2097152.00
      39.807     1.000000     23487373   2330168.89
      39.871     1.000000     23487376   2621440.00
      39.871     1.000000     23487376   2995931.43
      39.935     1.000000     23487378   3495253.33
      39.935     1.000000     23487378   4194304.00
      39.935     1.000000     23487378   4660337.78
      39.967     1.000000     23487381   5242880.00
      39.967     1.000000     23487381   5991862.86
      39.967     1.000000     23487381   6990506.67
      39.967     1.000000     23487381   8388608.00
      39.967     1.000000     23487381   9320675.55
      39.967     1.000000     23487381  10485760.00
      40.063     1.000000     23487382  11983725.71
      40.063     1.000000     23487382  13981013.34
      40.063     1.000000     23487382  16777216.00
      40.063     1.000000     23487382  18641351.10
      40.063     1.000000     23487382  20971519.98
      40.095     1.000000     23487383  23967451.45
      40.095     1.000000     23487383          inf
#[Mean    =        2.020, StdDeviation   =        1.395]
#[Max     =       40.064, Total count    =     23487383]
#[Buckets =           27, SubBuckets     =         2048]
----------------------------------------------------------
  27705586 requests in 1.17m, 29.26GB read
Requests/sec: 395787.19
Transfer/sec:    428.03MB
