Running 1m test @ http://172.18.0.2:8080/work?delay_us=5000&stall_every_ms=5000&stall_ms=200
  4 threads and 1024 connections
  Thread calibration: mean lat.: 12.124ms, rate sampling interval: 17ms
  Thread calibration: mean lat.: 12.134ms, rate sampling interval: 17ms
  Thread calibration: mean lat.: 12.084ms, rate sampling interval: 17ms
  Thread calibration: mean lat.: 12.203ms, rate sampling interval: 17ms
  Thread Stats   Avg      Stdev     Max   +/- Stdev
    Latency    12.71ms   27.47ms 282.11ms   95.72%
    Req/Sec     5.17k     2.57k   51.00k    94.61%
  Latency Distribution (HdrHistogram - Recorded Latency)
 50.000%    7.23ms
 75.000%    7.98ms
 90.000%    8.85ms
 99.000%  177.41ms
 99.900%  220.67ms
 99.990%  264.19ms
 99.999%  276.22ms
100.000%  282.37ms

  Detailed Percentile spectrum:
       Value   Percentile   TotalCount 1/(1-Percentile)

       5.111     0.000000            2         1.00
       6.079     0.100000       117747         1.11
       6.419     0.200000       235006         1.25
       6.699     0.300000       353919         1.43
       6.963     0.400000       470809         1.67
       7.231     0.500000       588510         2.00
       7.367     0.550000       646230         2.22
       7.507     0.600000       704580         2.50
       7.655     0.650000       763363         2.86
       7.815     0.700000       822994         3.33
       7.983     0.750000       881866         4.00
       8.071     0.775000       910501         4.44
       8.171     0.800000       940088         5.00
       8.287     0.825000       969194         5.71
       8.431     0.850000       998880         6.67
       8.607     0.875000      1027660         8.00
       8.719     0.887500      1042697         8.89
       8.847     0.900000      1057014        10.00
       9.015     0.912500      1071883        11.43
       9.247     0.925000      1086418        13.33
       9.799     0.937500      1100866        16.00
      11.623     0.943750      1108149        17.78
      16.223     0.950000      1115475        20.00
      36.575     0.956250      1122823        22.86
      63.103     0.962500      1130154        26.67
      88.703     0.968750      1137509        32.00
     102.335     0.971875      1141173        35.56
     117.311     0.975000      1144844        40.00
     129.343     0.978125      1148514        45.71
     141.567     0.981250      1152188        53.33
     156.543     0.984375      1155841        64.00
     163.583     0.985938      1157679        71.11
     169.599     0.987500      1159545        80.00
     174.335     0.989062      1161372        91.43
     179.711     0.990625      1163191       106.67
     186.367     0.992188      1165013       128.00
     189.951     0.992969      1165940       142.22
     193.663     0.993750      1166853       160.00
     197.375     0.994531      1167787       182.86
     200.959     0.995313      1168705       213.33
     204.799     0.996094      1169635       256.00
     206.591     0.996484      1170069       284.44
     208.639     0.996875      1170543       320.00
     210.559     0.997266      1170992       365.71
     212.479     0.997656      1171458       426.67
     214.399     0.998047      1171901       512.00
     215.423     0.998242      1172138       568.89
     216.447     0.998437      1172363       640.00
     217.727     0.998633      1172584       731.43
     219.263     0.998828      1172824       853.33
     220.927     0.999023      1173044      1024.00
     222.207     0.999121      1173160      1137.78
     224.127     0.999219      1173274      1280.00
     226.175     0.999316      1173389      1462.86
     230.015     0.999414      1173500      1706.67
     235.007     0.999512      1173611      2048.00
     238.591     0.999561      1173670      2275.56
     241.919     0.999609      1173728      2560.00
     244.991     0.999658      1173785      2925.71
     248.063     0.999707      1173841      3413.33
     251.775     0.999756      1173900      4096.00
     253.951     0.999780      1173927      4551.11
     256.127     0.999805      1173955      5120.00
     259.071     0.999829      1173986      5851.43
     260.991     0.999854      1174013      6826.67
     263.167     0.999878      1174046      8192.00
     263.679     0.999890      1174059      9102.22
     264.447     0.999902      1174070     10240.00
     265.727     0.999915      1174084     11702.86
     267.263     0.999927      1174102     13653.33
     268.543     0.999939      1174115     16384.00
     269.055     0.999945      1174120     18204.44
     270.591     0.999951      1174127     20480.00
     271.359     0.999957      1174134     23405.71
     272.127     0.999963      1174142     27306.67
     273.663     0.999969      1174149     32768.00
     273.919     0.999973      1174154     36408.89
     274.687     0.999976      1174159     40960.00
     274.687     0.999979      1174159     46811.43
     275.199     0.999982      1174163     54613.33
     275.967     0.999985      1174168     65536.00
     275.967     0.999986      1174168     72817.78
     276.223     0.999988      1174172     81920.00
     276.223     0.999989      1174172     93622.86
     276.735     0.999991      1174175    109226.67
     276.991     0.999992      1174176    131072.00
     276.991     0.999993      1174176    145635.56
     279.295     0.999994      1174177    163840.00
     280.319     0.999995      1174179    187245.71
     280.319     0.999995      1174179    218453.33
     280.575     0.999996      1174181    262144.00
     280.575     0.999997      1174181    291271.11
     280.575     0.999997      1174181    327680.00
     280.575     0.999997      1174181    374491.43
     280.831     0.999998      1174182    436906.67
     280.831     0.999998      1174182    524288.00
     280.831     0.999998      1174182    582542.22
     282.111     0.999998      1174183    655360.00
     282.111     0.999999      1174183    748982.86
     282.111     0.999999      1174183    873813.33
     282.111     0.999999      1174183   1048576.00
     282.111     0.999999      1174183   1165084.44
     282.367     0.999999      1174184   1310720.00
     282.367     1.000000      1174184          inf
#[Mean    =       12.709, StdDeviation   =       27.472]
#[Max     =      282.112, Total count    =      1174184]
#[Buckets =           27, SubBuckets     =         2048]
----------------------------------------------------------
  1387401 requests in 1.17m, 1.47GB read
Requests/sec:  19820.08
Transfer/sec:     21.43MB
