Running 1m test @ http://172.18.0.2:8080/work
  4 threads and 1024 connections
  Thread calibration: mean lat.: 2.212ms, rate sampling interval: 10ms
  Thread calibration: mean lat.: 2.195ms, rate sampling interval: 10ms
  Thread calibration: mean lat.: 2.160ms, rate sampling interval: 10ms
  Thread calibration: mean lat.: 2.209ms, rate sampling interval: 10ms
  Thread Stats   Avg      Stdev     Max   +/- Stdev
    Latency     2.77ms    2.95ms  67.14ms   92.96%
    Req/Sec   158.25k    25.56k  304.44k    71.80%
  Latency Distribution (HdrHistogram - Recorded Latency)
 50.000%    2.08ms
 75.000%    3.27ms
 90.000%    4.96ms
 99.000%   15.26ms
 99.900%   35.52ms
 99.990%   47.52ms
 99.999%   55.49ms
100.000%   67.20ms

  Detailed Percentile spectrum:
       Value   Percentile   TotalCount 1/(1-Percentile)

       0.013     0.000000            2         1.00
       0.844     0.100000      3527249         1.11
       1.181     0.200000      7051755         1.25
       1.474     0.300000     10571438         1.43
       1.758     0.400000     14100845         1.67
       2.081     0.500000     17615236         2.00
       2.259     0.550000     19392328         2.22
       2.451     0.600000     21137637         2.50
       2.675     0.650000     22901916         2.86
       2.945     0.700000     24665609         3.33
       3.267     0.750000     26425885         4.00
       3.453     0.775000     27308246         4.44
       3.661     0.800000     28190231         5.00
       3.899     0.825000     29068565         5.71
       4.179     0.850000     29948754         6.67
       4.523     0.875000     30831428         8.00
       4.727     0.887500     31268684         8.89
       4.963     0.900000     31707087        10.00
       5.243     0.912500     32147338        11.43
       5.587     0.925000     32590148        13.33
       6.007     0.937500     33026846        16.00
       6.263     0.943750     33248388        17.78
       6.559     0.950000     33468324        20.00
       6.919     0.956250     33687548        22.86
       7.387     0.962500     33909085        26.67
       8.023     0.968750     34128523        32.00
       8.447     0.971875     34239619        35.56
       8.959     0.975000     34348344        40.00
       9.631     0.978125     34458804        45.71
      10.519     0.981250     34568509        53.33
      11.727     0.984375     34678453        64.00
      12.495     0.985938     34733497        71.11
      13.399     0.987500     34788467        80.00
      14.495     0.989062     34843573        91.43
      15.815     0.990625     34898386       106.67
      17.455     0.992188     34953532       128.00
      18.431     0.992969     34980992       142.22
      19.535     0.993750     35008458       160.00
      20.847     0.994531     35036058       182.86
      22.351     0.995313     35063551       213.33
      24.079     0.996094     35090985       256.00
      25.055     0.996484     35104814       284.44
      26.095     0.996875     35118627       320.00
      27.247     0.997266     35132374       365.71
      28.575     0.997656     35146049       426.67
      30.127     0.998047     35159765       512.00
      31.007     0.998242     35166635       568.89
      31.999     0.998437     35173536       640.00
      33.055     0.998633     35180421       731.43
      34.271     0.998828     35187294       853.33
      35.679     0.999023     35194217      1024.00
      36.447     0.999121     35197703      1137.78
      37.279     0.999219     35201154      1280.00
      38.175     0.999316     35204508      1462.86
      39.135     0.999414     35207988      1706.67
      40.223     0.999512     35211423      2048.00
      40.831     0.999561     35213118      2275.56
      41.503     0.999609     35214863      2560.00
      42.207     0.999658     35216543      2925.71
      42.975     0.999707     35218258      3413.33
      43.839     0.999756     35220000      4096.00
      44.319     0.999780     35220858      4551.11
      44.831     0.999805     35221704      5120.00
      45.439     0.999829     35222568      5851.43
      46.047     0.999854     35223409      6826.67
      46.751     0.999878     35224254      8192.00
      47.135     0.999890     35224682      9102.22
      47.583     0.999902     35225112     10240.00
      48.127     0.999915     35225554     11702.86
      48.671     0.999927     35225969     13653.33
      49.311     0.999939     35226417     16384.00
      49.663     0.999945     35226630     18204.44
      50.015     0.999951     35226836     20480.00
      50.527     0.999957     35227062     23405.71
      51.007     0.999963     35227259     27306.67
      51.679     0.999969     35227476     32768.00
      52.063     0.999973     35227584     36408.89
      52.479     0.999976     35227693     40960.00
      52.895     0.999979     35227800     46811.43
      53.375     0.999982     35227905     54613.33
      53.951     0.999985     35228014     65536.00
      54.335     0.999986     35228072     72817.78
      54.687     0.999988     35228119     81920.00
      55.199     0.999989     35228175     93622.86
      55.775     0.999991     35228228    109226.67
      56.383     0.999992     35228283    131072.00
      56.991     0.999993     35228309    145635.56
      57.535     0.999994     35228335    163840.00
      58.303     0.999995     35228362    187245.71
      59.007     0.999995     35228388    218453.33
      59.743     0.999996     35228416    262144.00
      60.063     0.999997     35228430    291271.11
      60.383     0.999997     35228444    327680.00
      60.671     0.999997     35228457    374491.43
      61.183     0.999998     35228470    436906.67
      61.375     0.999998     35228482    524288.00
      61.695     0.999998     35228489    582542.22
      61.983     0.999998     35228496    655360.00
      62.399     0.999999     35228502    748982.86
      62.687     0.999999     35228509    873813.33
      63.135     0.999999     35228516   1048576.00
      63.455     0.999999     35228520   1165084.44
      63.807     0.999999     35228523   1310720.00
      64.383     0.999999     35228527   1497965.71
      64.671     0.999999     35228529   1747626.67
      64.895     1.000000     35228533   2097152.00
      64.927     1.000000     35228534   2330168.89
      65.343     1.000000     35228536   2621440.00
      65.727     1.000000     35228538   2995931.43
      65.919     1.000000     35228539   3495253.33
      66.303     1.000000     35228541   4194304.00
      66.367     1.000000     35228542   4660337.78
      66.495     1.000000     35228543   5242880.00
      66.559     1.000000     35228544   5991862.86
      66.559     1.000000     35228544   6990506.67
      66.943     1.000000     35228546   8388608.00
      66.943     1.000000     35228546   9320675.55
      66.943     1.000000     35228546  10485760.00
      67.007     1.000000     35228547  11983725.71
      67.007     1.000000     35228547  13981013.34
      67.007     1.000000     35228547  16777216.00
      67.135     1.000000     35228548  18641351.10
      67.135     1.000000     35228548  20971519.98
      67.135     1.000000     35228548  23967451.45
      67.135     1.000000     35228548  27962026.68
      67.135     1.000000     35228548  33554432.00
      67.199     1.000000     35228549  37282702.28
      67.199     1.000000     35228549          inf
#[Mean    =        2.772, StdDeviation   =        2.953]
#[Max     =       67.136, Total count    =     35228549]
#[Buckets =           27, SubBuckets     =         2048]
----------------------------------------------------------
  41554421 requests in 1.17m, 43.89GB read
Requests/sec: 593640.12
Transfer/sec:    642.00MB
