Running 1m test @ http://172.18.0.2:8080/work
  4 threads and 1024 connections
  Thread calibration: mean lat.: 2.251ms, rate sampling interval: 10ms
  Thread calibration: mean lat.: 2.329ms, rate sampling interval: 10ms
  Thread calibration: mean lat.: 2.450ms, rate sampling interval: 10ms
  Thread calibration: mean lat.: 2.329ms, rate sampling interval: 10ms
  Thread Stats   Avg      Stdev     Max   +/- Stdev
    Latency     2.55ms    2.29ms  49.95ms   90.58%
    Req/Sec   158.26k    25.57k  309.67k    71.16%
  Latency Distribution (HdrHistogram - Recorded Latency)
 50.000%    2.00ms
 75.000%    3.12ms
 90.000%    4.63ms
 99.000%   11.48ms
 99.900%   25.89ms
 99.990%   36.45ms
 99.999%   43.10ms
100.000%   49.98ms

  Detailed Percentile spectrum:
       Value   Percentile   TotalCount 1/(1-Percentile)

       0.010     0.000000            1         1.00
       0.811     0.100000      3532913         1.11
       1.133     0.200000      7055095         1.25
       1.418     0.300000     10577473         1.43
       1.691     0.400000     14097220         1.67
       1.999     0.500000     17623167         2.00
       2.169     0.550000     19382365         2.22
       2.355     0.600000     21149447         2.50
       2.565     0.650000     22904442         2.86
       2.815     0.700000     24663713         3.33
       3.117     0.750000     26434220         4.00
       3.289     0.775000     27311774         4.44
       3.479     0.800000     28188959         5.00
       3.695     0.825000     29068038         5.71
       3.947     0.850000     29947425         6.67
       4.251     0.875000     30829971         8.00
       4.431     0.887500     31275098         8.89
       4.635     0.900000     31711895        10.00
       4.879     0.912500     32151833        11.43
       5.175     0.925000     32589801        13.33
       5.539     0.937500     33030403        16.00
       5.755     0.943750     33253605        17.78
       5.995     0.950000     33470609        20.00
       6.283     0.956250     33693433        22.86
       6.627     0.962500     33912146        26.67
       7.079     0.968750     34132780        32.00
       7.359     0.971875     34241486        35.56
       7.699     0.975000     34351738        40.00
       8.123     0.978125     34462263        45.71
       8.655     0.981250     34572069        53.33
       9.367     0.984375     34682017        64.00
       9.823     0.985938     34737319        71.11
      10.359     0.987500     34791911        80.00
      11.015     0.989062     34847353        91.43
      11.823     0.990625     34902134       106.67
      12.855     0.992188     34956975       128.00
      13.487     0.992969     34984676       142.22
      14.191     0.993750     35011976       160.00
      15.039     0.994531     35039624       182.86
      16.015     0.995313     35067033       213.33
      17.215     0.996094     35094741       256.00
      17.903     0.996484     35108519       284.44
      18.671     0.996875     35122205       320.00
      19.535     0.997266     35135941       365.71
      20.543     0.997656     35149715       426.67
      21.711     0.998047     35163325       512.00
      22.399     0.998242     35170263       568.89
      23.151     0.998437     35177133       640.00
      23.999     0.998633     35184036       731.43
      24.943     0.998828     35190896       853.33
      26.031     0.999023     35197771      1024.00
      26.639     0.999121     35201237      1137.78
      27.327     0.999219     35204682      1280.00
      28.047     0.999316     35208065      1462.86
      28.863     0.999414     35211544      1706.67
      29.759     0.999512     35214937      2048.00
      30.287     0.999561     35216707      2275.56
      30.831     0.999609     35218373      2560.00
      31.455     0.999658     35220130      2925.71
      32.159     0.999707     35221837      3413.33
      32.959     0.999756     35223556      4096.00
      33.407     0.999780     35224456      4551.11
      33.855     0.999805     35225257      5120.00
      34.399     0.999829     35226118      5851.43
      35.039     0.999854     35226989      6826.67
      35.743     0.999878     35227846      8192.00
      36.127     0.999890     35228267      9102.22
      36.543     0.999902     35228715     10240.00
      37.055     0.999915     35229148     11702.86
      37.599     0.999927     35229568     13653.33
      38.207     0.999939     35229999     16384.00
      38.559     0.999945     35230206     18204.44
      38.975     0.999951     35230423     20480.00
      39.391     0.999957     35230631     23405.71
      39.871     0.999963     35230860     27306.67
      40.383     0.999969     35231069     32768.00
      40.671     0.999973     35231167     36408.89
      40.959     0.999976     35231280     40960.00
      41.343     0.999979     35231385     46811.43
      41.695     0.999982     35231490     54613.33
      42.143     0.999985     35231596     65536.00
      42.399     0.999986     35231650     72817.78
      42.655     0.999988     35231706     81920.00
      42.943     0.999989     35231760     93622.86
      43.231     0.999991     35231815    109226.67
      43.647     0.999992     35231865    131072.00
      43.871     0.999993     35231892    145635.56
      44.095     0.999994     35231921    163840.00
      44.287     0.999995     35231947    187245.71
      44.575     0.999995     35231973    218453.33
      44.959     0.999996     35231999    262144.00
      45.151     0.999997     35232013    291271.11
      45.471     0.999997     35232028    327680.00
      45.663     0.999997     35232039    374491.43
      45.951     0.999998     35232055    436906.67
      46.175     0.999998     35232066    524288.00
      46.367     0.999998     35232073    582542.22
      46.495     0.999998     35232080    655360.00
      46.719     0.999999     35232087    748982.86
      46.943     0.999999     35232093    873813.33
      47.231     0.999999     35232101   1048576.00
      47.327     0.999999     35232103   1165084.44
      47.551     0.999999     35232109   1310720.00
      47.583     0.999999     35232111   1497965.71
      47.647     0.999999     35232113   1747626.67
      47.839     1.000000     35232117   2097152.00
      47.871     1.000000     35232118   2330168.89
      48.031     1.000000     35232120   2621440.00
      48.127     1.000000     35232122   2995931.43
      48.159     1.000000     35232123   3495253.33
      48.799     1.000000     35232125   4194304.00
      48.831     1.000000     35232126   4660337.78
      48.927     1.000000     35232127   5242880.00
      49.247     1.000000     35232128   5991862.86
      49.247     1.000000     35232128   6990506.67
      49.727     1.000000     35232129   8388608.00
      49.887     1.000000     35232131   9320675.55
      49.887     1.000000     35232131  10485760.00
      49.887     1.000000     35232131  11983725.71
      49.887     1.000000     35232131  13981013.34
      49.887     1.000000     35232131  16777216.00
      49.919     1.000000     35232132  18641351.10
      49.919     1.000000     35232132  20971519.98
      49.919     1.000000     35232132  23967451.45
      49.919     1.000000     35232132  27962026.68
      49.919     1.000000     35232132  33554432.00
      49.983     1.000000     35232133  37282702.28
      49.983     1.000000     35232133          inf
#[Mean    =        2.548, StdDeviation   =        2.292]
#[Max     =       49.952, Total count    =     35232133]
#[Buckets =           27, SubBuckets     =         2048]
----------------------------------------------------------
  41557139 requests in 1.17m, 43.89GB read
Requests/sec: 593679.30
Transfer/sec:    642.04MB
