Running 1m test @ http://172.18.0.2:8080/work?delay_us=5000
  4 threads and 1024 connections
  Thread calibration: mean lat.: 7.172ms, rate sampling interval: 16ms
  Thread calibration: mean lat.: 7.149ms, rate sampling interval: 16ms
  Thread calibration: mean lat.: 7.384ms, rate sampling interval: 17ms
  Thread calibration: mean lat.: 7.174ms, rate sampling interval: 16ms
  Thread Stats   Avg      Stdev     Max   +/- Stdev
    Latency     7.12ms    0.99ms  22.93ms   75.29%
    Req/Sec     5.17k     2.46k   14.19k    79.18%
  Latency Distribution (HdrHistogram - Recorded Latency)
 50.000%    7.04ms
 75.000%    7.66ms
 90.000%    8.20ms
 99.000%    9.87ms
 99.900%   16.09ms
 99.990%   20.67ms
 99.999%   22.56ms
100.000%   22.94ms

  Detailed Percentile spectrum:
       Value   Percentile   TotalCount 1/(1-Percentile)

       5.087     0.000000            1         1.00
       6.015     0.100000       118078         1.11
       6.327     0.200000       235360         1.25
       6.575     0.300000       353560         1.43
       6.807     0.400000       471535         1.67
       7.035     0.500000       588133         2.00
       7.151     0.550000       646616         2.22
       7.271     0.600000       704959         2.50
       7.395     0.650000       763476         2.86
       7.527     0.700000       823532         3.33
       7.663     0.750000       881331         4.00
       7.735     0.775000       910486         4.44
       7.811     0.800000       939921         5.00
       7.891     0.825000       969132         5.71
       7.983     0.850000       999529         6.67
       8.079     0.875000      1027943         8.00
       8.135     0.887500      1042818         8.89
       8.199     0.900000      1057762        10.00
       8.271     0.912500      1072292        11.43
       8.359     0.925000      1087158        13.33
       8.463     0.937500      1101061        16.00
       8.527     0.943750      1108389        17.78
       8.607     0.950000      1116208        20.00
       8.687     0.956250      1123096        22.86
       8.791     0.962500      1130732        26.67
       8.911     0.968750      1137821        32.00
       8.991     0.971875      1141646        35.56
       9.079     0.975000      1145375        40.00
       9.175     0.978125      1148769        45.71
       9.303     0.981250      1152568        53.33
       9.455     0.984375      1156072        64.00
       9.551     0.985938      1158045        71.11
       9.655     0.987500      1159797        80.00
       9.783     0.989062      1161579        91.43
       9.935     0.990625      1163468       106.67
      10.119     0.992188      1165265       128.00
      10.239     0.992969      1166182       142.22
      10.383     0.993750      1167095       160.00
      10.575     0.994531      1168014       182.86
      10.831     0.995313      1168936       213.33
      11.207     0.996094      1169838       256.00
      11.503     0.996484      1170293       284.44
      11.863     0.996875      1170748       320.00
      12.287     0.997266      1171208       365.71
      12.863     0.997656      1171667       426.67
      13.599     0.998047      1172126       512.00
      14.007     0.998242      1172355       568.89
      14.511     0.998437      1172585       640.00
      15.039     0.998633      1172814       731.43
      15.631     0.998828      1173042       853.33
      16.167     0.999023      1173275      1024.00
      16.479     0.999121      1173390      1137.78
      16.783     0.999219      1173502      1280.00
      17.119     0.999316      1173621      1462.86
      17.487     0.999414      1173730      1706.67
      17.839     0.999512      1173847      2048.00
      18.047     0.999561      1173908      2275.56
      18.239     0.999609      1173964      2560.00
      18.463     0.999658      1174018      2925.71
      18.799     0.999707      1174074      3413.33
      19.183     0.999756      1174134      4096.00
      19.423     0.999780      1174160      4551.11
      19.599     0.999805      1174190      5120.00
      19.967     0.999829      1174219      5851.43
      20.191     0.999854      1174247      6826.67
      20.399     0.999878      1174276      8192.00
      20.575     0.999890      1174292      9102.22
      20.687     0.999902      1174304     10240.00
      20.815     0.999915      1174318     11702.86
      20.991     0.999927      1174332     13653.33
      21.279     0.999939      1174348     16384.00
      21.375     0.999945      1174354     18204.44
      21.503     0.999951      1174361     20480.00
      21.599     0.999957      1174369     23405.71
      21.743     0.999963      1174376     27306.67
      21.903     0.999969      1174383     32768.00
      21.967     0.999973      1174386     36408.89
      22.079     0.999976      1174390     40960.00
      22.143     0.999979      1174393     46811.43
      22.239     0.999982      1174398     54613.33
      22.415     0.999985      1174401     65536.00
      22.463     0.999986      1174402     72817.78
      22.479     0.999988      1174404     81920.00
      22.559     0.999989      1174406     93622.86
      22.591     0.999991      1174409    109226.67
      22.639     0.999992      1174410    131072.00
      22.639     0.999993      1174410    145635.56
      22.655     0.999994      1174411    163840.00
      22.671     0.999995      1174412    187245.71
      22.799     0.999995      1174413    218453.33
      22.815     0.999996      1174414    262144.00
      22.815     0.999997      1174414    291271.11
      22.831     0.999997      1174415    327680.00
      22.831     0.999997      1174415    374491.43
      22.927     0.999998      1174416    436906.67
      22.927     0.999998      1174416    524288.00
      22.927     0.999998      1174416    582542.22
      22.943     0.999998      1174418    655360.00
      22.943     1.000000      1174418          inf
#[Mean    =        7.117, StdDeviation   =        0.994]
#[Max     =       22.928, Total count    =      1174418]
#[Buckets =           27, SubBuckets     =         2048]
----------------------------------------------------------
  1385631 requests in 1.17m, 1.46GB read
Requests/sec:  19794.38
Transfer/sec:     21.41MB
