Running 1m test @ http://172.18.0.2:8080/work
  4 threads and 1024 connections
  Thread calibration: mean lat.: 8.463ms, rate sampling interval: 73ms
  Thread calibration: mean lat.: 7.553ms, rate sampling interval: 51ms
  Thread calibration: mean lat.: 6.458ms, rate sampling interval: 34ms
  Thread calibration: mean lat.: 8.096ms, rate sampling interval: 60ms
  Thread Stats   Avg      Stdev     Max   +/- Stdev
    Latency     2.87ms    2.62ms  50.72ms   90.42%
    Req/Sec   151.63k     7.45k  206.09k    78.94%
  Latency Distribution (HdrHistogram - Recorded Latency)
 50.000%    2.20ms
 75.000%    3.48ms
 90.000%    5.31ms
 99.000%   14.02ms
 99.900%   26.72ms
 99.990%   35.71ms
 99.999%   42.46ms
100.000%   50.75ms

  Detailed Percentile spectrum:
       Value   Percentile   TotalCount 1/(1-Percentile)

       0.010     0.000000            1         1.00
       0.876     0.100000      3532181         1.11
       1.233     0.200000      7051025         1.25
       1.543     0.300000     10571298         1.43
       1.851     0.400000     14098465         1.67
       2.201     0.500000     17618750         2.00
       2.393     0.550000     19386093         2.22
       2.605     0.600000     21145765         2.50
       2.853     0.650000     22908914         2.86
       3.143     0.700000     24669707         3.33
       3.485     0.750000     26428904         4.00
       3.683     0.775000     27310457         4.44
       3.905     0.800000     28188636         5.00
       4.163     0.825000     29078265         5.71
       4.463     0.850000     29952975         6.67
       4.831     0.875000     30829525         8.00
       5.055     0.887500     31271108         8.89
       5.311     0.900000     31709386        10.00
       5.611     0.912500     32150525        11.43
       5.967     0.925000     32592902        13.33
       6.399     0.937500     33032327        16.00
       6.663     0.943750     33253122        17.78
       6.971     0.950000     33472246        20.00
       7.343     0.956250     33690678        22.86
       7.819     0.962500     33911777        26.67
       8.439     0.968750     34131724        32.00
       8.831     0.971875     34242208        35.56
       9.295     0.975000     34351873        40.00
       9.871     0.978125     34462500        45.71
      10.591     0.981250     34572152        53.33
      11.519     0.984375     34682188        64.00
      12.079     0.985938     34736715        71.11
      12.735     0.987500     34792029        80.00
      13.495     0.989062     34847084        91.43
      14.399     0.990625     34901934       106.67
      15.479     0.992188     34957019       128.00
      16.111     0.992969     34984351       142.22
      16.815     0.993750     35011990       160.00
      17.599     0.994531     35039344       182.86
      18.495     0.995313     35066820       213.33
      19.551     0.996094     35094635       256.00
      20.127     0.996484     35108059       284.44
      20.799     0.996875     35122109       320.00
      21.535     0.997266     35135661       365.71
      22.383     0.997656     35149415       426.67
      23.375     0.998047     35163293       512.00
      23.935     0.998242     35170177       568.89
      24.543     0.998437     35177003       640.00
      25.215     0.998633     35183842       731.43
      25.983     0.998828     35190741       853.33
      26.831     0.999023     35197557      1024.00
      27.327     0.999121     35201056      1137.78
      27.871     0.999219     35204454      1280.00
      28.463     0.999316     35207838      1462.86
      29.135     0.999414     35211360      1706.67
      29.871     0.999512     35214742      2048.00
      30.303     0.999561     35216458      2275.56
      30.783     0.999609     35218204      2560.00
      31.327     0.999658     35219912      2925.71
      31.935     0.999707     35221623      3413.33
      32.623     0.999756     35223332      4096.00
      33.023     0.999780     35224210      4551.11
      33.471     0.999805     35225101      5120.00
      33.919     0.999829     35225918      5851.43
      34.463     0.999854     35226801      6826.67
      35.071     0.999878     35227659      8192.00
      35.391     0.999890     35228073      9102.22
      35.807     0.999902     35228490     10240.00
      36.255     0.999915     35228918     11702.86
      36.767     0.999927     35229340     13653.33
      37.407     0.999939     35229777     16384.00
      37.727     0.999945     35229987     18204.44
      38.111     0.999951     35230215     20480.00
      38.527     0.999957     35230416     23405.71
      38.975     0.999963     35230633     27306.67
      39.487     0.999969     35230854     32768.00
      39.807     0.999973     35230962     36408.89
      40.063     0.999976     35231063     40960.00
      40.479     0.999979     35231168     46811.43
      40.927     0.999982     35231278     54613.33
      41.311     0.999985     35231386     65536.00
      41.663     0.999986     35231440     72817.78
      41.951     0.999988     35231490     81920.00
      42.335     0.999989     35231546     93622.86
      42.687     0.999991     35231605    109226.67
      43.007     0.999992     35231657    131072.00
      43.167     0.999993     35231679    145635.56
      43.391     0.999994     35231705    163840.00
      43.679     0.999995     35231732    187245.71
      44.063     0.999995     35231761    218453.33
      44.447     0.999996     35231789    262144.00
      44.703     0.999997     35231800    291271.11
      44.959     0.999997     35231814    327680.00
      45.279     0.999997     35231826    374491.43
      45.567     0.999998     35231840    436906.67
      46.079     0.999998     35231853    524288.00
      46.335     0.999998     35231860    582542.22
      46.687     0.999998     35231867    655360.00
      47.071     0.999999     35231873    748982.86
      47.519     0.999999     35231880    873813.33
      47.935     0.999999     35231887   1048576.00
      48.255     0.999999     35231890   1165084.44
      48.703     0.999999     35231894   1310720.00
      48.767     0.999999     35231897   1497965.71
      48.799     0.999999     35231900   1747626.67
      49.215     1.000000     35231906   2097152.00
      49.215     1.000000     35231906   2330168.89
      49.375     1.000000     35231907   2621440.00
      49.471     1.000000     35231909   2995931.43
      49.599     1.000000     35231911   3495253.33
      49.695     1.000000     35231912   4194304.00
      49.759     1.000000     35231913   4660337.78
      49.791     1.000000     35231915   5242880.00
      49.791     1.000000     35231915   5991862.86
      49.791     1.000000     35231915   6990506.67
      49.951     1.000000     35231916   8388608.00
      49.983     1.000000     35231917   9320675.55
      49.983     1.000000     35231917  10485760.00
      50.175     1.000000     35231919  11983725.71
      50.175     1.000000     35231919  13981013.34
      50.175     1.000000     35231919  16777216.00
      50.175     1.000000     35231919  18641351.10
      50.175     1.000000     35231919  20971519.98
      50.175     1.000000     35231919  23967451.45
      50.175     1.000000     35231919  27962026.68
      50.175     1.000000     35231919  33554432.00
      50.751     1.000000     35231920  37282702.28
      50.751     1.000000     35231920          inf
#[Mean    =        2.868, StdDeviation   =        2.622]
#[Max     =       50.720, Total count    =     35231920]
#[Buckets =           27, SubBuckets     =         2048]
----------------------------------------------------------
  41556918 requests in 1.17m, 43.89GB read
Requests/sec: 593677.94
Transfer/sec:    642.04MB
