Running 1m test @ http://172.18.0.2:8080/work
  4 threads and 1024 connections
  Thread calibration: mean lat.: 2.216ms, rate sampling interval: 10ms
  Thread calibration: mean lat.: 2.363ms, rate sampling interval: 10ms
  Thread calibration: mean lat.: 2.375ms, rate sampling interval: 10ms
  Thread calibration: mean lat.: 2.375ms, rate sampling interval: 10ms
  Thread Stats   Avg      Stdev     Max   +/- Stdev
    Latency     3.50ms    6.57ms  99.52ms   96.23%
    Req/Sec   158.29k    26.77k  300.67k    72.44%
  Latency Distribution (HdrHistogram - Recorded Latency)
 50.000%    2.11ms
 75.000%    3.37ms
 90.000%    5.35ms
 99.000%   41.44ms
 99.900%   70.97ms
 99.990%   80.64ms
 99.999%   89.09ms
100.000%   99.58ms

  Detailed Percentile spectrum:
       Value   Percentile   TotalCount 1/(1-Percentile)

       0.012     0.000000            1         1.00
       0.843     0.100000      3525188         1.11
       1.184     0.200000      7046588         1.25
       1.483     0.300000     10572725         1.43
       1.774     0.400000     14096000         1.67
       2.111     0.500000     17633364         2.00
       2.293     0.550000     19383542         2.22
       2.497     0.600000     21147473         2.50
       2.737     0.650000     22914093         2.86
       3.025     0.700000     24664176         3.33
       3.373     0.750000     26427768         4.00
       3.575     0.775000     27307026         4.44
       3.805     0.800000     28186535         5.00
       4.073     0.825000     29071092         5.71
       4.395     0.850000     29953557         6.67
       4.799     0.875000     30832540         8.00
       5.047     0.887500     31269880         8.89
       5.347     0.900000     31710298        10.00
       5.719     0.912500     32153549        11.43
       6.187     0.925000     32592015        13.33
       6.827     0.937500     33030471        16.00
       7.275     0.943750     33251687        17.78
       7.875     0.950000     33471568        20.00
       8.743     0.956250     33691230        22.86
      10.119     0.962500     33911961        26.67
      12.503     0.968750     34131589        32.00
      14.367     0.971875     34241726        35.56
      16.943     0.975000     34351795        40.00
      20.463     0.978125     34461889        45.71
      24.703     0.981250     34571817        53.33
      29.327     0.984375     34682179        64.00
      31.967     0.985938     34737092        71.11
      35.167     0.987500     34792379        80.00
      38.943     0.989062     34847111        91.43
      43.135     0.990625     34902311       106.67
      47.359     0.992188     34957253       128.00
      49.503     0.992969     34984805       142.22
      51.679     0.993750     35012355       160.00
      53.951     0.994531     35039816       182.86
      56.319     0.995313     35067261       213.33
      58.751     0.996094     35094976       256.00
      60.031     0.996484     35108841       284.44
      61.439     0.996875     35122517       320.00
      62.975     0.997266     35136192       365.71
      64.607     0.997656     35149965       426.67
      66.303     0.998047     35163729       512.00
      67.199     0.998242     35170758       568.89
      68.095     0.998437     35177743       640.00
      68.991     0.998633     35184405       731.43
      70.015     0.998828     35191261       853.33
      71.103     0.999023     35198040      1024.00
      71.743     0.999121     35201782      1137.78
      72.319     0.999219     35205019      1280.00
      72.959     0.999316     35208404      1462.86
      73.663     0.999414     35211879      1706.67
      74.431     0.999512     35215367      2048.00
      74.815     0.999561     35216992      2275.56
      75.263     0.999609     35218770      2560.00
      75.775     0.999658     35220544      2925.71
      76.287     0.999707     35222146      3413.33
      76.991     0.999756     35223874      4096.00
      77.439     0.999780     35224758      4551.11
      77.887     0.999805     35225570      5120.00
      78.463     0.999829     35226460      5851.43
      79.039     0.999854     35227264      6826.67
      79.743     0.999878     35228115      8192.00
      80.191     0.999890     35228536      9102.22
      80.703     0.999902     35228977     10240.00
      81.279     0.999915     35229403     11702.86
      81.919     0.999927     35229862     13653.33
      82.687     0.999939     35230267     16384.00
      83.135     0.999945     35230494     18204.44
      83.583     0.999951     35230708     20480.00
      84.095     0.999957     35230923     23405.71
      84.607     0.999963     35231126     27306.67
      85.247     0.999969     35231333     32768.00
      85.631     0.999973     35231437     36408.89
      86.079     0.999976     35231554     40960.00
      86.591     0.999979     35231657     46811.43
      87.103     0.999982     35231760     54613.33
      87.679     0.999985     35231870     65536.00
      87.999     0.999986     35231921     72817.78
      88.383     0.999988     35231974     81920.00
      88.831     0.999989     35232031     93622.86
      89.343     0.999991     35232083    109226.67
      89.791     0.999992     35232138    131072.00
      90.047     0.999993     35232166    145635.56
      90.303     0.999994     35232191    163840.00
      90.751     0.999995     35232217    187245.71
      91.007     0.999995     35232244    218453.33
      91.519     0.999996     35232270    262144.00
      91.903     0.999997     35232289    291271.11
      92.095     0.999997     35232298    327680.00
      92.543     0.999997     35232313    374491.43
      92.799     0.999998     35232324    436906.67
      93.503     0.999998     35232339    524288.00
      93.631     0.999998     35232344    582542.22
      94.079     0.999998     35232351    655360.00
      94.399     0.999999     35232357    748982.86
      94.975     0.999999     35232364    873813.33
      95.487     0.999999     35232371   1048576.00
      95.871     0.999999     35232374   1165084.44
      96.127     0.999999     35232379   1310720.00
      96.319     0.999999     35232381   1497965.71
      96.575     0.999999     35232385   1747626.67
      96.703     1.000000     35232388   2097152.00
      96.767     1.000000     35232389   2330168.89
      96.959     1.000000     35232391   2621440.00
      97.151     1.000000     35232394   2995931.43
      97.151     1.000000     35232394   3495253.33
      97.663     1.000000     35232396   4194304.00
      97.791     1.000000     35232397   4660337.78
      98.111     1.000000     35232399   5242880.00
      98.111     1.000000     35232399   5991862.86
      98.111     1.000000     35232399   6990506.67
      98.431     1.000000     35232400   8388608.00
      98.751     1.000000     35232401   9320675.55
      98.751     1.000000     35232401  10485760.00
      98.879     1.000000     35232402  11983725.71
      98.879     1.000000     35232402  13981013.34
      98.879     1.000000     35232402  16777216.00
      99.455     1.000000     35232403  18641351.10
      99.455     1.000000     35232403  20971519.98
      99.455     1.000000     35232403  23967451.45
      99.455     1.000000     35232403  27962026.68
      99.455     1.000000     35232403  33554432.00
      99.583     1.000000     35232404  37282702.28
      99.583     1.000000     35232404          inf
#[Mean    =        3.501, StdDeviation   =        6.566]
#[Max     =       99.520, Total count    =     35232404]
#[Buckets =           27, SubBuckets     =         2048]
----------------------------------------------------------
  41557629 requests in 1.17m, 43.89GB read
Requests/sec: 593671.14
Transfer/sec:    642.04MB
