Running 1m test @ http://172.18.0.2:8080/work
  4 threads and 1024 connections
  Thread calibration: mean lat.: 236.639ms, rate sampling interval: 720ms
  Thread calibration: mean lat.: 241.933ms, rate sampling interval: 781ms
  Thread calibration: mean lat.: 236.328ms, rate sampling interval: 737ms
  Thread calibration: mean lat.: 211.809ms, rate sampling interval: 643ms
  Thread Stats   Avg      Stdev     Max   +/- Stdev
    Latency     1.48s   991.33ms   4.44s    61.90%
    Req/Sec   164.64k     9.56k  186.72k    69.02%
  Latency Distribution (HdrHistogram - Recorded Latency)
 50.000%    1.34s 
 75.000%    2.10s 
 90.000%    3.07s 
 99.000%    3.83s 
 99.900%    4.11s 
 99.990%    4.26s 
 99.999%    4.34s 
100.000%    4.44s 

  Detailed Percentile spectrum:
       Value   Percentile   TotalCount 1/(1-Percentile)

      54.431     0.000000            1         1.00
     370.687     0.100000      3867519         1.11
     501.759     0.200000      7726897         1.25
     714.239     0.300000     11594619         1.43
    1067.007     0.400000     15451214         1.67
    1340.415     0.500000     19319058         2.00
    1453.055     0.550000     21248097         2.22
    1561.599     0.600000     23190302         2.50
    1677.311     0.650000     25118040         2.86
    1833.983     0.700000     27044162         3.33
    2103.295     0.750000     28980094         4.00
    2246.655     0.775000     29942797         4.44
    2396.159     0.800000     30911916         5.00
    2547.711     0.825000     31866717         5.71
    2713.599     0.850000     32832181         6.67
    2885.631     0.875000     33800231         8.00
    2977.791     0.887500     34285617         8.89
    3069.951     0.900000     34761858        10.00
    3168.255     0.912500     35254224        11.43
    3264.511     0.925000     35732866        13.33
    3360.767     0.937500     36220285        16.00
    3407.871     0.943750     36460368        17.78
    3454.975     0.950000     36702879        20.00
    3504.127     0.956250     36942300        22.86
    3553.279     0.962500     37177597        26.67
    3604.479     0.968750     37417582        32.00
    3633.151     0.971875     37544476        35.56
    3661.823     0.975000     37664323        40.00
    3690.495     0.978125     37780592        45.71
    3723.263     0.981250     37905743        53.33
    3758.079     0.984375     38026614        64.00
    3776.511     0.985938     38084274        71.11
    3796.991     0.987500     38146820        80.00
    3817.471     0.989062     38202397        91.43
    3844.095     0.990625     38266124       106.67
    3870.719     0.992188     38322859       128.00
    3889.151     0.992969     38355559       142.22
    3905.535     0.993750     38384411       160.00
    3923.967     0.994531     38414671       182.86
    3944.447     0.995313     38445694       213.33
    3964.927     0.996094     38473754       256.00
    3979.263     0.996484     38490295       284.44
    3993.599     0.996875     38504934       320.00
    4007.935     0.997266     38519041       365.71
    4026.367     0.997656     38534759       426.67
    4046.847     0.998047     38549576       512.00
    4057.087     0.998242     38556472       568.89
    4069.375     0.998437     38564245       640.00
    4081.663     0.998633     38571987       731.43
    4095.999     0.998828     38579453       853.33
    4112.383     0.999023     38587067      1024.00
    4120.575     0.999121     38590548      1137.78
    4128.767     0.999219     38594091      1280.00
    4141.055     0.999316     38598337      1462.86
    4151.295     0.999414     38601716      1706.67
    4165.631     0.999512     38605436      2048.00
    4173.823     0.999561     38607281      2275.56
    4182.015     0.999609     38609231      2560.00
    4190.207     0.999658     38611342      2925.71
    4202.495     0.999707     38613607      3413.33
    4210.687     0.999756     38615111      4096.00
    4214.783     0.999780     38615788      4551.11
    4222.975     0.999805     38616920      5120.00
    4231.167     0.999829     38617845      5851.43
    4239.359     0.999854     38618652      6826.67
    4251.647     0.999878     38619779      8192.00
    4255.743     0.999890     38620172      9102.22
    4259.839     0.999902     38620475     10240.00
    4268.031     0.999915     38621020     11702.86
    4276.223     0.999927     38621541     13653.33
    4284.415     0.999939     38622037     16384.00
    4288.511     0.999945     38622255     18204.44
    4292.607     0.999951     38622443     20480.00
    4296.703     0.999957     38622599     23405.71
    4304.895     0.999963     38622879     27306.67
    4313.087     0.999969     38623187     32768.00
    4313.087     0.999973     38623187     36408.89
    4317.183     0.999976     38623358     40960.00
    4321.279     0.999979     38623496     46811.43
    4325.375     0.999982     38623629     54613.33
    4329.471     0.999985     38623737     65536.00
    4329.471     0.999986     38623737     72817.78
    4333.567     0.999988     38623828     81920.00
    4333.567     0.999989     38623828     93622.86
    4341.759     0.999991     38623914    109226.67
    4349.951     0.999992     38623950    131072.00
    4354.047     0.999993     38623971    145635.56
    4362.239     0.999994     38624030    163840.00
    4362.239     0.999995     38624030    187245.71
    4370.431     0.999995     38624072    218453.33
    4374.527     0.999996     38624092    262144.00
    4378.623     0.999997     38624105    291271.11
    4382.719     0.999997     38624114    327680.00
    4390.911     0.999997     38624142    374491.43
    4395.007     0.999998     38624154    436906.67
    4399.103     0.999998     38624158    524288.00
    4407.295     0.999998     38624169    582542.22
    4415.487     0.999998     38624174    655360.00
    4423.679     0.999999     38624183    748982.86
    4427.775     0.999999     38624201    873813.33
    4427.775     0.999999     38624201   1048576.00
    4427.775     0.999999     38624201   1165084.44
    4431.871     0.999999     38624212   1310720.00
    4431.871     0.999999     38624212   1497965.71
    4431.871     0.999999     38624212   1747626.67
    4435.967     1.000000     38624218   2097152.00
    4435.967     1.000000     38624218   2330168.89
    4435.967     1.000000     38624218   2621440.00
    4440.063     1.000000     38624231   2995931.43
    4440.063     1.000000     38624231          inf
#[Mean    =     1484.346, StdDeviation   =      991.334]
#[Max     =     4435.968, Total count    =     38624231]
#[Buckets =           27, SubBuckets     =         2048]
----------------------------------------------------------
  45840824 requests in 1.17m, 48.41GB read
Requests/sec: 654873.32
Transfer/sec:    708.22MB
