Running 1m test @ http://172.18.0.2:8080/work
  4 threads and 1024 connections
  Thread calibration: mean lat.: 3.130ms, rate sampling interval: 11ms
  Thread calibration: mean lat.: 3.006ms, rate sampling interval: 11ms
  Thread calibration: mean lat.: 2.873ms, rate sampling interval: 11ms
  Thread calibration: mean lat.: 3.326ms, rate sampling interval: 12ms
  Thread Stats   Avg      Stdev     Max   +/- Stdev
    Latency     4.23ms    5.21ms  79.42ms   92.27%
    Req/Sec   170.27k    30.84k  303.40k    69.07%
  Latency Distribution (HdrHistogram - Recorded Latency)
 50.000%    2.72ms
 75.000%    4.68ms
 90.000%    8.04ms
 99.000%   29.42ms
 99.900%   47.01ms
 99.990%   58.98ms
 99.999%   67.39ms
100.000%   79.49ms

  Detailed Percentile spectrum:
       Value   Percentile   TotalCount 1/(1-Percentile)

       0.013     0.000000            1         1.00
       1.008     0.100000      3817347         1.11
       1.441     0.200000      7634955         1.25
       1.821     0.300000     11453229         1.43
       2.243     0.400000     15271335         1.67
       2.719     0.500000     19087034         2.00
       3.003     0.550000     20996271         2.22
       3.325     0.600000     22908051         2.50
       3.693     0.650000     24806675         2.86
       4.135     0.700000     26716305         3.33
       4.683     0.750000     28634188         4.00
       5.007     0.775000     29577652         4.44
       5.383     0.800000     30531429         5.00
       5.823     0.825000     31489035         5.71
       6.355     0.850000     32442060         6.67
       7.047     0.875000     33393531         8.00
       7.495     0.887500     33873734         8.89
       8.039     0.900000     34349761        10.00
       8.727     0.912500     34824730        11.43
       9.647     0.925000     35303970        13.33
      10.927     0.937500     35779341        16.00
      11.783     0.943750     36017569        17.78
      12.839     0.950000     36256270        20.00
      14.143     0.956250     36494454        22.86
      15.751     0.962500     36733250        26.67
      17.711     0.968750     36972051        32.00
      18.847     0.971875     37091119        35.56
      20.095     0.975000     37209746        40.00
      21.503     0.978125     37328856        45.71
      23.119     0.981250     37448880        53.33
      24.991     0.984375     37567976        64.00
      26.063     0.985938     37627735        71.11
      27.231     0.987500     37686763        80.00
      28.559     0.989062     37746788        91.43
      30.047     0.990625     37806304       106.67
      31.743     0.992188     37865612       128.00
      32.703     0.992969     37895372       142.22
      33.759     0.993750     37925739       160.00
      34.911     0.994531     37955567       182.86
      36.191     0.995313     37985371       213.33
      37.663     0.996094     38015129       256.00
      38.495     0.996484     38029925       284.44
      39.391     0.996875     38044623       320.00
      40.383     0.997266     38059263       365.71
      41.503     0.997656     38074397       426.67
      42.719     0.998047     38089199       512.00
      43.423     0.998242     38096766       568.89
      44.191     0.998437     38104095       640.00
      45.055     0.998633     38111660       731.43
      46.015     0.998828     38118925       853.33
      47.135     0.999023     38126393      1024.00
      47.775     0.999121     38130192      1137.78
      48.447     0.999219     38133916      1280.00
      49.183     0.999316     38137564      1462.86
      50.015     0.999414     38141235      1706.67
      51.007     0.999512     38144964      2048.00
      51.615     0.999561     38146894      2275.56
      52.287     0.999609     38148743      2560.00
      53.023     0.999658     38150609      2925.71
      53.855     0.999707     38152447      3413.33
      54.783     0.999756     38154324      4096.00
      55.295     0.999780     38155244      4551.11
      55.839     0.999805     38156152      5120.00
      56.511     0.999829     38157116      5851.43
      57.247     0.999854     38158033      6826.67
      58.079     0.999878     38158966      8192.00
      58.559     0.999890     38159444      9102.22
      59.103     0.999902     38159899     10240.00
      59.647     0.999915     38160336     11702.86
      60.223     0.999927     38160804     13653.33
      60.927     0.999939     38161273     16384.00
      61.343     0.999945     38161503     18204.44
      61.791     0.999951     38161732     20480.00
      62.271     0.999957     38161973     23405.71
      62.911     0.999963     38162205     27306.67
      63.711     0.999969     38162437     32768.00
      64.127     0.999973     38162551     36408.89
      64.543     0.999976     38162665     40960.00
      65.087     0.999979     38162786     46811.43
      65.599     0.999982     38162907     54613.33
      66.111     0.999985     38163021     65536.00
      66.367     0.999986     38163073     72817.78
      66.751     0.999988     38163134     81920.00
      67.135     0.999989     38163188     93622.86
      67.647     0.999991     38163251    109226.67
      68.223     0.999992     38163305    131072.00
      68.479     0.999993     38163342    145635.56
      68.735     0.999994     38163364    163840.00
      68.991     0.999995     38163393    187245.71
      69.631     0.999995     38163421    218453.33
      70.335     0.999996     38163451    262144.00
      70.847     0.999997     38163464    291271.11
      71.423     0.999997     38163482    327680.00
      71.807     0.999997     38163496    374491.43
      72.383     0.999998     38163508    436906.67
      73.215     0.999998     38163524    524288.00
      73.535     0.999998     38163530    582542.22
      74.047     0.999998     38163538    655360.00
      74.623     0.999999     38163548    748982.86
      74.815     0.999999     38163552    873813.33
      75.263     0.999999     38163559   1048576.00
      75.711     0.999999     38163563   1165084.44
      76.223     0.999999     38163566   1310720.00
      76.607     0.999999     38163570   1497965.71
      76.863     0.999999     38163574   1747626.67
      77.119     1.000000     38163578   2097152.00
      77.247     1.000000     38163579   2330168.89
      77.311     1.000000     38163581   2621440.00
      77.887     1.000000     38163584   2995931.43
      78.015     1.000000     38163585   3495253.33
      78.143     1.000000     38163586   4194304.00
      78.463     1.000000     38163587   4660337.78
      78.783     1.000000     38163589   5242880.00
      78.783     1.000000     38163589   5991862.86
      78.975     1.000000     38163591   6990506.67
      78.975     1.000000     38163591   8388608.00
      78.975     1.000000     38163591   9320675.55
      79.039     1.000000     38163592  10485760.00
      79.039     1.000000     38163592  11983725.71
      79.231     1.000000     38163593  13981013.34
      79.231     1.000000     38163593  16777216.00
      79.231     1.000000     38163593  18641351.10
      79.359     1.000000     38163594  20971519.98
      79.359     1.000000     38163594  23967451.45
      79.359     1.000000     38163594  27962026.68
      79.359     1.000000     38163594  33554432.00
      79.359     1.000000     38163594  37282702.28
      79.487     1.000000     38163595  41943039.96
      79.487     1.000000     38163595          inf
#[Mean    =        4.228, StdDeviation   =        5.211]
#[Max     =       79.424, Total count    =     38163595]
#[Buckets =           27, SubBuckets     =         2048]
----------------------------------------------------------
  45016371 requests in 1.17m, 47.54GB read
Requests/sec: 643090.96
Transfer/sec:    695.48MB
