Running 1m test @ http://172.18.0.2:8080/work
  4 threads and 1024 connections
  Thread calibration: mean lat.: 368.393ms, rate sampling interval: 1222ms
  Thread calibration: mean lat.: 384.153ms, rate sampling interval: 1230ms
  Thread calibration: mean lat.: 424.336ms, rate sampling interval: 1491ms
  Thread calibration: mean lat.: 452.177ms, rate sampling interval: 1647ms
  Thread Stats   Avg      Stdev     Max   +/- Stdev
    Latency     1.33s   670.84ms   3.51s    66.40%
    Req/Sec   170.01k     5.24k  184.34k    69.82%
  Latency Distribution (HdrHistogram - Recorded Latency)
 50.000%    1.21s 
 75.000%    1.77s 
 90.000%    2.30s 
 99.000%    3.09s 
 99.900%    3.31s 
 99.990%    3.41s 
 99.999%    3.47s 
100.000%    3.51s 

  Detailed Percentile spectrum:
       Value   Percentile   TotalCount 1/(1-Percentile)

     151.551     0.000000            1         1.00
     539.647     0.100000      3988555         1.11
     742.399     0.200000      7973378         1.25
     877.055     0.300000     11976076         1.43
    1000.447     0.400000     15947007         1.67
    1207.295     0.500000     19936114         2.00
    1300.479     0.550000     21935017         2.22
    1394.687     0.600000     23920142         2.50
    1513.471     0.650000     25920191         2.86
    1643.519     0.700000     27918268         3.33
    1771.519     0.750000     29907769         4.00
    1840.127     0.775000     30901227         4.44
    1910.783     0.800000     31896946         5.00
    1988.607     0.825000     32891083         5.71
    2070.527     0.850000     33891133         6.67
    2164.735     0.875000     34893446         8.00
    2224.127     0.887500     35388830         8.89
    2295.807     0.900000     35890334        10.00
    2375.679     0.912500     36384834        11.43
    2457.599     0.925000     36875235        13.33
    2543.615     0.937500     37379051        16.00
    2590.719     0.943750     37626967        17.78
    2643.967     0.950000     37875087        20.00
    2703.359     0.956250     38122885        22.86
    2768.895     0.962500     38372760        26.67
    2834.431     0.968750     38623872        32.00
    2863.103     0.971875     38745199        35.56
    2895.871     0.975000     38873269        40.00
    2932.735     0.978125     38995105        45.71
    2971.647     0.981250     39123764        53.33
    3008.511     0.984375     39246759        64.00
    3026.943     0.985938     39306627        71.11
    3047.423     0.987500     39369039        80.00
    3071.999     0.989062     39434125        91.43
    3096.575     0.990625     39493731       106.67
    3125.247     0.992188     39556517       128.00
    3141.631     0.992969     39588103       142.22
    3155.967     0.993750     39616359       160.00
    3170.303     0.994531     39646883       182.86
    3186.687     0.995313     39679273       213.33
    3203.071     0.996094     39709454       256.00
    3213.311     0.996484     39728086       284.44
    3221.503     0.996875     39741289       320.00
    3231.743     0.997266     39756585       365.71
    3244.031     0.997656     39772476       426.67
    3260.415     0.998047     39788734       512.00
    3268.607     0.998242     39795293       568.89
    3276.799     0.998437     39803023       640.00
    3287.039     0.998633     39810734       731.43
    3299.327     0.998828     39818207       853.33
    3315.711     0.999023     39826733      1024.00
    3321.855     0.999121     39830258      1137.78
    3327.999     0.999219     39834054      1280.00
    3336.191     0.999316     39838666      1462.86
    3342.335     0.999414     39841876      1706.67
    3352.575     0.999512     39846137      2048.00
    3356.671     0.999561     39847779      2275.56
    3362.815     0.999609     39850058      2560.00
    3366.911     0.999658     39851337      2925.71
    3375.103     0.999707     39853516      3413.33
    3383.295     0.999756     39855648      4096.00
    3385.343     0.999780     39856176      4551.11
    3391.487     0.999805     39857272      5120.00
    3397.631     0.999829     39858184      5851.43
    3403.775     0.999854     39859358      6826.67
    3407.871     0.999878     39860033      8192.00
    3411.967     0.999890     39860672      9102.22
    3414.015     0.999902     39861053     10240.00
    3418.111     0.999915     39861628     11702.86
    3422.207     0.999927     39862129     13653.33
    3426.303     0.999939     39862524     16384.00
    3428.351     0.999945     39862734     18204.44
    3430.399     0.999951     39862929     20480.00
    3432.447     0.999957     39863162     23405.71
    3436.543     0.999963     39863537     27306.67
    3438.591     0.999969     39863646     32768.00
    3442.687     0.999973     39863792     36408.89
    3446.783     0.999976     39863888     40960.00
    3452.927     0.999979     39864057     46811.43
    3454.975     0.999982     39864140     54613.33
    3461.119     0.999985     39864270     65536.00
    3465.215     0.999986     39864321     72817.78
    3467.263     0.999988     39864385     81920.00
    3471.359     0.999989     39864466     93622.86
    3473.407     0.999991     39864495    109226.67
    3477.503     0.999992     39864567    131072.00
    3479.551     0.999993     39864586    145635.56
    3483.647     0.999994     39864620    163840.00
    3489.791     0.999995     39864648    187245.71
    3493.887     0.999995     39864710    218453.33
    3493.887     0.999996     39864710    262144.00
    3495.935     0.999997     39864743    291271.11
    3495.935     0.999997     39864743    327680.00
    3497.983     0.999997     39864765    374491.43
    3500.031     0.999998     39864773    436906.67
    3508.223     0.999998     39864794    524288.00
    3508.223     0.999998     39864794    582542.22
    3510.271     0.999998     39864816    655360.00
    3510.271     0.999999     39864816    748982.86
    3510.271     0.999999     39864816    873813.33
    3512.319     0.999999     39864842   1048576.00
    3512.319     0.999999     39864842   1165084.44
    3512.319     0.999999     39864842   1310720.00
    3512.319     0.999999     39864842   1497965.71
    3512.319     0.999999     39864842   1747626.67
    3512.319     1.000000     39864842   2097152.00
    3512.319     1.000000     39864842   2330168.89
    3514.367     1.000000     39864859   2621440.00
    3514.367     1.000000     39864859          inf
#[Mean    =     1328.267, StdDeviation   =      670.842]
#[Max     =     3512.320, Total count    =     39864859]
#[Buckets =           27, SubBuckets     =         2048]
----------------------------------------------------------
  46766713 requests in 1.17m, 49.39GB read
Requests/sec: 668098.40
Transfer/sec:    722.53MB
