Running 1m test @ http://172.18.0.2:8080/work
  4 threads and 1024 connections
  Thread calibration: mean lat.: 3.302ms, rate sampling interval: 13ms
  Thread calibration: mean lat.: 3.051ms, rate sampling interval: 11ms
  Thread calibration: mean lat.: 3.051ms, rate sampling interval: 12ms
  Thread calibration: mean lat.: 3.219ms, rate sampling interval: 12ms
  Thread Stats   Avg      Stdev     Max   +/- Stdev
    Latency     5.09ms    7.77ms 119.36ms   93.17%
    Req/Sec   169.75k    30.69k  284.18k    68.87%
  Latency Distribution (HdrHistogram - Recorded Latency)
 50.000%    2.92ms
 75.000%    5.17ms
 90.000%    9.58ms
 99.000%   42.59ms
 99.900%   80.00ms
 99.990%   97.79ms
 99.999%  108.16ms
100.000%  119.42ms

  Detailed Percentile spectrum:
       Value   Percentile   TotalCount 1/(1-Percentile)

       0.011     0.000000            1         1.00
       1.056     0.100000      3817385         1.11
       1.515     0.200000      7634528         1.25
       1.932     0.300000     11451829         1.43
       2.393     0.400000     15270774         1.67
       2.925     0.500000     19083944         2.00
       3.241     0.550000     20993375         2.22
       3.601     0.600000     22899153         2.50
       4.025     0.650000     24810590         2.86
       4.535     0.700000     26714360         3.33
       5.175     0.750000     28626743         4.00
       5.559     0.775000     29578828         4.44
       6.007     0.800000     30533632         5.00
       6.551     0.825000     31488433         5.71
       7.247     0.850000     32441018         6.67
       8.191     0.875000     33393805         8.00
       8.815     0.887500     33873706         8.89
       9.583     0.900000     34348816        10.00
      10.583     0.912500     34826675        11.43
      11.927     0.925000     35300970        13.33
      13.823     0.937500     35778055        16.00
      15.071     0.943750     36017325        17.78
      16.575     0.950000     36254836        20.00
      18.415     0.956250     36493823        22.86
      20.671     0.962500     36732859        26.67
      23.487     0.968750     36970275        32.00
      25.167     0.971875     37089593        35.56
      27.119     0.975000     37209277        40.00
      29.375     0.978125     37328282        45.71
      31.967     0.981250     37447571        53.33
      35.007     0.984375     37566742        64.00
      36.767     0.985938     37626224        71.11
      38.719     0.987500     37686036        80.00
      40.991     0.989062     37745621        91.43
      43.775     0.990625     37805139       106.67
      47.295     0.992188     37864801       128.00
      49.375     0.992969     37894736       142.22
      51.711     0.993750     37924537       160.00
      54.239     0.994531     37954088       182.86
      57.183     0.995313     37983989       213.33
      60.447     0.996094     38013757       256.00
      62.207     0.996484     38028726       284.44
      64.095     0.996875     38043622       320.00
      66.239     0.997266     38058689       365.71
      68.607     0.997656     38073505       426.67
      71.295     0.998047     38088324       512.00
      72.831     0.998242     38095857       568.89
      74.431     0.998437     38103267       640.00
      76.159     0.998633     38110740       731.43
      78.015     0.998828     38118070       853.33
      80.319     0.999023     38125614      1024.00
      81.599     0.999121     38129367      1137.78
      82.879     0.999219     38133080      1280.00
      84.223     0.999316     38136700      1462.86
      85.695     0.999414     38140529      1706.67
      87.359     0.999512     38144223      2048.00
      88.191     0.999561     38146022      2275.56
      89.087     0.999609     38147859      2560.00
      90.111     0.999658     38149816      2925.71
      91.135     0.999707     38151633      3413.33
      92.351     0.999756     38153474      4096.00
      93.055     0.999780     38154414      4551.11
      93.823     0.999805     38155317      5120.00
      94.655     0.999829     38156239      5851.43
      95.615     0.999854     38157215      6826.67
      96.703     0.999878     38158148      8192.00
      97.279     0.999890     38158584      9102.22
      97.919     0.999902     38159030     10240.00
      98.623     0.999915     38159509     11702.86
      99.391     0.999927     38159978     13653.33
     100.223     0.999939     38160441     16384.00
     100.735     0.999945     38160688     18204.44
     101.247     0.999951     38160902     20480.00
     101.887     0.999957     38161139     23405.71
     102.591     0.999963     38161367     27306.67
     103.487     0.999969     38161597     32768.00
     104.063     0.999973     38161710     36408.89
     104.639     0.999976     38161832     40960.00
     105.279     0.999979     38161947     46811.43
     105.855     0.999982     38162064     54613.33
     106.559     0.999985     38162178     65536.00
     106.943     0.999986     38162232     72817.78
     107.455     0.999988     38162293     81920.00
     107.967     0.999989     38162352     93622.86
     108.479     0.999991     38162408    109226.67
     109.055     0.999992     38162469    131072.00
     109.311     0.999993     38162496    145635.56
     109.631     0.999994     38162526    163840.00
     110.015     0.999995     38162562    187245.71
     110.335     0.999995     38162585    218453.33
     110.719     0.999996     38162615    262144.00
     111.103     0.999997     38162628    291271.11
     111.487     0.999997     38162641    327680.00
     111.807     0.999997     38162655    374491.43
     112.063     0.999998     38162673    436906.67
     112.383     0.999998     38162685    524288.00
     112.511     0.999998     38162691    582542.22
     112.831     0.999998     38162699    655360.00
     113.151     0.999999     38162706    748982.86
     113.471     0.999999     38162713    873813.33
     113.727     0.999999     38162720   1048576.00
     114.047     0.999999     38162725   1165084.44
     114.367     0.999999     38162728   1310720.00
     114.943     0.999999     38162732   1497965.71
     115.647     0.999999     38162735   1747626.67
     116.799     1.000000     38162738   2097152.00
     116.991     1.000000     38162740   2330168.89
     117.439     1.000000     38162743   2621440.00
     117.567     1.000000     38162744   2995931.43
     118.463     1.000000     38162747   3495253.33
     118.463     1.000000     38162747   4194304.00
     118.591     1.000000     38162748   4660337.78
     118.719     1.000000     38162749   5242880.00
     118.911     1.000000     38162750   5991862.86
     119.039     1.000000     38162751   6990506.67
     119.103     1.000000     38162752   8388608.00
     119.103     1.000000     38162752   9320675.55
     119.295     1.000000     38162754  10485760.00
     119.295     1.000000     38162754  11983725.71
     119.295     1.000000     38162754  13981013.34
     119.295     1.000000     38162754  16777216.00
     119.295     1.000000     38162754  18641351.10
     119.423     1.000000     38162756  20971519.98
     119.423     1.000000     38162756          inf
#[Mean    =        5.088, StdDeviation   =        7.767]
#[Max     =      119.360, Total count    =     38162756]
#[Buckets =           27, SubBuckets     =         2048]
----------------------------------------------------------
  45078306 requests in 1.17m, 47.61GB read
Requests/sec: 643978.75
Transfer/sec:    696.44MB
