Running 1m test @ http://172.18.0.2:8080/work
  4 threads and 1024 connections
  Thread calibration: mean lat.: 7.487ms, rate sampling interval: 22ms
  Thread calibration: mean lat.: 6.081ms, rate sampling interval: 21ms
  Thread calibration: mean lat.: 6.118ms, rate sampling interval: 22ms
  Thread calibration: mean lat.: 5.242ms, rate sampling interval: 13ms
  Thread Stats   Avg      Stdev     Max   +/- Stdev
    Latency     3.73ms    4.61ms  82.43ms   93.18%
    Req/Sec   154.55k    19.32k  276.08k    74.77%
  Latency Distribution (HdrHistogram - Recorded Latency)
 50.000%    2.54ms
 75.000%    4.09ms
 90.000%    6.64ms
 99.000%   26.27ms
 99.900%   45.95ms
 99.990%   58.98ms
 99.999%   68.35ms
100.000%   82.50ms

  Detailed Percentile spectrum:
       Value   Percentile   TotalCount 1/(1-Percentile)

       0.011     0.000000            1         1.00
       0.962     0.100000      3530837         1.11
       1.374     0.200000      7053004         1.25
       1.736     0.300000     10576818         1.43
       2.121     0.400000     14106812         1.67
       2.537     0.500000     17629973         2.00
       2.771     0.550000     19385358         2.22
       3.035     0.600000     21145103         2.50
       3.333     0.650000     22908451         2.86
       3.675     0.700000     24667223         3.33
       4.087     0.750000     26427771         4.00
       4.331     0.775000     27305854         4.44
       4.615     0.800000     28192000         5.00
       4.951     0.825000     29070886         5.71
       5.367     0.850000     29951043         6.67
       5.903     0.875000     30832427         8.00
       6.235     0.887500     31269209         8.89
       6.643     0.900000     31712061        10.00
       7.159     0.912500     32151539        11.43
       7.851     0.925000     32590883        13.33
       8.847     0.937500     33030437        16.00
       9.535     0.943750     33251878        17.78
      10.399     0.950000     33472326        20.00
      11.495     0.956250     33691894        22.86
      12.887     0.962500     33911991        26.67
      14.639     0.968750     34131676        32.00
      15.687     0.971875     34241630        35.56
      16.879     0.975000     34351850        40.00
      18.255     0.978125     34461942        45.71
      19.855     0.981250     34572159        53.33
      21.759     0.984375     34682353        64.00
      22.831     0.985938     34736865        71.11
      24.031     0.987500     34791919        80.00
      25.391     0.989062     34847358        91.43
      26.927     0.990625     34902257       106.67
      28.719     0.992188     34957041       128.00
      29.743     0.992969     34984526       142.22
      30.879     0.993750     35012026       160.00
      32.175     0.994531     35039770       182.86
      33.663     0.995313     35067497       213.33
      35.327     0.996094     35094830       256.00
      36.287     0.996484     35108675       284.44
      37.311     0.996875     35122129       320.00
      38.463     0.997266     35136197       365.71
      39.679     0.997656     35149762       426.67
      41.087     0.998047     35163534       512.00
      41.887     0.998242     35170484       568.89
      42.719     0.998437     35177168       640.00
      43.711     0.998633     35184200       731.43
      44.799     0.998828     35190980       853.33
      46.111     0.999023     35197912      1024.00
      46.815     0.999121     35201253      1137.78
      47.583     0.999219     35204732      1280.00
      48.415     0.999316     35208213      1462.86
      49.343     0.999414     35211595      1706.67
      50.431     0.999512     35215046      2048.00
      51.039     0.999561     35216779      2275.56
      51.711     0.999609     35218449      2560.00
      52.479     0.999658     35220170      2925.71
      53.375     0.999707     35221923      3413.33
      54.463     0.999756     35223666      4096.00
      55.007     0.999780     35224503      4551.11
      55.679     0.999805     35225347      5120.00
      56.351     0.999829     35226217      5851.43
      57.119     0.999854     35227064      6826.67
      58.015     0.999878     35227924      8192.00
      58.559     0.999890     35228364      9102.22
      59.071     0.999902     35228781     10240.00
      59.679     0.999915     35229222     11702.86
      60.351     0.999927     35229635     13653.33
      61.215     0.999939     35230068     16384.00
      61.695     0.999945     35230275     18204.44
      62.239     0.999951     35230496     20480.00
      62.879     0.999957     35230710     23405.71
      63.551     0.999963     35230924     27306.67
      64.223     0.999969     35231136     32768.00
      64.671     0.999973     35231243     36408.89
      65.151     0.999976     35231352     40960.00
      65.727     0.999979     35231458     46811.43
      66.303     0.999982     35231572     54613.33
      66.879     0.999985     35231675     65536.00
      67.199     0.999986     35231731     72817.78
      67.647     0.999988     35231783     81920.00
      68.159     0.999989     35231838     93622.86
      68.735     0.999991     35231891    109226.67
      69.311     0.999992     35231942    131072.00
      69.759     0.999993     35231976    145635.56
      70.143     0.999994     35231997    163840.00
      70.975     0.999995     35232024    187245.71
      71.615     0.999995     35232051    218453.33
      72.255     0.999996     35232077    262144.00
      72.639     0.999997     35232090    291271.11
      73.279     0.999997     35232104    327680.00
      74.047     0.999997     35232117    374491.43
      75.455     0.999998     35232130    436906.67
      75.903     0.999998     35232143    524288.00
      76.415     0.999998     35232151    582542.22
      76.671     0.999998     35232158    655360.00
      77.055     0.999999     35232166    748982.86
      77.311     0.999999     35232171    873813.33
      77.567     0.999999     35232177   1048576.00
      77.887     0.999999     35232181   1165084.44
      78.207     0.999999     35232185   1310720.00
      78.271     0.999999     35232187   1497965.71
      78.783     0.999999     35232190   1747626.67
      79.615     1.000000     35232194   2097152.00
      80.063     1.000000     35232195   2330168.89
      80.255     1.000000     35232197   2621440.00
      80.639     1.000000     35232199   2995931.43
      80.959     1.000000     35232200   3495253.33
      81.087     1.000000     35232202   4194304.00
      81.151     1.000000     35232203   4660337.78
      81.215     1.000000     35232204   5242880.00
      81.343     1.000000     35232205   5991862.86
      81.343     1.000000     35232205   6990506.67
      81.471     1.000000     35232206   8388608.00
      81.599     1.000000     35232207   9320675.55
      81.599     1.000000     35232207  10485760.00
      81.791     1.000000     35232208  11983725.71
      81.791     1.000000     35232208  13981013.34
      81.791     1.000000     35232208  16777216.00
      81.919     1.000000     35232209  18641351.10
      81.919     1.000000     35232209  20971519.98
      81.919     1.000000     35232209  23967451.45
      81.919     1.000000     35232209  27962026.68
      81.919     1.000000     35232209  33554432.00
      82.495     1.000000     35232210  37282702.28
      82.495     1.000000     35232210          inf
#[Mean    =        3.729, StdDeviation   =        4.613]
#[Max     =       82.432, Total count    =     35232210]
#[Buckets =           27, SubBuckets     =         2048]
----------------------------------------------------------
  41616214 requests in 1.17m, 43.95GB read
Requests/sec: 594519.38
Transfer/sec:    642.95MB
