Running 1m test @ http://172.18.0.2:8080/work
  4 threads and 1024 connections
  Thread calibration: mean lat.: 1.805ms, rate sampling interval: 10ms
  Thread calibration: mean lat.: 1.889ms, rate sampling interval: 10ms
  Thread calibration: mean lat.: 1.845ms, rate sampling interval: 10ms
  Thread calibration: mean lat.: 1.870ms, rate sampling interval: 10ms
  Thread Stats   Avg      Stdev     Max   +/- Stdev
    Latency     1.70ms  840.42us   6.18ms   60.92%
    Req/Sec    26.26k     2.44k   40.44k    77.51%
  Latency Distribution (HdrHistogram - Recorded Latency)
 50.000%    1.61ms
 75.000%    2.38ms
 90.000%    2.88ms
 99.000%    3.48ms
 99.900%    3.92ms
 99.990%    4.57ms
 99.999%    5.63ms
100.000%    6.19ms

  Detailed Percentile spectrum:
       Value   Percentile   TotalCount 1/(1-Percentile)

       0.040     0.000000            1         1.00
       0.640     0.100000       588069         1.11
       0.875     0.200000      1176914         1.25
       1.090     0.300000      1762848         1.43
       1.335     0.400000      2351028         1.67
       1.612     0.500000      2936656         2.00
       1.761     0.550000      3231351         2.22
       1.913     0.600000      3523802         2.50
       2.067     0.650000      3817008         2.86
       2.223     0.700000      4113363         3.33
       2.379     0.750000      4406662         4.00
       2.457     0.775000      4552071         4.44
       2.537     0.800000      4699271         5.00
       2.619     0.825000      4847439         5.71
       2.701     0.850000      4991674         6.67
       2.789     0.875000      5140350         8.00
       2.835     0.887500      5214237         8.89
       2.881     0.900000      5286207        10.00
       2.931     0.912500      5360508        11.43
       2.983     0.925000      5433417        13.33
       3.039     0.937500      5506658        16.00
       3.069     0.943750      5543483        17.78
       3.101     0.950000      5580026        20.00
       3.135     0.956250      5615590        22.86
       3.175     0.962500      5652890        26.67
       3.219     0.968750      5688472        32.00
       3.245     0.971875      5707298        35.56
       3.273     0.975000      5725554        40.00
       3.305     0.978125      5744023        45.71
       3.341     0.981250      5762338        53.33
       3.383     0.984375      5780878        64.00
       3.405     0.985938      5789693        71.11
       3.429     0.987500      5798482        80.00
       3.459     0.989062      5808252        91.43
       3.489     0.990625      5816977       106.67
       3.525     0.992188      5826026       128.00
       3.547     0.992969      5830964       142.22
       3.569     0.993750      5835331       160.00
       3.595     0.994531      5839938       182.86
       3.625     0.995313      5844616       213.33
       3.659     0.996094      5849087       256.00
       3.679     0.996484      5851406       284.44
       3.701     0.996875      5853650       320.00
       3.725     0.997266      5855845       365.71
       3.755     0.997656      5858185       426.67
       3.791     0.998047      5860507       512.00
       3.811     0.998242      5861659       568.89
       3.833     0.998437      5862749       640.00
       3.859     0.998633      5863874       731.43
       3.891     0.998828      5865056       853.33
       3.929     0.999023      5866181      1024.00
       3.953     0.999121      5866722      1137.78
       3.979     0.999219      5867296      1280.00
       4.009     0.999316      5867872      1462.86
       4.043     0.999414      5868441      1706.67
       4.081     0.999512      5869020      2048.00
       4.103     0.999561      5869299      2275.56
       4.131     0.999609      5869593      2560.00
       4.163     0.999658      5869880      2925.71
       4.199     0.999707      5870174      3413.33
       4.247     0.999756      5870460      4096.00
       4.279     0.999780      5870605      4551.11
       4.307     0.999805      5870731      5120.00
       4.351     0.999829      5870882      5851.43
       4.407     0.999854      5871025      6826.67
       4.479     0.999878      5871167      8192.00
       4.523     0.999890      5871231      9102.22
       4.583     0.999902      5871303     10240.00
       4.655     0.999915      5871378     11702.86
       4.723     0.999927      5871449     13653.33
       4.807     0.999939      5871518     16384.00
       4.859     0.999945      5871557     18204.44
       4.911     0.999951      5871590     20480.00
       4.999     0.999957      5871627     23405.71
       5.075     0.999963      5871661     27306.67
       5.147     0.999969      5871699     32768.00
       5.195     0.999973      5871715     36408.89
       5.235     0.999976      5871735     40960.00
       5.299     0.999979      5871751     46811.43
       5.363     0.999982      5871769     54613.33
       5.435     0.999985      5871787     65536.00
       5.491     0.999986      5871796     72817.78
       5.535     0.999988      5871805     81920.00
       5.615     0.999989      5871814     93622.86
       5.659     0.999991      5871823    109226.67
       5.731     0.999992      5871833    131072.00
       5.739     0.999993      5871836    145635.56
       5.771     0.999994      5871841    163840.00
       5.783     0.999995      5871846    187245.71
       5.807     0.999995      5871850    218453.33
       5.831     0.999996      5871856    262144.00
       5.831     0.999997      5871856    291271.11
       5.863     0.999997      5871861    327680.00
       5.863     0.999997      5871861    374491.43
       5.911     0.999998      5871863    436906.67
       5.919     0.999998      5871865    524288.00
       5.927     0.999998      5871866    582542.22
       5.947     0.999998      5871868    655360.00
       5.955     0.999999      5871869    748982.86
       5.963     0.999999      5871870    873813.33
       5.991     0.999999      5871871   1048576.00
       5.991     0.999999      5871871   1165084.44
       5.999     0.999999      5871872   1310720.00
       6.119     0.999999      5871873   1497965.71
       6.119     0.999999      5871873   1747626.67
       6.151     1.000000      5871874   2097152.00
       6.151     1.000000      5871874   2330168.89
       6.151     1.000000      5871874   2621440.00
       6.159     1.000000      5871875   2995931.43
       6.159     1.000000      5871875   3495253.33
       6.159     1.000000      5871875   4194304.00
       6.159     1.000000      5871875   4660337.78
       6.159     1.000000      5871875   5242880.00
       6.187     1.000000      5871876   5991862.86
       6.187     1.000000      5871876          inf
#[Mean    =        1.696, StdDeviation   =        0.840]
#[Max     =        6.184, Total count    =      5871876]
#[Buckets =           27, SubBuckets     =         2048]
----------------------------------------------------------
  6926658 requests in 1.17m, 7.32GB read
Requests/sec:  98951.90
Transfer/sec:    107.01MB
