Running 1m test @ http://172.18.0.2:8080/work
  4 threads and 1024 connections
  Thread calibration: mean lat.: 1.871ms, rate sampling interval: 10ms
  Thread calibration: mean lat.: 1.840ms, rate sampling interval: 10ms
  Thread calibration: mean lat.: 1.811ms, rate sampling interval: 10ms
  Thread calibration: mean lat.: 1.829ms, rate sampling interval: 10ms
  Thread Stats   Avg      Stdev     Max   +/- Stdev
    Latency     1.79ms    0.93ms   7.52ms   64.83%
    Req/Sec    26.32k     3.14k   47.78k    71.18%
  Latency Distribution (HdrHistogram - Recorded Latency)
 50.000%    1.68ms
 75.000%    2.43ms
 90.000%    3.08ms
 99.000%    4.19ms
 99.900%    4.74ms
 99.990%    5.17ms
 99.999%    6.17ms
100.000%    7.52ms

  Detailed Percentile spectrum:
       Value   Percentile   TotalCount 1/(1-Percentile)

       0.045     0.000000            2         1.00
       0.667     0.100000       588417         1.11
       0.902     0.200000      1175546         1.25
       1.135     0.300000      1763356         1.43
       1.394     0.400000      2350372         1.67
       1.676     0.500000      2936012         2.00
       1.821     0.550000      3229676         2.22
       1.967     0.600000      3523261         2.50
       2.115     0.650000      3818650         2.86
       2.267     0.700000      4111258         3.33
       2.429     0.750000      4404474         4.00
       2.517     0.775000      4551708         4.44
       2.611     0.800000      4699066         5.00
       2.711     0.825000      4845459         5.71
       2.821     0.850000      4991976         6.67
       2.945     0.875000      5138372         8.00
       3.013     0.887500      5212896         8.89
       3.083     0.900000      5285602        10.00
       3.161     0.912500      5359851        11.43
       3.249     0.925000      5432195        13.33
       3.355     0.937500      5506111        16.00
       3.413     0.943750      5542138        17.78
       3.477     0.950000      5578546        20.00
       3.547     0.956250      5615203        22.86
       3.625     0.962500      5652388        26.67
       3.713     0.968750      5688917        32.00
       3.763     0.971875      5707375        35.56
       3.817     0.975000      5725560        40.00
       3.877     0.978125      5743773        45.71
       3.945     0.981250      5762117        53.33
       4.021     0.984375      5780544        64.00
       4.063     0.985938      5789775        71.11
       4.107     0.987500      5798923        80.00
       4.155     0.989062      5808163        91.43
       4.207     0.990625      5817275       106.67
       4.267     0.992188      5826152       128.00
       4.303     0.992969      5830826       142.22
       4.339     0.993750      5835245       160.00
       4.383     0.994531      5840179       182.86
       4.427     0.995313      5844781       213.33
       4.475     0.996094      5849272       256.00
       4.499     0.996484      5851395       284.44
       4.527     0.996875      5853776       320.00
       4.555     0.997266      5855894       365.71
       4.587     0.997656      5858194       426.67
       4.623     0.998047      5860674       512.00
       4.639     0.998242      5861626       568.89
       4.663     0.998437      5862922       640.00
       4.687     0.998633      5864079       731.43
       4.711     0.998828      5865064       853.33
       4.747     0.999023      5866335      1024.00
       4.763     0.999121      5866846      1137.78
       4.783     0.999219      5867400      1280.00
       4.807     0.999316      5868012      1462.86
       4.831     0.999414      5868525      1706.67
       4.863     0.999512      5869075      2048.00
       4.883     0.999561      5869404      2275.56
       4.903     0.999609      5869689      2560.00
       4.927     0.999658      5869950      2925.71
       4.955     0.999707      5870227      3413.33
       4.995     0.999756      5870520      4096.00
       5.015     0.999780      5870657      4551.11
       5.043     0.999805      5870802      5120.00
       5.067     0.999829      5870939      5851.43
       5.095     0.999854      5871085      6826.67
       5.135     0.999878      5871238      8192.00
       5.155     0.999890      5871301      9102.22
       5.175     0.999902      5871371     10240.00
       5.207     0.999915      5871447     11702.86
       5.239     0.999927      5871518     13653.33
       5.287     0.999939      5871587     16384.00
       5.323     0.999945      5871620     18204.44
       5.371     0.999951      5871657     20480.00
       5.447     0.999957      5871694     23405.71
       5.511     0.999963      5871728     27306.67
       5.651     0.999969      5871763     32768.00
       5.711     0.999973      5871781     36408.89
       5.791     0.999976      5871799     40960.00
       5.843     0.999979      5871817     46811.43
       5.911     0.999982      5871835     54613.33
       5.995     0.999985      5871853     65536.00
       6.035     0.999986      5871862     72817.78
       6.079     0.999988      5871871     81920.00
       6.155     0.999989      5871880     93622.86
       6.223     0.999991      5871889    109226.67
       6.319     0.999992      5871898    131072.00
       6.359     0.999993      5871902    145635.56
       6.467     0.999994      5871907    163840.00
       6.547     0.999995      5871911    187245.71
       6.707     0.999995      5871916    218453.33
       6.743     0.999996      5871921    262144.00
       6.787     0.999997      5871922    291271.11
       6.939     0.999997      5871925    327680.00
       7.023     0.999997      5871927    374491.43
       7.047     0.999998      5871929    436906.67
       7.143     0.999998      5871932    524288.00
       7.143     0.999998      5871932    582542.22
       7.267     0.999998      5871934    655360.00
       7.291     0.999999      5871935    748982.86
       7.295     0.999999      5871936    873813.33
       7.327     0.999999      5871937   1048576.00
       7.327     0.999999      5871937   1165084.44
       7.419     0.999999      5871938   1310720.00
       7.455     0.999999      5871939   1497965.71
       7.455     0.999999      5871939   1747626.67
       7.503     1.000000      5871940   2097152.00
       7.503     1.000000      5871940   2330168.89
       7.503     1.000000      5871940   2621440.00
       7.511     1.000000      5871941   2995931.43
       7.511     1.000000      5871941   3495253.33
       7.511     1.000000      5871941   4194304.00
       7.511     1.000000      5871941   4660337.78
       7.511     1.000000      5871941   5242880.00
       7.519     1.000000      5871942   5991862.86
       7.519     1.000000      5871942          inf
#[Mean    =        1.788, StdDeviation   =        0.932]
#[Max     =        7.516, Total count    =      5871942]
#[Buckets =           27, SubBuckets     =         2048]
----------------------------------------------------------
  6926763 requests in 1.17m, 7.32GB read
Requests/sec:  98952.72
Transfer/sec:    107.01MB
