Running 1m test @ http://172.18.0.2:8080/work?delay_us=5000&stall_every_ms=5000&stall_ms=200
  4 threads and 1024 connections
  Thread calibration: mean lat.: 11.957ms, rate sampling interval: 16ms
  Thread calibration: mean lat.: 11.960ms, rate sampling interval: 17ms
  Thread calibration: mean lat.: 11.945ms, rate sampling interval: 16ms
  Thread calibration: mean lat.: 12.256ms, rate sampling interval: 18ms
  Thread Stats   Avg      Stdev     Max   +/- Stdev
    Latency    12.39ms   26.87ms 227.07ms   95.86%
    Req/Sec     5.17k     3.44k   51.94k    77.05%
  Latency Distribution (HdrHistogram - Recorded Latency)
 50.000%    7.10ms
 75.000%    7.81ms
 90.000%    8.65ms
 99.000%  175.74ms
 99.900%  216.45ms
 99.990%  222.97ms
 99.999%  225.41ms
100.000%  227.20ms

  Detailed Percentile spectrum:
       Value   Percentile   TotalCount 1/(1-Percentile)

       5.083     0.000000            1         1.00
       5.991     0.100000       117638         1.11
       6.323     0.200000       234946         1.25
       6.595     0.300000       352252         1.43
       6.851     0.400000       470947         1.67
       7.099     0.500000       586513         2.00
       7.227     0.550000       645092         2.22
       7.363     0.600000       704983         2.50
       7.499     0.650000       762774         2.86
       7.647     0.700000       821119         3.33
       7.811     0.750000       880233         4.00
       7.903     0.775000       909780         4.44
       8.003     0.800000       938940         5.00
       8.115     0.825000       968269         5.71
       8.247     0.850000       997884         6.67
       8.415     0.875000      1027152         8.00
       8.519     0.887500      1041418         8.89
       8.647     0.900000      1055695        10.00
       8.823     0.912500      1070427        11.43
       9.087     0.925000      1084913        13.33
       9.623     0.937500      1099617        16.00
      10.223     0.943750      1106931        17.78
      13.543     0.950000      1114234        20.00
      30.047     0.956250      1121563        22.86
      57.439     0.962500      1128899        26.67
      85.887     0.968750      1136243        32.00
      99.007     0.971875      1139893        35.56
     114.879     0.975000      1143571        40.00
     127.423     0.978125      1147233        45.71
     139.135     0.981250      1150923        53.33
     154.367     0.984375      1154553        64.00
     161.663     0.985938      1156400        71.11
     168.447     0.987500      1158228        80.00
     173.055     0.989062      1160088        91.43
     177.663     0.990625      1161883       106.67
     183.551     0.992188      1163746       128.00
     186.879     0.992969      1164652       142.22
     190.847     0.993750      1165566       160.00
     195.327     0.994531      1166465       182.86
     199.167     0.995313      1167397       213.33
     202.623     0.996094      1168303       256.00
     204.287     0.996484      1168772       284.44
     206.207     0.996875      1169222       320.00
     208.127     0.997266      1169678       365.71
     210.175     0.997656      1170141       426.67
     212.095     0.998047      1170598       512.00
     212.991     0.998242      1170813       568.89
     214.015     0.998437      1171068       640.00
     214.783     0.998633      1171276       731.43
     215.679     0.998828      1171519       853.33
     216.575     0.999023      1171745      1024.00
     216.959     0.999121      1171854      1137.78
     217.343     0.999219      1171960      1280.00
     217.983     0.999316      1172093      1462.86
     218.495     0.999414      1172201      1706.67
     219.007     0.999512      1172319      2048.00
     219.263     0.999561      1172364      2275.56
     219.647     0.999609      1172428      2560.00
     220.031     0.999658      1172486      2925.71
     220.415     0.999707      1172546      3413.33
     220.927     0.999756      1172593      4096.00
     221.183     0.999780      1172617      4551.11
     221.439     0.999805      1172648      5120.00
     221.823     0.999829      1172678      5851.43
     222.207     0.999854      1172706      6826.67
     222.591     0.999878      1172732      8192.00
     222.847     0.999890      1172754      9102.22
     222.975     0.999902      1172767     10240.00
     223.103     0.999915      1172775     11702.86
     223.359     0.999927      1172796     13653.33
     223.487     0.999939      1172808     16384.00
     223.615     0.999945      1172816     18204.44
     223.743     0.999951      1172823     20480.00
     223.871     0.999957      1172828     23405.71
     223.999     0.999963      1172833     27306.67
     224.127     0.999969      1172839     32768.00
     224.255     0.999973      1172843     36408.89
     224.511     0.999976      1172848     40960.00
     224.639     0.999979      1172852     46811.43
     224.767     0.999982      1172853     54613.33
     225.023     0.999985      1172858     65536.00
     225.023     0.999986      1172858     72817.78
     225.151     0.999988      1172860     81920.00
     225.407     0.999989      1172862     93622.86
     225.535     0.999991      1172864    109226.67
     225.791     0.999992      1172866    131072.00
     225.791     0.999993      1172866    145635.56
     225.919     0.999994      1172867    163840.00
     226.047     0.999995      1172869    187245.71
     226.047     0.999995      1172869    218453.33
     226.303     0.999996      1172871    262144.00
     226.303     0.999997      1172871    291271.11
     226.303     0.999997      1172871    327680.00
     226.303     0.999997      1172871    374491.43
     226.687     0.999998      1172872    436906.67
     226.687     0.999998      1172872    524288.00
     226.687     0.999998      1172872    582542.22
     227.199     0.999998      1172874    655360.00
     227.199     1.000000      1172874          inf
#[Mean    =       12.388, StdDeviation   =       26.872]
#[Max     =      227.072, Total count    =      1172874]
#[Buckets =           27, SubBuckets     =         2048]
----------------------------------------------------------
  1384099 requests in 1.17m, 1.46GB read
Requests/sec:  19772.44
Transfer/sec:     21.38MB
