Running 1m test @ http://172.18.0.2:8080/work
  4 threads and 1024 connections
  Thread calibration: mean lat.: 1.952ms, rate sampling interval: 10ms
  Thread calibration: mean lat.: 1.944ms, rate sampling interval: 10ms
  Thread calibration: mean lat.: 1.892ms, rate sampling interval: 10ms
  Thread calibration: mean lat.: 1.920ms, rate sampling interval: 10ms
  Thread Stats   Avg      Stdev     Max   +/- Stdev
    Latency     1.89ms    1.16ms  30.14ms   73.16%
    Req/Sec   131.86k    17.08k  279.00k    67.95%
  Latency Distribution (HdrHistogram - Recorded Latency)
 50.000%    1.67ms
 75.000%    2.50ms
 90.000%    3.39ms
 99.000%    5.15ms
 99.900%   10.29ms
 99.990%   17.70ms
 99.999%   22.88ms
100.000%   30.16ms

  Detailed Percentile spectrum:
       Value   Percentile   TotalCount 1/(1-Percentile)

       0.010     0.000000            1         1.00
       0.675     0.100000      2940233         1.11
       0.937     0.200000      5880459         1.25
       1.188     0.300000      8811840         1.43
       1.428     0.400000     11752725         1.67
       1.670     0.500000     14682221         2.00
       1.807     0.550000     16157202         2.22
       1.958     0.600000     17620542         2.50
       2.119     0.650000     19084127         2.86
       2.295     0.700000     20561941         3.33
       2.497     0.750000     22026543         4.00
       2.613     0.775000     22763305         4.44
       2.741     0.800000     23496253         5.00
       2.881     0.825000     24226732         5.71
       3.033     0.850000     24961137         6.67
       3.199     0.875000     25695977         8.00
       3.289     0.887500     26058600         8.89
       3.387     0.900000     26424873        10.00
       3.495     0.912500     26794694        11.43
       3.615     0.925000     27162966        13.33
       3.749     0.937500     27526645        16.00
       3.825     0.943750     27710520        17.78
       3.909     0.950000     27893603        20.00
       4.005     0.956250     28078716        22.86
       4.111     0.962500     28259407        26.67
       4.235     0.968750     28443085        32.00
       4.307     0.971875     28535590        35.56
       4.387     0.975000     28627572        40.00
       4.483     0.978125     28720943        45.71
       4.599     0.981250     28812314        53.33
       4.743     0.984375     28902107        64.00
       4.835     0.985938     28948641        71.11
       4.939     0.987500     28993951        80.00
       5.063     0.989062     29039152        91.43
       5.219     0.990625     29085349       106.67
       5.423     0.992188     29131236       128.00
       5.551     0.992969     29153997       142.22
       5.703     0.993750     29176735       160.00
       5.895     0.994531     29199618       182.86
       6.135     0.995313     29222452       213.33
       6.447     0.996094     29245405       256.00
       6.655     0.996484     29256963       284.44
       6.903     0.996875     29268330       320.00
       7.211     0.997266     29279721       365.71
       7.611     0.997656     29291209       426.67
       8.119     0.998047     29302673       512.00
       8.439     0.998242     29308438       568.89
       8.807     0.998437     29314134       640.00
       9.239     0.998633     29319897       731.43
       9.751     0.998828     29325616       853.33
      10.359     0.999023     29331330      1024.00
      10.719     0.999121     29334231      1137.78
      11.095     0.999219     29337082      1280.00
      11.527     0.999316     29339966      1462.86
      12.055     0.999414     29342822      1706.67
      12.655     0.999512     29345675      2048.00
      12.983     0.999561     29347099      2275.56
      13.359     0.999609     29348545      2560.00
      13.783     0.999658     29349965      2925.71
      14.279     0.999707     29351398      3413.33
      14.847     0.999756     29352837      4096.00
      15.191     0.999780     29353562      4551.11
      15.551     0.999805     29354265      5120.00
      15.991     0.999829     29354985      5851.43
      16.511     0.999854     29355720      6826.67
      17.087     0.999878     29356420      8192.00
      17.423     0.999890     29356784      9102.22
      17.775     0.999902     29357142     10240.00
      18.143     0.999915     29357489     11702.86
      18.607     0.999927     29357858     13653.33
      19.055     0.999939     29358209     16384.00
      19.327     0.999945     29358384     18204.44
      19.631     0.999951     29358570     20480.00
      19.935     0.999957     29358746     23405.71
      20.271     0.999963     29358923     27306.67
      20.655     0.999969     29359102     32768.00
      20.879     0.999973     29359195     36408.89
      21.151     0.999976     29359283     40960.00
      21.407     0.999979     29359371     46811.43
      21.727     0.999982     29359459     54613.33
      22.063     0.999985     29359549     65536.00
      22.239     0.999986     29359593     72817.78
      22.543     0.999988     29359640     81920.00
      22.767     0.999989     29359685     93622.86
      23.055     0.999991     29359728    109226.67
      23.343     0.999992     29359775    131072.00
      23.551     0.999993     29359796    145635.56
      23.807     0.999994     29359817    163840.00
      24.079     0.999995     29359840    187245.71
      24.319     0.999995     29359862    218453.33
      24.687     0.999996     29359886    262144.00
      24.863     0.999997     29359896    291271.11
      25.103     0.999997     29359907    327680.00
      25.343     0.999997     29359918    374491.43
      25.711     0.999998     29359929    436906.67
      26.191     0.999998     29359941    524288.00
      26.383     0.999998     29359946    582542.22
      26.607     0.999998     29359952    655360.00
      26.735     0.999999     29359957    748982.86
      26.831     0.999999     29359963    873813.33
      26.959     0.999999     29359969   1048576.00
      27.055     0.999999     29359971   1165084.44
      27.215     0.999999     29359974   1310720.00
      27.423     0.999999     29359977   1497965.71
      27.583     0.999999     29359980   1747626.67
      27.839     1.000000     29359983   2097152.00
      27.919     1.000000     29359985   2330168.89
      27.919     1.000000     29359985   2621440.00
      28.015     1.000000     29359987   2995931.43
      28.159     1.000000     29359989   3495253.33
      28.239     1.000000     29359990   4194304.00
      28.239     1.000000     29359990   4660337.78
      28.255     1.000000     29359991   5242880.00
      28.719     1.000000     29359992   5991862.86
      28.719     1.000000     29359992   6990506.67
      28.815     1.000000     29359993   8388608.00
      28.815     1.000000     29359993   9320675.55
      28.847     1.000000     29359994  10485760.00
      28.847     1.000000     29359994  11983725.71
      28.847     1.000000     29359994  13981013.34
      29.487     1.000000     29359995  16777216.00
      29.487     1.000000     29359995  18641351.10
      29.487     1.000000     29359995  20971519.98
      29.487     1.000000     29359995  23967451.45
      29.487     1.000000     29359995  27962026.68
      30.159     1.000000     29359996  33554432.00
      30.159     1.000000     29359996          inf
#[Mean    =        1.894, StdDeviation   =        1.159]
#[Max     =       30.144, Total count    =     29359996]
#[Buckets =           27, SubBuckets     =         2048]
----------------------------------------------------------
  34680719 requests in 1.17m, 36.63GB read
Requests/sec: 495440.76
Transfer/sec:    535.80MB
