Running 1m test @ http://172.18.0.2:8080/work
  4 threads and 1024 connections
  Thread calibration: mean lat.: 2.223ms, rate sampling interval: 10ms
  Thread calibration: mean lat.: 2.335ms, rate sampling interval: 10ms
  Thread calibration: mean lat.: 2.175ms, rate sampling interval: 10ms
  Thread calibration: mean lat.: 2.309ms, rate sampling interval: 10ms
  Thread Stats   Avg      Stdev     Max   +/- Stdev
    Latency     2.72ms    3.21ms  65.60ms   94.19%
    Req/Sec   158.30k    26.14k  317.33k    71.59%
  Latency Distribution (HdrHistogram - Recorded Latency)
 50.000%    2.02ms
 75.000%    3.18ms
 90.000%    4.76ms
 99.000%   15.06ms
 99.900%   41.98ms
 99.990%   51.81ms
 99.999%   57.09ms
100.000%   65.66ms

  Detailed Percentile spectrum:
       Value   Percentile   TotalCount 1/(1-Percentile)

       0.008     0.000000            1         1.00
       0.814     0.100000      3528881         1.11
       1.141     0.200000      7055445         1.25
       1.429     0.300000     10572773         1.43
       1.707     0.400000     14100726         1.67
       2.022     0.500000     17623796         2.00
       2.197     0.550000     19394380         2.22
       2.387     0.600000     21152465         2.50
       2.605     0.650000     22909549         2.86
       2.865     0.700000     24667957         3.33
       3.177     0.750000     26431998         4.00
       3.355     0.775000     27309508         4.44
       3.551     0.800000     28186698         5.00
       3.777     0.825000     29072336         5.71
       4.039     0.850000     29948183         6.67
       4.355     0.875000     30828324         8.00
       4.543     0.887500     31269498         8.89
       4.763     0.900000     31710203        10.00
       5.031     0.912500     32150446        11.43
       5.359     0.925000     32590139        13.33
       5.763     0.937500     33030339        16.00
       6.003     0.943750     33250685        17.78
       6.283     0.950000     33471896        20.00
       6.619     0.956250     33691533        22.86
       7.051     0.962500     33911355        26.67
       7.643     0.968750     34131368        32.00
       8.035     0.971875     34241721        35.56
       8.519     0.975000     34352441        40.00
       9.127     0.978125     34461752        45.71
       9.943     0.981250     34572327        53.33
      11.087     0.984375     34681873        64.00
      11.855     0.985938     34736700        71.11
      12.831     0.987500     34791683        80.00
      14.095     0.989062     34846749        91.43
      15.815     0.990625     34901872       106.67
      18.191     0.992188     34957054       128.00
      19.695     0.992969     34984405       142.22
      21.487     0.993750     35011859       160.00
      23.567     0.994531     35039491       182.86
      25.935     0.995313     35066869       213.33
      28.543     0.996094     35094402       256.00
      29.935     0.996484     35108207       284.44
      31.423     0.996875     35122040       320.00
      32.991     0.997266     35135895       365.71
      34.623     0.997656     35149580       426.67
      36.447     0.998047     35163397       512.00
      37.439     0.998242     35170186       568.89
      38.527     0.998437     35177104       640.00
      39.647     0.998633     35183882       731.43
      40.831     0.998828     35190798       853.33
      42.111     0.999023     35197635      1024.00
      42.815     0.999121     35201175      1137.78
      43.519     0.999219     35204502      1280.00
      44.319     0.999316     35208076      1462.86
      45.119     0.999414     35211391      1706.67
      46.047     0.999512     35214883      2048.00
      46.527     0.999561     35216593      2275.56
      47.039     0.999609     35218287      2560.00
      47.647     0.999658     35219979      2925.71
      48.351     0.999707     35221732      3413.33
      49.055     0.999756     35223428      4096.00
      49.439     0.999780     35224282      4551.11
      49.855     0.999805     35225166      5120.00
      50.271     0.999829     35226000      5851.43
      50.783     0.999854     35226914      6826.67
      51.263     0.999878     35227752      8192.00
      51.551     0.999890     35228184      9102.22
      51.839     0.999902     35228585     10240.00
      52.191     0.999915     35229031     11702.86
      52.543     0.999927     35229447     13653.33
      52.959     0.999939     35229897     16384.00
      53.151     0.999945     35230092     18204.44
      53.343     0.999951     35230299     20480.00
      53.631     0.999957     35230536     23405.71
      53.919     0.999963     35230750     27306.67
      54.271     0.999969     35230955     32768.00
      54.527     0.999973     35231061     36408.89
      54.815     0.999976     35231165     40960.00
      55.103     0.999979     35231272     46811.43
      55.487     0.999982     35231375     54613.33
      55.935     0.999985     35231483     65536.00
      56.287     0.999986     35231538     72817.78
      56.607     0.999988     35231594     81920.00
      56.927     0.999989     35231644     93622.86
      57.247     0.999991     35231696    109226.67
      57.727     0.999992     35231750    131072.00
      58.015     0.999993     35231781    145635.56
      58.303     0.999994     35231803    163840.00
      58.751     0.999995     35231830    187245.71
      59.391     0.999995     35231859    218453.33
      60.095     0.999996     35231886    262144.00
      60.479     0.999997     35231899    291271.11
      60.799     0.999997     35231912    327680.00
      61.087     0.999997     35231924    374491.43
      61.311     0.999998     35231939    436906.67
      61.599     0.999998     35231952    524288.00
      61.759     0.999998     35231958    582542.22
      61.823     0.999998     35231965    655360.00
      61.951     0.999999     35231971    748982.86
      62.303     0.999999     35231978    873813.33
      62.719     0.999999     35231985   1048576.00
      62.815     0.999999     35231989   1165084.44
      63.039     0.999999     35231992   1310720.00
      63.103     0.999999     35231995   1497965.71
      63.199     0.999999     35231998   1747626.67
      63.391     1.000000     35232002   2097152.00
      63.423     1.000000     35232004   2330168.89
      63.519     1.000000     35232005   2621440.00
      63.711     1.000000     35232008   2995931.43
      63.711     1.000000     35232008   3495253.33
      63.775     1.000000     35232010   4194304.00
      63.871     1.000000     35232011   4660337.78
      63.903     1.000000     35232012   5242880.00
      63.935     1.000000     35232013   5991862.86
      63.935     1.000000     35232013   6990506.67
      64.159     1.000000     35232014   8388608.00
      64.223     1.000000     35232015   9320675.55
      64.223     1.000000     35232015  10485760.00
      64.287     1.000000     35232016  11983725.71
      64.287     1.000000     35232016  13981013.34
      64.287     1.000000     35232016  16777216.00
      65.215     1.000000     35232017  18641351.10
      65.215     1.000000     35232017  20971519.98
      65.215     1.000000     35232017  23967451.45
      65.215     1.000000     35232017  27962026.68
      65.215     1.000000     35232017  33554432.00
      65.663     1.000000     35232018  37282702.28
      65.663     1.000000     35232018          inf
#[Mean    =        2.718, StdDeviation   =        3.206]
#[Max     =       65.600, Total count    =     35232018]
#[Buckets =           27, SubBuckets     =         2048]
----------------------------------------------------------
  41616454 requests in 1.17m, 43.95GB read
Requests/sec: 594515.05
Transfer/sec:    642.95MB
