Running 1m test @ http://172.18.0.2:8080/work
  4 threads and 1024 connections
  Thread calibration: mean lat.: 3.368ms, rate sampling interval: 12ms
  Thread calibration: mean lat.: 4.216ms, rate sampling interval: 14ms
  Thread calibration: mean lat.: 3.435ms, rate sampling interval: 13ms
  Thread calibration: mean lat.: 3.533ms, rate sampling interval: 13ms
  Thread Stats   Avg      Stdev     Max   +/- Stdev
    Latency     4.55ms    6.45ms  99.97ms   93.34%
    Req/Sec   169.20k    28.50k  296.25k    69.88%
  Latency Distribution (HdrHistogram - Recorded Latency)
 50.000%    2.77ms
 75.000%    4.79ms
 90.000%    8.30ms
 99.000%   36.64ms
 99.900%   63.49ms
 99.990%   80.83ms
 99.999%   90.43ms
100.000%  100.03ms

  Detailed Percentile spectrum:
       Value   Percentile   TotalCount 1/(1-Percentile)

       0.011     0.000000            2         1.00
       1.021     0.100000      3823460         1.11
       1.461     0.200000      7641934         1.25
       1.849     0.300000     11451477         1.43
       2.281     0.400000     15276292         1.67
       2.769     0.500000     19092780         2.00
       3.059     0.550000     20996356         2.22
       3.389     0.600000     22905760         2.50
       3.771     0.650000     24808609         2.86
       4.231     0.700000     26722745         3.33
       4.795     0.750000     28623926         4.00
       5.135     0.775000     29586155         4.44
       5.519     0.800000     30537059         5.00
       5.971     0.825000     31491221         5.71
       6.523     0.850000     32441192         6.67
       7.251     0.875000     33394219         8.00
       7.723     0.887500     33872668         8.89
       8.303     0.900000     34351193        10.00
       9.047     0.912500     34827009        11.43
      10.063     0.925000     35304042        13.33
      11.567     0.937500     35779707        16.00
      12.623     0.943750     36017852        17.78
      13.975     0.950000     36256328        20.00
      15.695     0.956250     36494471        22.86
      17.855     0.962500     36732404        26.67
      20.543     0.968750     36971877        32.00
      22.079     0.971875     37090906        35.56
      23.759     0.975000     37209433        40.00
      25.679     0.978125     37329122        45.71
      27.855     0.981250     37447896        53.33
      30.447     0.984375     37567449        64.00
      31.919     0.985938     37626812        71.11
      33.567     0.987500     37687147        80.00
      35.391     0.989062     37745871        91.43
      37.535     0.990625     37806207       106.67
      39.935     0.992188     37865683       128.00
      41.279     0.992969     37895265       142.22
      42.783     0.993750     37925234       160.00
      44.415     0.994531     37954598       182.86
      46.303     0.995313     37984799       213.33
      48.415     0.996094     38014415       256.00
      49.599     0.996484     38029367       284.44
      50.911     0.996875     38044268       320.00
      52.351     0.997266     38059137       365.71
      53.983     0.997656     38073868       426.67
      55.871     0.998047     38088756       512.00
      56.991     0.998242     38096219       568.89
      58.303     0.998437     38103687       640.00
      59.839     0.998633     38111219       731.43
      61.631     0.998828     38118554       853.33
      63.775     0.999023     38126084      1024.00
      64.927     0.999121     38129727      1137.78
      66.303     0.999219     38133632      1280.00
      67.647     0.999316     38137241      1462.86
      69.119     0.999414     38140950      1706.67
      70.719     0.999512     38144638      2048.00
      71.615     0.999561     38146580      2275.56
      72.575     0.999609     38148476      2560.00
      73.471     0.999658     38150244      2925.71
      74.559     0.999707     38152146      3413.33
      75.775     0.999756     38153958      4096.00
      76.415     0.999780     38154876      4551.11
      77.183     0.999805     38155894      5120.00
      77.951     0.999829     38156778      5851.43
      78.783     0.999854     38157693      6826.67
      79.743     0.999878     38158629      8192.00
      80.319     0.999890     38159088      9102.22
      80.959     0.999902     38159564     10240.00
      81.599     0.999915     38160002     11702.86
      82.303     0.999927     38160468     13653.33
      83.071     0.999939     38160937     16384.00
      83.583     0.999945     38161167     18204.44
      84.095     0.999951     38161405     20480.00
      84.671     0.999957     38161631     23405.71
      85.247     0.999963     38161868     27306.67
      85.887     0.999969     38162098     32768.00
      86.271     0.999973     38162215     36408.89
      86.783     0.999976     38162334     40960.00
      87.359     0.999979     38162459     46811.43
      87.871     0.999982     38162573     54613.33
      88.703     0.999985     38162686     65536.00
      89.087     0.999986     38162742     72817.78
      89.663     0.999988     38162796     81920.00
      90.303     0.999989     38162861     93622.86
      90.815     0.999991     38162921    109226.67
      91.391     0.999992     38162977    131072.00
      91.711     0.999993     38163007    145635.56
      92.031     0.999994     38163035    163840.00
      92.415     0.999995     38163059    187245.71
      92.863     0.999995     38163088    218453.33
      93.375     0.999996     38163118    262144.00
      93.631     0.999997     38163134    291271.11
      93.887     0.999997     38163145    327680.00
      94.207     0.999997     38163160    374491.43
      94.591     0.999998     38163176    436906.67
      94.975     0.999998     38163189    524288.00
      95.231     0.999998     38163196    582542.22
      95.679     0.999998     38163205    655360.00
      95.999     0.999999     38163211    748982.86
      96.319     0.999999     38163219    873813.33
      96.703     0.999999     38163225   1048576.00
      96.959     0.999999     38163230   1165084.44
      97.087     0.999999     38163232   1310720.00
      97.279     0.999999     38163237   1497965.71
      97.407     0.999999     38163240   1747626.67
      97.663     1.000000     38163243   2097152.00
      97.727     1.000000     38163245   2330168.89
      97.855     1.000000     38163248   2621440.00
      97.919     1.000000     38163249   2995931.43
      98.175     1.000000     38163251   3495253.33
      98.239     1.000000     38163252   4194304.00
      98.367     1.000000     38163253   4660337.78
      98.495     1.000000     38163254   5242880.00
      98.623     1.000000     38163255   5991862.86
      98.687     1.000000     38163256   6990506.67
      98.879     1.000000     38163257   8388608.00
      98.879     1.000000     38163257   9320675.55
      98.943     1.000000     38163258  10485760.00
      98.943     1.000000     38163258  11983725.71
      99.007     1.000000     38163259  13981013.34
      99.007     1.000000     38163259  16777216.00
      99.007     1.000000     38163259  18641351.10
      99.455     1.000000     38163260  20971519.98
      99.455     1.000000     38163260  23967451.45
      99.455     1.000000     38163260  27962026.68
      99.455     1.000000     38163260  33554432.00
      99.455     1.000000     38163260  37282702.28
     100.031     1.000000     38163261  41943039.96
     100.031     1.000000     38163261          inf
#[Mean    =        4.550, StdDeviation   =        6.448]
#[Max     =       99.968, Total count    =     38163261]
#[Buckets =           27, SubBuckets     =         2048]
----------------------------------------------------------
  45016023 requests in 1.17m, 47.54GB read
Requests/sec: 643089.41
Transfer/sec:    695.48MB
