Running 1m test @ http://172.18.0.2:8080/work
  4 threads and 1024 connections
  Thread calibration: mean lat.: 4.801ms, rate sampling interval: 17ms
  Thread calibration: mean lat.: 3.600ms, rate sampling interval: 13ms
  Thread calibration: mean lat.: 4.239ms, rate sampling interval: 15ms
  Thread calibration: mean lat.: 3.645ms, rate sampling interval: 13ms
  Thread Stats   Avg      Stdev     Max   +/- Stdev
    Latency     7.04ms    9.80ms 129.92ms   90.23%
    Req/Sec   168.60k    29.88k  280.92k    68.78%
  Latency Distribution (HdrHistogram - Recorded Latency)
 50.000%    3.82ms
 75.000%    7.11ms
 90.000%   16.53ms
 99.000%   49.25ms
 99.900%   90.62ms
 99.990%  109.06ms
 99.999%  118.40ms
100.000%  129.98ms

  Detailed Percentile spectrum:
       Value   Percentile   TotalCount 1/(1-Percentile)

       0.011     0.000000            1         1.00
       1.257     0.100000      3821411         1.11
       1.828     0.200000      7635992         1.25
       2.419     0.300000     11453073         1.43
       3.063     0.400000     15267541         1.67
       3.819     0.500000     19080396         2.00
       4.263     0.550000     20988265         2.22
       4.775     0.600000     22905299         2.50
       5.375     0.650000     24808559         2.86
       6.119     0.700000     26717450         3.33
       7.111     0.750000     28622769         4.00
       7.771     0.775000     29574929         4.44
       8.607     0.800000     30527185         5.00
       9.711     0.825000     31480343         5.71
      11.239     0.850000     32435565         6.67
      13.423     0.875000     33389485         8.00
      14.839     0.887500     33866375         8.89
      16.527     0.900000     34345380        10.00
      18.479     0.912500     34819956        11.43
      20.767     0.925000     35297071        13.33
      23.487     0.937500     35774420        16.00
      25.055     0.943750     36013513        17.78
      26.767     0.950000     36251000        20.00
      28.671     0.956250     36489249        22.86
      30.831     0.962500     36727329        26.67
      33.407     0.968750     36967317        32.00
      34.879     0.971875     37086105        35.56
      36.511     0.975000     37205557        40.00
      38.367     0.978125     37324359        45.71
      40.511     0.981250     37442533        53.33
      43.071     0.984375     37562549        64.00
      44.511     0.985938     37621258        71.11
      46.175     0.987500     37681691        80.00
      47.999     0.989062     37740459        91.43
      50.143     0.990625     37800328       106.67
      52.703     0.992188     37859802       128.00
      54.239     0.992969     37889892       142.22
      56.031     0.993750     37919592       160.00
      58.143     0.994531     37949051       182.86
      60.799     0.995313     37979012       213.33
      64.223     0.996094     38008669       256.00
      66.431     0.996484     38023526       284.44
      69.119     0.996875     38038633       320.00
      72.127     0.997266     38053344       365.71
      75.647     0.997656     38068380       426.67
      79.551     0.998047     38083281       512.00
      81.599     0.998242     38090592       568.89
      83.903     0.998437     38098173       640.00
      86.207     0.998633     38105657       731.43
      88.575     0.998828     38113137       853.33
      90.943     0.999023     38120452      1024.00
      92.223     0.999121     38124287      1137.78
      93.503     0.999219     38127895      1280.00
      94.975     0.999316     38131607      1462.86
      96.511     0.999414     38135351      1706.67
      98.239     0.999512     38139140      2048.00
      99.199     0.999561     38140953      2275.56
     100.223     0.999609     38142835      2560.00
     101.247     0.999658     38144631      2925.71
     102.399     0.999707     38146568      3413.33
     103.615     0.999756     38148398      4096.00
     104.255     0.999780     38149306      4551.11
     105.023     0.999805     38150229      5120.00
     105.855     0.999829     38151154      5851.43
     106.815     0.999854     38152116      6826.67
     107.839     0.999878     38153008      8192.00
     108.543     0.999890     38153514      9102.22
     109.183     0.999902     38153956     10240.00
     109.951     0.999915     38154414     11702.86
     110.783     0.999927     38154869     13653.33
     111.679     0.999939     38155333     16384.00
     112.191     0.999945     38155562     18204.44
     112.831     0.999951     38155805     20480.00
     113.343     0.999957     38156033     23405.71
     113.983     0.999963     38156277     27306.67
     114.751     0.999969     38156509     32768.00
     115.199     0.999973     38156627     36408.89
     115.583     0.999976     38156728     40960.00
     116.031     0.999979     38156843     46811.43
     116.607     0.999982     38156974     54613.33
     117.119     0.999985     38157082     65536.00
     117.503     0.999986     38157143     72817.78
     117.887     0.999988     38157199     81920.00
     118.271     0.999989     38157258     93622.86
     118.783     0.999991     38157315    109226.67
     119.359     0.999992     38157369    131072.00
     119.807     0.999993     38157398    145635.56
     120.255     0.999994     38157425    163840.00
     120.767     0.999995     38157456    187245.71
     121.343     0.999995     38157483    218453.33
     121.919     0.999996     38157514    262144.00
     122.367     0.999997     38157526    291271.11
     122.751     0.999997     38157541    327680.00
     123.263     0.999997     38157556    374491.43
     123.711     0.999998     38157570    436906.67
     124.415     0.999998     38157586    524288.00
     124.607     0.999998     38157592    582542.22
     124.863     0.999998     38157600    655360.00
     125.183     0.999999     38157607    748982.86
     125.503     0.999999     38157616    873813.33
     125.887     0.999999     38157622   1048576.00
     126.015     0.999999     38157625   1165084.44
     126.079     0.999999     38157628   1310720.00
     126.271     0.999999     38157634   1497965.71
     126.399     0.999999     38157637   1747626.67
     126.591     1.000000     38157639   2097152.00
     126.847     1.000000     38157642   2330168.89
     127.039     1.000000     38157643   2621440.00
     127.103     1.000000     38157646   2995931.43
     127.487     1.000000     38157647   3495253.33
     127.551     1.000000     38157648   4194304.00
     127.615     1.000000     38157649   4660337.78
     127.679     1.000000     38157650   5242880.00
     128.063     1.000000     38157651   5991862.86
     128.191     1.000000     38157652   6990506.67
     128.255     1.000000     38157653   8388608.00
     128.255     1.000000     38157653   9320675.55
     128.575     1.000000     38157654  10485760.00
     128.575     1.000000     38157654  11983725.71
     129.471     1.000000     38157655  13981013.34
     129.471     1.000000     38157655  16777216.00
     129.471     1.000000     38157655  18641351.10
     129.599     1.000000     38157656  20971519.98
     129.599     1.000000     38157656  23967451.45
     129.599     1.000000     38157656  27962026.68
     129.599     1.000000     38157656  33554432.00
     129.599     1.000000     38157656  37282702.28
     129.983     1.000000     38157657  41943039.96
     129.983     1.000000     38157657          inf
#[Mean    =        7.038, StdDeviation   =        9.803]
#[Max     =      129.920, Total count    =     38157657]
#[Buckets =           27, SubBuckets     =         2048]
----------------------------------------------------------
  45009384 requests in 1.17m, 47.54GB read
Requests/sec: 642996.15
Transfer/sec:    695.38MB
