Running 1m test @ http://172.18.0.2:8080/work
  4 threads and 1024 connections
  Thread calibration: mean lat.: 1.841ms, rate sampling interval: 10ms
  Thread calibration: mean lat.: 1.844ms, rate sampling interval: 10ms
  Thread calibration: mean lat.: 1.808ms, rate sampling interval: 10ms
  Thread calibration: mean lat.: 1.834ms, rate sampling interval: 10ms
  Thread Stats   Avg      Stdev     Max   +/- Stdev
    Latency     1.95ms    1.13ms  34.88ms   72.50%
    Req/Sec    52.62k     5.96k  212.33k    73.54%
  Latency Distribution (HdrHistogram - Recorded Latency)
 50.000%    1.80ms
 75.000%    2.66ms
 90.000%    3.35ms
 99.000%    4.56ms
 99.900%    5.60ms
 99.990%   29.42ms
 99.999%   33.76ms
100.000%   34.91ms

  Detailed Percentile spectrum:
       Value   Percentile   TotalCount 1/(1-Percentile)

       0.026     0.000000            1         1.00
       0.751     0.100000      1175661         1.11
       0.979     0.200000      2351752         1.25
       1.209     0.300000      3524506         1.43
       1.476     0.400000      4698083         1.67
       1.797     0.500000      5874695         2.00
       1.966     0.550000      6460715         2.22
       2.137     0.600000      7048833         2.50
       2.309     0.650000      7639239         2.86
       2.479     0.700000      8221676         3.33
       2.661     0.750000      8810583         4.00
       2.757     0.775000      9102673         4.44
       2.857     0.800000      9396143         5.00
       2.963     0.825000      9693750         5.71
       3.073     0.850000      9983810         6.67
       3.199     0.875000     10278458         8.00
       3.269     0.887500     10423073         8.89
       3.347     0.900000     10571030        10.00
       3.431     0.912500     10718246        11.43
       3.521     0.925000     10864190        13.33
       3.623     0.937500     11010372        16.00
       3.681     0.943750     11084070        17.78
       3.747     0.950000     11157802        20.00
       3.823     0.956250     11231224        22.86
       3.907     0.962500     11303512        26.67
       4.005     0.968750     11378252        32.00
       4.057     0.971875     11414313        35.56
       4.115     0.975000     11451636        40.00
       4.179     0.978125     11488057        45.71
       4.255     0.981250     11525413        53.33
       4.343     0.984375     11560884        64.00
       4.395     0.985938     11579141        71.11
       4.455     0.987500     11598101        80.00
       4.515     0.989062     11615448        91.43
       4.587     0.990625     11634172       106.67
       4.671     0.992188     11652694       128.00
       4.715     0.992969     11661443       142.22
       4.767     0.993750     11670843       160.00
       4.823     0.994531     11679710       182.86
       4.895     0.995313     11689272       213.33
       4.975     0.996094     11698194       256.00
       5.019     0.996484     11702655       284.44
       5.071     0.996875     11707527       320.00
       5.123     0.997266     11712084       365.71
       5.179     0.997656     11716591       426.67
       5.247     0.998047     11721066       512.00
       5.291     0.998242     11723356       568.89
       5.343     0.998437     11725643       640.00
       5.407     0.998633     11727899       731.43
       5.495     0.998828     11730163       853.33
       5.619     0.999023     11732443      1024.00
       5.707     0.999121     11733556      1137.78
       5.887     0.999219     11734690      1280.00
       6.711     0.999316     11735834      1462.86
      10.167     0.999414     11736978      1706.67
      13.599     0.999512     11738124      2048.00
      15.543     0.999561     11738699      2275.56
      17.743     0.999609     11739271      2560.00
      19.775     0.999658     11739847      2925.71
      21.583     0.999707     11740423      3413.33
      23.503     0.999756     11740996      4096.00
      24.543     0.999780     11741281      4551.11
      25.599     0.999805     11741568      5120.00
      26.527     0.999829     11741852      5851.43
      27.471     0.999854     11742138      6826.67
      28.511     0.999878     11742426      8192.00
      29.055     0.999890     11742569      9102.22
      29.503     0.999902     11742717     10240.00
      29.807     0.999915     11742855     11702.86
      30.175     0.999927     11742998     13653.33
      30.703     0.999939     11743142     16384.00
      31.039     0.999945     11743214     18204.44
      31.423     0.999951     11743285     20480.00
      31.743     0.999957     11743358     23405.71
      32.175     0.999963     11743431     27306.67
      32.511     0.999969     11743501     32768.00
      32.703     0.999973     11743539     36408.89
      32.863     0.999976     11743572     40960.00
      33.087     0.999979     11743608     46811.43
      33.311     0.999982     11743650     54613.33
      33.439     0.999985     11743683     65536.00
      33.503     0.999986     11743697     72817.78
      33.663     0.999988     11743721     81920.00
      33.727     0.999989     11743738     93622.86
      33.823     0.999991     11743759    109226.67
      33.887     0.999992     11743773    131072.00
      33.919     0.999993     11743782    145635.56
      33.951     0.999994     11743791    163840.00
      33.983     0.999995     11743796    187245.71
      34.047     0.999995     11743807    218453.33
      34.111     0.999996     11743822    262144.00
      34.111     0.999997     11743822    291271.11
      34.143     0.999997     11743826    327680.00
      34.175     0.999997     11743830    374491.43
      34.239     0.999998     11743833    436906.67
      34.271     0.999998     11743836    524288.00
      34.303     0.999998     11743839    582542.22
      34.335     0.999998     11743841    655360.00
      34.367     0.999999     11743843    748982.86
      34.399     0.999999     11743845    873813.33
      34.431     0.999999     11743848   1048576.00
      34.431     0.999999     11743848   1165084.44
      34.527     0.999999     11743851   1310720.00
      34.527     0.999999     11743851   1497965.71
      34.559     0.999999     11743852   1747626.67
      34.591     1.000000     11743853   2097152.00
      34.591     1.000000     11743853   2330168.89
      34.655     1.000000     11743854   2621440.00
      34.687     1.000000     11743855   2995931.43
      34.687     1.000000     11743855   3495253.33
      34.719     1.000000     11743856   4194304.00
      34.719     1.000000     11743856   4660337.78
      34.719     1.000000     11743856   5242880.00
      34.783     1.000000     11743857   5991862.86
      34.783     1.000000     11743857   6990506.67
      34.783     1.000000     11743857   8388608.00
      34.783     1.000000     11743857   9320675.55
      34.783     1.000000     11743857  10485760.00
      34.911     1.000000     11743858  11983725.71
      34.911     1.000000     11743858          inf
#[Mean    =        1.950, StdDeviation   =        1.130]
#[Max     =       34.880, Total count    =     11743858]
#[Buckets =           27, SubBuckets     =         2048]
----------------------------------------------------------
  13853031 requests in 1.17m, 14.63GB read
Requests/sec: 197897.62
Transfer/sec:    214.02MB
